<html>
<body>
<pre>
<h1>µVision Build Log</h1>
<h2>Tool Versions:</h2>
IDE-Version: ¦ÌVision V5.25.2.0
Copyright (C) 2018 ARM Ltd and ARM Germany GmbH. All rights reserved.
License Information: 1 Lenovo, 1, LIC=585FJ-U4MEH-Y8IFK-ZKNA6-F38TQ-H8M00
 
Tool Versions:
Toolchain:       MDK-ARM Plus  Version: 5.25.2.0
Toolchain Path:  d:\Keil_v5\ARM\ARMCLANG\Bin
C Compiler:      ArmClang.exe V6.9
Assembler:       Armasm.exe V6.9
Linker/Locator:  ArmLink.exe V6.9
Library Manager: ArmAr.exe V6.9
Hex Converter:   FromElf.exe V6.9
CPU DLL:         SARMCM3.DLL V5.25.2.0
Dialog DLL:      DCM.DLL V1.17.1.0
Target DLL:      STLink\ST-LINKIII-KEIL_SWO.dll V3.0.1.0
Dialog DLL:      TCM.DLL V1.35.1.0
 
<h2>Project:</h2>
E:\work_code_project\RTLS1_ULM1\V70\ULM3_V70\MDK-ARM\HR-RTLS1_DW3000.uvprojx
Project File Date:  08/16/2023

<h2>Output:</h2>
*** Using Compiler 'V6.9', folder: 'd:\Keil_v5\ARM\ARMCLANG\Bin'
Build target 'HR-RTLS1_DW3000'
compiling cw2015.c...
compiling instance_anchor.c...
compiling dw_main.c...
compiling kalman.c...
compiling main.c...
compiling usart.c...
compiling e2prom.c...
compiling instance_tag.c...
compiling trilateration.c...
linking...
Program Size: Code=67028 RO-data=3640 RW-data=204 ZI-data=7284  
FromELF: creating hex file...
"HR-RTLS1_DW3000\HR-RTLS1_DW3000.axf" - 0 Error(s), 0 Warning(s).

<h2>Software Packages used:</h2>

Package Vendor: ARM
                http://www.keil.com/pack/ARM.CMSIS.5.3.0.pack
                ARM.CMSIS.5.3.0
                CMSIS (Cortex Microcontroller Software Interface Standard)
   * Component: CORE Version: 5.1.1

Package Vendor: Keil
                http://www.keil.com/pack/Keil.STM32F1xx_DFP.2.3.0.pack
                Keil.STM32F1xx_DFP.2.3.0
                STMicroelectronics STM32F1 Series Device Support, Drivers and Examples

<h2>Collection of Component include folders:</h2>
  .\RTE\_HR-RTLS1_DW3000
  d:\Keil_v5\ARM\PACK\ARM\CMSIS\5.3.0\CMSIS\Include
  d:\Keil_v5\ARM\PACK\Keil\STM32F1xx_DFP\2.3.0\Device\Include

<h2>Collection of Component Files used:</h2>

   * Component: ARM::CMSIS:CORE:5.1.1
Build Time Elapsed:  00:00:01
</pre>
</body>
</html>
