Component: ARM Compiler 6.15 Tool: armlink [5dd79300]

==============================================================================

Section Cross References

    startup_stm32f103xb.o(RESET) refers to startup_stm32f103xb.o(STACK) for __initial_sp
    startup_stm32f103xb.o(RESET) refers to startup_stm32f103xb.o(.text) for Reset_Handler
    startup_stm32f103xb.o(RESET) refers to stm32f1xx_it.o(.text.NMI_Handler) for NMI_Handler
    startup_stm32f103xb.o(RESET) refers to stm32f1xx_it.o(.text.HardFault_Handler) for HardFault_Handler
    startup_stm32f103xb.o(RESET) refers to stm32f1xx_it.o(.text.MemManage_Handler) for MemManage_Handler
    startup_stm32f103xb.o(RESET) refers to stm32f1xx_it.o(.text.BusFault_Handler) for BusFault_Handler
    startup_stm32f103xb.o(RESET) refers to stm32f1xx_it.o(.text.UsageFault_Handler) for UsageFault_Handler
    startup_stm32f103xb.o(RESET) refers to stm32f1xx_it.o(.text.SVC_Handler) for SVC_Handler
    startup_stm32f103xb.o(RESET) refers to stm32f1xx_it.o(.text.DebugMon_Handler) for DebugMon_Handler
    startup_stm32f103xb.o(RESET) refers to stm32f1xx_it.o(.text.PendSV_Handler) for PendSV_Handler
    startup_stm32f103xb.o(RESET) refers to stm32f1xx_it.o(.text.SysTick_Handler) for SysTick_Handler
    startup_stm32f103xb.o(RESET) refers to stm32f1xx_it.o(.text.EXTI0_IRQHandler) for EXTI0_IRQHandler
    startup_stm32f103xb.o(RESET) refers to stm32f1xx_it.o(.text.DMA1_Channel6_IRQHandler) for DMA1_Channel6_IRQHandler
    startup_stm32f103xb.o(RESET) refers to stm32f1xx_it.o(.text.DMA1_Channel7_IRQHandler) for DMA1_Channel7_IRQHandler
    startup_stm32f103xb.o(RESET) refers to stm32f1xx_it.o(.text.EXTI9_5_IRQHandler) for EXTI9_5_IRQHandler
    startup_stm32f103xb.o(RESET) refers to stm32f1xx_it.o(.text.USART2_IRQHandler) for USART2_IRQHandler
    startup_stm32f103xb.o(.text) refers to system_stm32f1xx.o(.text.SystemInit) for SystemInit
    startup_stm32f103xb.o(.text) refers to entry.o(.ARM.Collect$$$$00000000) for __main
    main.o(.text.main) refers to stm32f1xx_hal.o(.text.HAL_Init) for HAL_Init
    main.o(.text.main) refers to main.o(.text.SystemClock_Config) for SystemClock_Config
    main.o(.text.main) refers to gpio.o(.text.MX_GPIO_Init) for MX_GPIO_Init
    main.o(.text.main) refers to dma.o(.text.MX_DMA_Init) for MX_DMA_Init
    main.o(.text.main) refers to spi.o(.text.MX_SPI1_Init) for MX_SPI1_Init
    main.o(.text.main) refers to usart.o(.text.MX_USART2_UART_Init) for MX_USART2_UART_Init
    main.o(.text.main) refers to i2c.o(.text.MX_I2C1_Init) for MX_I2C1_Init
    main.o(.text.main) refers to ssd1306.o(.text.SSD1306_Init) for SSD1306_Init
    main.o(.text.main) refers to ssd1306.o(.bss.USE_OLED) for USE_OLED
    main.o(.text.main) refers to usart.o(.bss.huart2) for huart2
    main.o(.text.main) refers to dw_main.o(.bss.UART_RX_BUF) for UART_RX_BUF
    main.o(.text.main) refers to stm32f1xx_hal_uart.o(.text.HAL_UART_Receive_DMA) for HAL_UART_Receive_DMA
    main.o(.text.main) refers to port.o(.text.port_DisableEXT_IRQ) for port_DisableEXT_IRQ
    main.o(.text.main) refers to port.o(.text.setup_DWICRSTnIRQ) for setup_DWICRSTnIRQ
    main.o(.text.main) refers to dw_main.o(.text.dw_main) for dw_main
    main.o(.ARM.exidx.text.main) refers to main.o(.text.main) for [Anonymous Symbol]
    main.o(.text.SystemClock_Config) refers to memseta.o(.text) for __aeabi_memclr4
    main.o(.text.SystemClock_Config) refers to stm32f1xx_hal_rcc.o(.text.HAL_RCC_OscConfig) for HAL_RCC_OscConfig
    main.o(.text.SystemClock_Config) refers to main.o(.text.Error_Handler) for Error_Handler
    main.o(.text.SystemClock_Config) refers to stm32f1xx_hal_rcc.o(.text.HAL_RCC_ClockConfig) for HAL_RCC_ClockConfig
    main.o(.ARM.exidx.text.SystemClock_Config) refers to main.o(.text.SystemClock_Config) for [Anonymous Symbol]
    main.o(.ARM.exidx.text.Error_Handler) refers to main.o(.text.Error_Handler) for [Anonymous Symbol]
    main.o(.ARM.exidx.text.assert_failed) refers to main.o(.text.assert_failed) for [Anonymous Symbol]
    gpio.o(.text.MX_GPIO_Init) refers to stm32f1xx_hal_gpio.o(.text.HAL_GPIO_WritePin) for HAL_GPIO_WritePin
    gpio.o(.text.MX_GPIO_Init) refers to stm32f1xx_hal_gpio.o(.text.HAL_GPIO_Init) for HAL_GPIO_Init
    gpio.o(.text.MX_GPIO_Init) refers to stm32f1xx_hal_cortex.o(.text.HAL_NVIC_SetPriority) for HAL_NVIC_SetPriority
    gpio.o(.text.MX_GPIO_Init) refers to stm32f1xx_hal_cortex.o(.text.HAL_NVIC_EnableIRQ) for HAL_NVIC_EnableIRQ
    gpio.o(.ARM.exidx.text.MX_GPIO_Init) refers to gpio.o(.text.MX_GPIO_Init) for [Anonymous Symbol]
    dma.o(.text.MX_DMA_Init) refers to stm32f1xx_hal_cortex.o(.text.HAL_NVIC_SetPriority) for HAL_NVIC_SetPriority
    dma.o(.text.MX_DMA_Init) refers to stm32f1xx_hal_cortex.o(.text.HAL_NVIC_EnableIRQ) for HAL_NVIC_EnableIRQ
    dma.o(.ARM.exidx.text.MX_DMA_Init) refers to dma.o(.text.MX_DMA_Init) for [Anonymous Symbol]
    i2c.o(.text.MX_I2C1_Init) refers to i2c.o(.bss.hi2c1) for hi2c1
[...]
    HAL_I2C_Master_Transmit                  0x08002f71   Thumb Code   514  stm32f1xx_hal_i2c.o(.text.HAL_I2C_Master_Transmit)
    HAL_I2C_Mem_Read                         0x08003175   Thumb Code  1254  stm32f1xx_hal_i2c.o(.text.HAL_I2C_Mem_Read)
    HAL_I2C_Mem_Write                        0x0800365d   Thumb Code   566  stm32f1xx_hal_i2c.o(.text.HAL_I2C_Mem_Write)
    HAL_I2C_MspInit                          0x08003895   Thumb Code   126  i2c.o(.text.HAL_I2C_MspInit)
    HAL_IWDG_Refresh                         0x08003915   Thumb Code    20  stm32f1xx_hal_iwdg.o(.text.HAL_IWDG_Refresh)
    HAL_IncTick                              0x08003929   Thumb Code    26  stm32f1xx_hal.o(.text.HAL_IncTick)
    HAL_Init                                 0x08003945   Thumb Code    46  stm32f1xx_hal.o(.text.HAL_Init)
    HAL_InitTick                             0x08003975   Thumb Code   106  stm32f1xx_hal.o(.text.HAL_InitTick)
    HAL_MspInit                              0x080039e1   Thumb Code   100  stm32f1xx_hal_msp.o(.text.HAL_MspInit)
    HAL_NVIC_DisableIRQ                      0x08003a45   Thumb Code    42  stm32f1xx_hal_cortex.o(.text.HAL_NVIC_DisableIRQ)
    HAL_NVIC_EnableIRQ                       0x08003a71   Thumb Code    42  stm32f1xx_hal_cortex.o(.text.HAL_NVIC_EnableIRQ)
    HAL_NVIC_SetPriority                     0x08003a9d   Thumb Code   108  stm32f1xx_hal_cortex.o(.text.HAL_NVIC_SetPriority)
    HAL_NVIC_SetPriorityGrouping             0x08003b09   Thumb Code    74  stm32f1xx_hal_cortex.o(.text.HAL_NVIC_SetPriorityGrouping)
    HAL_NVIC_SystemReset                     0x08003b55   Thumb Code     4  stm32f1xx_hal_cortex.o(.text.HAL_NVIC_SystemReset)
    HAL_RCC_ClockConfig                      0x08003b59   Thumb Code  1014  stm32f1xx_hal_rcc.o(.text.HAL_RCC_ClockConfig)
    HAL_RCC_GetHCLKFreq                      0x08003f51   Thumb Code    12  stm32f1xx_hal_rcc.o(.text.HAL_RCC_GetHCLKFreq)
    HAL_RCC_GetPCLK1Freq                     0x08003f5d   Thumb Code    34  stm32f1xx_hal_rcc.o(.text.HAL_RCC_GetPCLK1Freq)
    HAL_RCC_GetPCLK2Freq                     0x08003f81   Thumb Code    34  stm32f1xx_hal_rcc.o(.text.HAL_RCC_GetPCLK2Freq)
    HAL_RCC_GetSysClockFreq                  0x08003fa5   Thumb Code   232  stm32f1xx_hal_rcc.o(.text.HAL_RCC_GetSysClockFreq)
    HAL_RCC_OscConfig                        0x0800408d   Thumb Code  2262  stm32f1xx_hal_rcc.o(.text.HAL_RCC_OscConfig)
    HAL_SPI_GetState                         0x08004965   Thumb Code    12  stm32f1xx_hal_spi.o(.text.HAL_SPI_GetState)
    HAL_SPI_Init                             0x08004971   Thumb Code   936  stm32f1xx_hal_spi.o(.text.HAL_SPI_Init)
    HAL_SPI_MspInit                          0x08004d19   Thumb Code   150  spi.o(.text.HAL_SPI_MspInit)
    HAL_SPI_Transmit                         0x08004db1   Thumb Code   682  stm32f1xx_hal_spi.o(.text.HAL_SPI_Transmit)
    HAL_SPI_TransmitReceive                  0x0800505d   Thumb Code   900  stm32f1xx_hal_spi.o(.text.HAL_SPI_TransmitReceive)
    HAL_SYSTICK_Config                       0x080053e1   Thumb Code    16  stm32f1xx_hal_cortex.o(.text.HAL_SYSTICK_Config)
    HAL_UARTEx_RxEventCallback               0x080053f1   Thumb Code    14  stm32f1xx_hal_uart.o(.text.HAL_UARTEx_RxEventCallback)
    HAL_UART_DMAStop                         0x08005401   Thumb Code   156  stm32f1xx_hal_uart.o(.text.HAL_UART_DMAStop)
    HAL_UART_ErrorCallback                   0x0800549d   Thumb Code     8  stm32f1xx_hal_uart.o(.text.HAL_UART_ErrorCallback)
    HAL_UART_IRQHandler                      0x080054a5   Thumb Code   858  stm32f1xx_hal_uart.o(.text.HAL_UART_IRQHandler)
    HAL_UART_IdleCpltCallback                0x08005801   Thumb Code    32  dw_main.o(.text.HAL_UART_IdleCpltCallback)
    HAL_UART_Init                            0x08005821   Thumb Code   400  stm32f1xx_hal_uart.o(.text.HAL_UART_Init)
    HAL_UART_MspInit                         0x080059b1   Thumb Code   320  usart.o(.text.HAL_UART_MspInit)
    HAL_UART_Receive_DMA                     0x08005af1   Thumb Code   110  stm32f1xx_hal_uart.o(.text.HAL_UART_Receive_DMA)
    HAL_UART_RxCpltCallback                  0x08005b61   Thumb Code     8  stm32f1xx_hal_uart.o(.text.HAL_UART_RxCpltCallback)
    HAL_UART_RxHalfCpltCallback              0x08005b69   Thumb Code     8  stm32f1xx_hal_uart.o(.text.HAL_UART_RxHalfCpltCallback)
    HAL_UART_Transmit                        0x08005b71   Thumb Code   324  stm32f1xx_hal_uart.o(.text.HAL_UART_Transmit)
    HAL_UART_TxCpltCallback                  0x08005cb5   Thumb Code     8  stm32f1xx_hal_uart.o(.text.HAL_UART_TxCpltCallback)
    HardFault_Handler                        0x08005cbd   Thumb Code     4  stm32f1xx_it.o(.text.HardFault_Handler)
    MX_DMA_Init                              0x080064ed   Thumb Code    76  dma.o(.text.MX_DMA_Init)
    MX_GPIO_Init                             0x08006539   Thumb Code   538  gpio.o(.text.MX_GPIO_Init)
    MX_I2C1_Init                             0x08006755   Thumb Code    68  i2c.o(.text.MX_I2C1_Init)
    MX_SPI1_Init                             0x08006799   Thumb Code    74  spi.o(.text.MX_SPI1_Init)
    MX_USART2_UART_Init                      0x080067e5   Thumb Code    60  usart.o(.text.MX_USART2_UART_Init)
    MemManage_Handler                        0x08006821   Thumb Code     4  stm32f1xx_it.o(.text.MemManage_Handler)
    NMI_Handler                              0x08006825   Thumb Code     2  stm32f1xx_it.o(.text.NMI_Handler)
    PendSV_Handler                           0x08006899   Thumb Code     2  stm32f1xx_it.o(.text.PendSV_Handler)
    SSD1306_DrawPixel                        0x08006a39   Thumb Code   164  ssd1306.o(.text.SSD1306_DrawPixel)
    SSD1306_Fill                             0x08006add   Thumb Code    42  ssd1306.o(.text.SSD1306_Fill)
    SSD1306_GotoXY                           0x08006b09   Thumb Code    38  ssd1306.o(.text.SSD1306_GotoXY)
    SSD1306_Init                             0x08006b31   Thumb Code   390  ssd1306.o(.text.SSD1306_Init)
    SSD1306_Putc                             0x08006cb9   Thumb Code   278  ssd1306.o(.text.SSD1306_Putc)
    SSD1306_Puts                             0x08006dd1   Thumb Code    80  ssd1306.o(.text.SSD1306_Puts)
    SSD1306_UpdateScreen                     0x08006e21   Thumb Code   108  ssd1306.o(.text.SSD1306_UpdateScreen)
    SVC_Handler                              0x08006e8d   Thumb Code     2  stm32f1xx_it.o(.text.SVC_Handler)
    Sleep                                    0x08006e91   Thumb Code    16  port.o(.text.Sleep)
    SysTick_Handler                          0x08006ef5   Thumb Code     8  stm32f1xx_it.o(.text.SysTick_Handler)
    SystemClock_Config                       0x08006efd   Thumb Code   122  main.o(.text.SystemClock_Config)
    SystemInit                               0x08006f79   Thumb Code     2  system_stm32f1xx.o(.text.SystemInit)
    UART_Start_Receive_DMA                   0x08007409   Thumb Code   194  stm32f1xx_hal_uart.o(.text.UART_Start_Receive_DMA)
    USART2_IRQHandler                        0x080075ed   Thumb Code    90  stm32f1xx_it.o(.text.USART2_IRQHandler)
    UsageFault_Handler                       0x08007649   Thumb Code     4  stm32f1xx_it.o(.text.UsageFault_Handler)
    anc_rx_err_cb                            0x080078a1   Thumb Code    20  instance_anchor.o(.text.anc_rx_err_cb)
    anc_rx_ok_cb                             0x080078b5   Thumb Code    80  instance_anchor.o(.text.anc_rx_ok_cb)
    anc_rx_to_cb                             0x08007905   Thumb Code    20  instance_anchor.o(.text.anc_rx_to_cb)
    anc_tx_conf_cb                           0x08007919   Thumb Code    20  instance_anchor.o(.text.anc_tx_conf_cb)
    anchor_app                               0x0800792d   Thumb Code  3888  instance_anchor.o(.text.anchor_app)
    assert_failed                            0x0800885d   Thumb Code    10  main.o(.text.assert_failed)
    checkDataConsistency                     0x08008869   Thumb Code   198  instance_anchor.o(.text.checkDataConsistency)
    cw2015_read_battery                      0x08008931   Thumb Code    22  cw2015.o(.text.cw2015_read_battery)
    cw2015_read_byte                         0x08008949   Thumb Code    70  cw2015.o(.text.cw2015_read_byte)
    deca_usleep                              0x08008991   Thumb Code    16  deca_sleep.o(.text.deca_usleep)
    decamutexoff                             0x080089a1   Thumb Code    24  deca_mutex.o(.text.decamutexoff)
    decamutexon                              0x080089b9   Thumb Code    30  deca_mutex.o(.text.decamutexon)
    dw_main                                  0x080089d9   Thumb Code    90  dw_main.o(.text.dw_main)
    dwt_calcbandwidthadj                     0x08008a35   Thumb Code   140  deca_device.o(.text.dwt_calcbandwidthadj)
    dwt_check_dev_id                         0x08008ac1   Thumb Code    62  deca_device.o(.text.dwt_check_dev_id)
    dwt_checkidlerc                          0x08008b01   Thumb Code    28  deca_device.o(.text.dwt_checkidlerc)
    dwt_configciadiag                        0x08008b1d   Thumb Code    92  deca_device.o(.text.dwt_configciadiag)
    dwt_configmrxlut                         0x08008b79   Thumb Code   298  deca_device.o(.text.dwt_configmrxlut)
    dwt_configure                            0x08008ca5   Thumb Code  1246  deca_device.o(.text.dwt_configure)
    dwt_configureframefilter                 0x08009185   Thumb Code    84  deca_device.o(.text.dwt_configureframefilter)
    dwt_configuretxrf                        0x080091d9   Thumb Code   102  deca_device.o(.text.dwt_configuretxrf)
    dwt_forcetrxoff                          0x080093e9   Thumb Code    34  deca_device.o(.text.dwt_forcetrxoff)
    dwt_generatecrc8                         0x0800940d   Thumb Code    80  deca_device.o(.text.dwt_generatecrc8)
    dwt_getrangebias                         0x0800945d   Thumb Code   436  deca_range_tables.o(.text.dwt_getrangebias)
    dwt_initialise                           0x08009611   Thumb Code   510  deca_device.o(.text.dwt_initialise)
    dwt_isr                                  0x08009811   Thumb Code  1182  deca_device.o(.text.dwt_isr)
    dwt_modify16bitoffsetreg                 0x08009cb1   Thumb Code    86  deca_device.o(.text.dwt_modify16bitoffsetreg)
    dwt_modify32bitoffsetreg                 0x08009d09   Thumb Code    98  deca_device.o(.text.dwt_modify32bitoffsetreg)
    dwt_modify8bitoffsetreg                  0x08009d6d   Thumb Code    70  deca_device.o(.text.dwt_modify8bitoffsetreg)
    dwt_pgf_cal                              0x08009db5   Thumb Code    94  deca_device.o(.text.dwt_pgf_cal)
    dwt_read16bitoffsetreg                   0x08009e15   Thumb Code    52  deca_device.o(.text.dwt_read16bitoffsetreg)
    dwt_read32bitoffsetreg                   0x08009e49   Thumb Code    70  deca_device.o(.text.dwt_read32bitoffsetreg)
    dwt_read8bitoffsetreg                    0x08009e91   Thumb Code    32  deca_device.o(.text.dwt_read8bitoffsetreg)
    dwt_readdevid                            0x08009eb1   Thumb Code    18  deca_device.o(.text.dwt_readdevid)
    dwt_readfromdevice                       0x08009ec5   Thumb Code    54  deca_device.o(.text.dwt_readfromdevice)
    dwt_readrxdata                           0x08009efd   Thumb Code   156  deca_device.o(.text.dwt_readrxdata)
    dwt_readrxtimestamp                      0x08009f99   Thumb Code    88  deca_device.o(.text.dwt_readrxtimestamp)
    dwt_readstsquality                       0x08009ff1   Thumb Code    84  deca_device.o(.text.dwt_readstsquality)
    dwt_readtxtimestamp                      0x0800a045   Thumb Code    22  deca_device.o(.text.dwt_readtxtimestamp)
    dwt_run_pgfcal                           0x0800a05d   Thumb Code   264  deca_device.o(.text.dwt_run_pgfcal)
    dwt_rxenable                             0x0800a165   Thumb Code   228  deca_device.o(.text.dwt_rxenable)
    dwt_setaddress16                         0x0800a249   Thumb Code    30  deca_device.o(.text.dwt_setaddress16)
    dwt_setcallbacks                         0x0800a269   Thumb Code    68  deca_device.o(.text.dwt_setcallbacks)
    dwt_setdelayedtrxtime                    0x0800a2ad   Thumb Code    20  deca_device.o(.text.dwt_setdelayedtrxtime)
    dwt_setdwstate                           0x0800a2c1   Thumb Code   168  deca_device.o(.text.dwt_setdwstate)
    dwt_setinterrupt                         0x0800a369   Thumb Code   132  deca_device.o(.text.dwt_setinterrupt)
    dwt_setleds                              0x0800a3ed   Thumb Code   184  deca_device.o(.text.dwt_setleds)
    dwt_setlnapamode                         0x0800a4a5   Thumb Code   114  deca_device.o(.text.dwt_setlnapamode)
    dwt_setpanid                             0x0800a519   Thumb Code    30  deca_device.o(.text.dwt_setpanid)
    dwt_setplenfine                          0x0800a539   Thumb Code    30  deca_device.o(.text.dwt_setplenfine)
    dwt_setpreambledetecttimeout             0x0800a559   Thumb Code    34  deca_device.o(.text.dwt_setpreambledetecttimeout)
    dwt_setrxantennadelay                    0x0800a57d   Thumb Code    32  deca_device.o(.text.dwt_setrxantennadelay)
    dwt_setrxtimeout                         0x0800a59d   Thumb Code    66  deca_device.o(.text.dwt_setrxtimeout)
    dwt_settxantennadelay                    0x0800a5e1   Thumb Code    34  deca_device.o(.text.dwt_settxantennadelay)
    dwt_signal_rx_buff_free                  0x0800a605   Thumb Code    72  deca_device.o(.text.dwt_signal_rx_buff_free)
    dwt_starttx                              0x0800a64d   Thumb Code   506  deca_device.o(.text.dwt_starttx)
    dwt_write16bitoffsetreg                  0x0800a849   Thumb Code    54  deca_device.o(.text.dwt_write16bitoffsetreg)
    dwt_write32bitoffsetreg                  0x0800a881   Thumb Code    66  deca_device.o(.text.dwt_write32bitoffsetreg)
    dwt_write8bitoffsetreg                   0x0800a8c5   Thumb Code    38  deca_device.o(.text.dwt_write8bitoffsetreg)
    dwt_writetodevice                        0x0800a8ed   Thumb Code    56  deca_device.o(.text.dwt_writetodevice)
    dwt_writetxdata                          0x0800a925   Thumb Code   136  deca_device.o(.text.dwt_writetxdata)
    dwt_writetxfctrl                         0x0800a9ad   Thumb Code   138  deca_device.o(.text.dwt_writetxfctrl)
    e2prom_Read_Bytes                        0x0800ac25   Thumb Code   102  e2prom.o(.text.e2prom_Read_Bytes)
    e2prom_Write_Bytes                       0x0800ac8d   Thumb Code   102  e2prom.o(.text.e2prom_Write_Bytes)
    expr_on                                  0x0800acf5   Thumb Code    22  port.o(.text.expr_on)
    final_msg_get_ts                         0x0800ad0d   Thumb Code    66  shared_functions.o(.text.final_msg_get_ts)
    final_msg_set_ts                         0x0800ad51   Thumb Code    76  shared_functions.o(.text.final_msg_set_ts)
    fputc                                    0x0800ad9d   Thumb Code    38  usart.o(.text.fputc)
    get_rx_timestamp_u64                     0x0800adc5   Thumb Code    94  shared_functions.o(.text.get_rx_timestamp_u64)
    get_tx_timestamp_u64                     0x0800ae91   Thumb Code    94  shared_functions.o(.text.get_tx_timestamp_u64)
    init_data                                0x0800aef1   Thumb Code   290  instance_tag.o(.text.init_data)
    lcd_display                              0x0800b015   Thumb Code    94  ssd1306.o(.text.lcd_display)
    led_off                                  0x0800b075   Thumb Code   136  port.o(.text.led_off)
    led_on                                   0x0800b0fd   Thumb Code   136  port.o(.text.led_on)
    led_toggle                               0x0800b185   Thumb Code   122  port.o(.text.led_toggle)
    main                                     0x0800b201   Thumb Code   106  main.o(.text.main)
    portGetTickCnt                           0x0800b26d   Thumb Code    20  port.o(.text.portGetTickCnt)
    port_CheckEXT_IRQ                        0x0800b281   Thumb Code    18  port.o(.text.port_CheckEXT_IRQ)
    port_DisableEXT_IRQ                      0x0800b295   Thumb Code    10  port.o(.text.port_DisableEXT_IRQ)
    port_EnableEXT_IRQ                       0x0800b2a1   Thumb Code    10  port.o(.text.port_EnableEXT_IRQ)
    port_GetEXT_IRQStatus                    0x0800b2ad   Thumb Code    10  port.o(.text.port_GetEXT_IRQStatus)
    port_set_dw_ic_spi_fastrate              0x0800b2b9   Thumb Code    20  port.o(.text.port_set_dw_ic_spi_fastrate)
    port_set_dwic_isr                        0x0800b2cd   Thumb Code    46  port.o(.text.port_set_dwic_isr)
    printInfoPeriodically                    0x0800b2fd   Thumb Code   288  instance_anchor.o(.text.printInfoPeriodically)
    print_config                             0x0800b41d   Thumb Code   902  dw_main.o(.text.print_config)
    process_deca_irq                         0x0800b7a5   Thumb Code    48  port.o(.text.process_deca_irq)
    read_anc_coord                           0x0800b7d5   Thumb Code   288  dw_main.o(.text.read_anc_coord)
    read_rx_power                            0x0800b8f5   Thumb Code   260  deca_device.o(.text.read_rx_power)
    readfromspi                              0x0800b9f9   Thumb Code   190  deca_spi.o(.text.readfromspi)
    reset_DWIC                               0x0800bab9   Thumb Code    82  port.o(.text.reset_DWIC)
    set_instance                             0x0800bb0d   Thumb Code   420  dw_main.o(.text.set_instance)
    setup_DWICRSTnIRQ                        0x0800bcb1   Thumb Code   140  port.o(.text.setup_DWICRSTnIRQ)
    ssd1306_I2C_Write                        0x0800bd3d   Thumb Code    82  ssd1306.o(.text.ssd1306_I2C_Write)
    ssd1306_I2C_WriteMulti                   0x0800bd91   Thumb Code   172  ssd1306.o(.text.ssd1306_I2C_WriteMulti)
    switch_is_on                             0x0800be3d   Thumb Code    46  port.o(.text.switch_is_on)
    tag_app                                  0x0800be6d   Thumb Code  3936  instance_tag.o(.text.tag_app)
    tag_rx_err_cb                            0x0800cdcd   Thumb Code    20  instance_tag.o(.text.tag_rx_err_cb)
    tag_rx_ok_cb                             0x0800cde1   Thumb Code    52  instance_tag.o(.text.tag_rx_ok_cb)
    tag_rx_to_cb                             0x0800ce15   Thumb Code    20  instance_tag.o(.text.tag_rx_to_cb)
    tag_tx_conf_cb                           0x0800ce29   Thumb Code    20  instance_tag.o(.text.tag_tx_conf_cb)
    usleep                                   0x0800ce3d   Thumb Code    64  port.o(.text.usleep)
    writetospi                               0x0800ce7d   Thumb Code   122  deca_spi.o(.text.writetospi)
    writetospiwithcrc                        0x0800cef9   Thumb Code   172  deca_spi.o(.text.writetospiwithcrc)
    __0printf                                0x0800cfa5   Thumb Code    22  printfa.o(i.__0printf)
    __1printf                                0x0800cfa5   Thumb Code     0  printfa.o(i.__0printf)
    __2printf                                0x0800cfa5   Thumb Code     0  printfa.o(i.__0printf)
    __c89printf                              0x0800cfa5   Thumb Code     0  printfa.o(i.__0printf)
    printf                                   0x0800cfa5   Thumb Code     0  printfa.o(i.__0printf)
    __0sprintf                               0x0800cfc5   Thumb Code    34  printfa.o(i.__0sprintf)
    __1sprintf                               0x0800cfc5   Thumb Code     0  printfa.o(i.__0sprintf)
    __2sprintf                               0x0800cfc5   Thumb Code     0  printfa.o(i.__0sprintf)
    __c89sprintf                             0x0800cfc5   Thumb Code     0  printfa.o(i.__0sprintf)
    sprintf                                  0x0800cfc5   Thumb Code     0  printfa.o(i.__0sprintf)
    __kernel_poly                            0x0800cfed   Thumb Code   170  poly.o(i.__kernel_poly)
    __mathlib_dbl_divzero                    0x0800d099   Thumb Code    12  dunder.o(i.__mathlib_dbl_divzero)
    __mathlib_dbl_infnan                     0x0800d0a9   Thumb Code     6  dunder.o(i.__mathlib_dbl_infnan)
    __mathlib_dbl_invalid                    0x0800d0af   Thumb Code    12  dunder.o(i.__mathlib_dbl_invalid)
    __read_errno                             0x0800d0bd   Thumb Code     6  errno.o(i.__read_errno)
    __scatterload_copy                       0x0800d0c9   Thumb Code    14  handlers.o(i.__scatterload_copy)
    __scatterload_null                       0x0800d0d7   Thumb Code     2  handlers.o(i.__scatterload_null)
    __scatterload_zeroinit                   0x0800d0d9   Thumb Code    14  handlers.o(i.__scatterload_zeroinit)
    __set_errno                              0x0800d0e9   Thumb Code     6  errno.o(i.__set_errno)
    _is_digit                                0x0800d279   Thumb Code    14  scanf_fp.o(i._is_digit)
    atof                                     0x0800d9c1   Thumb Code    44  atof.o(i.atof)
    log                                      0x0800d9ed   Thumb Code   808  log.o(i.log)
    log10                                    0x0800dd49   Thumb Code   198  log10.o(i.log10)
    __ctype_table                            0x0800de68   Data         129  ctype_o.o(.constdata)
    __mathlib_zero                           0x0800def0   Data           8  qnan.o(.constdata)
    AHBPrescTable                            0x0800def8   Data          16  system_stm32f1xx.o(.rodata.AHBPrescTable)
    APBPrescTable                            0x0800df08   Data           8  system_stm32f1xx.o(.rodata.APBPrescTable)
    Font7x10                                 0x0800df10   Data        1900  fonts.o(.rodata.Font7x10)
    chan_idxnb                               0x0800e67c   Data           8  deca_range_tables.o(.rodata.chan_idxnb)
    chan_idxwb                               0x0800e684   Data           8  deca_range_tables.o(.rodata.chan_idxwb)
    range25cm16PRFnb                         0x0800e68c   Data         148  deca_range_tables.o(.rodata.range25cm16PRFnb)
    range25cm16PRFwb                         0x0800e720   Data         136  deca_range_tables.o(.rodata.range25cm16PRFwb)
    range25cm64PRFnb                         0x0800e7a8   Data         104  deca_range_tables.o(.rodata.range25cm64PRFnb)
    range25cm64PRFwb                         0x0800e810   Data         118  deca_range_tables.o(.rodata.range25cm64PRFwb)
    sts_length_factors                       0x0800edb6   Data          14  deca_device.o(.rodata.sts_length_factors)
    Region$$Table$$Base                      0x0800edc4   Number         0  anon$$obj.o(Region$$Table)
    Region$$Table$$Limit                     0x0800ede4   Number         0  anon$$obj.o(Region$$Table)
    __stdout                                 0x20000004   Data           4  stdout.o(.data)
    Font_7x10                                0x20000048   Data           8  fonts.o(.data.Font_7x10)
    SystemCoreClock                          0x20000050   Data           4  system_stm32f1xx.o(.data.SystemCoreClock)
    ant_dly                                  0x20000054   Data           2  dw_main.o(.data.ant_dly)
    instance_mode                            0x20000056   Data           1  dw_main.o(.data.instance_mode)
    switch8                                  0x2000005d   Data           1  dw_main.o(.data.switch8)
    uwTickFreq                               0x20000218   Data           4  stm32f1xx_hal.o(.data.uwTickFreq)
    uwTickPrio                               0x2000021c   Data           4  stm32f1xx_hal.o(.data.uwTickPrio)
    Correction_flag                          0x20000220   Data           1  instance_tag.o(.bss.Correction_flag)
    UART_RX_BUF                              0x20000686   Data         200  dw_main.o(.bss.UART_RX_BUF)
    USE_CW2015                               0x2000074e   Data           1  cw2015.o(.bss.USE_CW2015)
    USE_EXT_EEPROM                           0x2000074f   Data           1  e2prom.o(.bss.USE_EXT_EEPROM)
    USE_IMU                                  0x20000750   Data           1  dw_main.o(.bss.USE_IMU)
    USE_OLED                                 0x20000751   Data           1  ssd1306.o(.bss.USE_OLED)
    abnormal_data_count                      0x20000754   Data           4  instance_anchor.o(.bss.abnormal_data_count)
    abnormal_frame_count                     0x20000758   Data           4  instance_anchor.o(.bss.abnormal_frame_count)
    alarm                                    0x2000075c   Data           1  dw_main.o(.bss.alarm)
    anc_id                                   0x2000075d   Data           1  dw_main.o(.bss.anc_id)
    anchorArray                              0x20000760   Data         192  dw_main.o(.bss.anchorArray)
    ancrange_count                           0x20000820   Data           1  dw_main.o(.bss.ancrange_count)
    ancrange_flag                            0x20000821   Data           1  dw_main.o(.bss.ancrange_flag)
    battery                                  0x20000822   Data           1  dw_main.o(.bss.battery)
    correct_frame_count                      0x20000824   Data           4  instance_anchor.o(.bss.correct_frame_count)
    dev_id                                   0x20000928   Data           1  dw_main.o(.bss.dev_id)
    diff_time                                0x2000092c   Data           4  instance_tag.o(.bss.diff_time)
    distance_now_m                           0x20000930   Data           8  dw_main.o(.bss.distance_now_m)
    distance_offset_cm                       0x20000938   Data           4  dw_main.o(.bss.distance_offset_cm)
    distance_report                          0x2000093c   Data          32  dw_main.o(.bss.distance_report)
    frame_seq_nb                             0x20000970   Data           1  dw_main.o(.bss.frame_seq_nb)
    g_bFrameCnt                              0x20000974   Data           4  instance_anchor.o(.bss.g_bFrameCnt)
    group_id                                 0x20000978   Data           1  dw_main.o(.bss.group_id)
    group_report                             0x2000097c   Data          32  dw_main.o(.bss.group_report)
    hdma_usart2_rx                           0x2000099c   Data          72  usart.o(.bss.hdma_usart2_rx)
    hdma_usart2_tx                           0x200009e4   Data          72  usart.o(.bss.hdma_usart2_tx)
    hi2c1                                    0x20000a2c   Data          92  i2c.o(.bss.hi2c1)
    hiwdg                                    0x20000a88   Data          12  iwdg.o(.bss.hiwdg)
    hspi1                                    0x20000a94   Data          92  spi.o(.bss.hspi1)
    huart2                                   0x20000af0   Data          76  usart.o(.bss.huart2)
    inst_ch                                  0x20000b40   Data           1  dw_main.o(.bss.inst_ch)
    inst_dataRate                            0x20000b41   Data           1  dw_main.o(.bss.inst_dataRate)
    inst_data_interval                       0x20000b44   Data           4  dw_main.o(.bss.inst_data_interval)
    inst_final_rx_timeout                    0x20000b48   Data           4  dw_main.o(.bss.inst_final_rx_timeout)
    inst_one_slot_time                       0x20000b4c   Data           1  dw_main.o(.bss.inst_one_slot_time)
    inst_poll2final_time                     0x20000b50   Data           8  dw_main.o(.bss.inst_poll2final_time)
    inst_prf                                 0x20000b58   Data           1  dw_main.o(.bss.inst_prf)
    inst_resp_rx_timeout                     0x20000b5c   Data           4  dw_main.o(.bss.inst_resp_rx_timeout)
    inst_slot_number                         0x20000b60   Data           2  dw_main.o(.bss.inst_slot_number)
    next_period_time                         0x20000b74   Data           4  instance_tag.o(.bss.next_period_time)
    range_nb                                 0x20000bd0   Data           1  dw_main.o(.bss.range_nb)
    range_status                             0x20000bd1   Data           1  dw_main.o(.bss.range_status)
    range_time                               0x20000bd4   Data           4  dw_main.o(.bss.range_time)
    receive_count                            0x20000bd8   Data           4  instance_anchor.o(.bss.receive_count)
    recv_anc_id                              0x20000bdc   Data           1  dw_main.o(.bss.recv_anc_id)
    recv_tag_id                              0x20000bdd   Data           1  dw_main.o(.bss.recv_tag_id)
    rx_power                                 0x2000108c   Data           4  dw_main.o(.bss.rx_power)
    sos                                      0x20001098   Data           1  dw_main.o(.bss.sos)
    state                                    0x2000109a   Data           1  dw_main.o(.bss.state)
    sys_time_diff                            0x200010a0   Data           4  port.o(.bss.sys_time_diff)
    tag_id                                   0x200010b9   Data           1  dw_main.o(.bss.tag_id)
    target_ancid                             0x200010ba   Data           1  dw_main.o(.bss.target_ancid)
    temp_dev_id                              0x200010bb   Data           1  dw_main.o(.bss.temp_dev_id)
    tx_power                                 0x200010bc   Data           4  dw_main.o(.bss.tx_power)
    uart_rx_len                              0x200010c4   Data           4  dw_main.o(.bss.uart_rx_len)
    user_data                                0x200010c8   Data         320  dw_main.o(.bss.user_data)
    uwTick                                   0x20001208   Data           4  stm32f1xx_hal.o(.bss.uwTick)
    __initial_sp                             0x20002210   Data           0  startup_stm32f103xb.o(STACK)



==============================================================================

Memory Map of the image

  Image Entry point : 0x080000ed

  Load Region LR_IROM1 (Base: 0x08000000, Size: 0x0000f008, Max: 0x00020000, ABSOLUTE, COMPRESSED[0x0000ee60])

    Execution Region ER_IROM1 (Exec base: 0x08000000, Load base: 0x08000000, Size: 0x0000ede4, Max: 0x00020000, ABSOLUTE)

    Exec Addr    Load Addr    Size         Type   Attr      Idx    E Section Name        Object

    0x08000000   0x08000000   0x000000ec   Data   RO            3    RESET               startup_stm32f103xb.o
    0x080000ec   0x080000ec   0x00000000   Code   RO         1763  * .ARM.Collect$$$$00000000  mc_w.l(entry.o)
    0x080000ec   0x080000ec   0x00000004   Code   RO         1883    .ARM.Collect$$$$00000001  mc_w.l(entry2.o)
    0x080000f0   0x080000f0   0x00000004   Code   RO         1886    .ARM.Collect$$$$00000004  mc_w.l(entry5.o)
    0x080000f4   0x080000f4   0x00000000   Code   RO         1888    .ARM.Collect$$$$00000008  mc_w.l(entry7b.o)
    0x080000f4   0x080000f4   0x00000000   Code   RO         1890    .ARM.Collect$$$$0000000A  mc_w.l(entry8b.o)
    0x080000f4   0x080000f4   0x00000008   Code   RO         1891    .ARM.Collect$$$$0000000B  mc_w.l(entry9a.o)
    0x080000fc   0x080000fc   0x00000000   Code   RO         1893    .ARM.Collect$$$$0000000D  mc_w.l(entry10a.o)
    0x080000fc   0x080000fc   0x00000000   Code   RO         1895    .ARM.Collect$$$$0000000F  mc_w.l(entry11a.o)
    0x080000fc   0x080000fc   0x00000004   Code   RO         1884    .ARM.Collect$$$$00002712  mc_w.l(entry2.o)
    0x08000100   0x08000100   0x00000024   Code   RO            4    .text               startup_stm32f103xb.o
    0x08000124   0x08000124   0x00000062   Code   RO         1766    .text               mc_w.l(uldiv.o)
    0x08000186   0x08000186   0x00000024   Code   RO         1768    .text               mc_w.l(memcpya.o)
    0x080001aa   0x080001aa   0x00000024   Code   RO         1770    .text               mc_w.l(memseta.o)
    0x080001ce   0x080001ce   0x0000000e   Code   RO         1774    .text               mc_w.l(strlen.o)
    0x080001dc   0x080001dc   0x00000012   Code   RO         1778    .text               mc_w.l(strcpy.o)
    0x080001ee   0x080001ee   0x00000002   PAD
    0x080001f0   0x080001f0   0x00000044   Code   RO         1780    .text               mc_w.l(strtok.o)
    0x08000234   0x08000234   0x00000064   Code   RO         1824    .text               mf_w.l(fmul.o)
    0x08000298   0x08000298   0x0000007c   Code   RO         1826    .text               mf_w.l(fdiv.o)
    0x08000314   0x08000314   0x0000014e   Code   RO         1828    .text               mf_w.l(dadd.o)
    0x08000462   0x08000462   0x000000e4   Code   RO         1830    .text               mf_w.l(dmul.o)
    0x08000546   0x08000546   0x000000de   Code   RO         1832    .text               mf_w.l(ddiv.o)
    0x08000624   0x08000624   0x00000036   Code   RO         1836    .text               mf_w.l(dcmple.o)
    0x0800065a   0x0800065a   0x00000012   Code   RO         1846    .text               mf_w.l(fflti.o)
    0x0800066c   0x0800066c   0x0000000a   Code   RO         1848    .text               mf_w.l(ffltui.o)
    0x08000676   0x08000676   0x00000022   Code   RO         1850    .text               mf_w.l(dflti.o)
    0x08000698   0x08000698   0x0000001a   Code   RO         1852    .text               mf_w.l(dfltui.o)
    0x080006b2   0x080006b2   0x00000032   Code   RO         1854    .text               mf_w.l(ffixi.o)
    0x080006e4   0x080006e4   0x0000003e   Code   RO         1856    .text               mf_w.l(dfixi.o)
    0x08000722   0x08000722   0x0000004a   Code   RO         1858    .text               mf_w.l(dfixl.o)
    0x0800076c   0x0800076c   0x00000026   Code   RO         1860    .text               mf_w.l(f2d.o)
    0x08000792   0x08000792   0x00000038   Code   RO         1862    .text               mf_w.l(d2f.o)
    0x080007ca   0x080007ca   0x0000002c   Code   RO         1907    .text               mc_w.l(uidiv.o)
    0x080007f6   0x080007f6   0x0000001e   Code   RO         1909    .text               mc_w.l(llshl.o)
    0x08000814   0x08000814   0x00000020   Code   RO         1911    .text               mc_w.l(llushr.o)
    0x08000834   0x08000834   0x00000024   Code   RO         1913    .text               mc_w.l(llsshr.o)
    0x08000858   0x08000858   0x00000008   Code   RO         1915    .text               mc_w.l(ctype_o.o)
    0x08000860   0x08000860   0x00000012   Code   RO         1937    .text               mc_w.l(isspace_o.o)
    0x08000872   0x08000872   0x00000002   PAD
    0x08000874   0x08000874   0x00000360   Code   RO         1956    .text               mc_w.l(scanf_fp.o)
    0x08000bd4   0x08000bd4   0x00000040   Code   RO         1962    .text               mc_w.l(_sgetc.o)
    0x08000c14   0x08000c14   0x000000a8   Code   RO         1966    .text               mc_w.l(strtod.o)
    0x08000cbc   0x08000cbc   0x00000000   Code   RO         1968    .text               mc_w.l(iusefp.o)
    0x08000cbc   0x08000cbc   0x0000006e   Code   RO         1969    .text               mf_w.l(fepilogue.o)
    0x08000d2a   0x08000d2a   0x000000ba   Code   RO         1971    .text               mf_w.l(depilogue.o)
    0x08000de4   0x08000de4   0x0000002e   Code   RO         1973    .text               mf_w.l(dscalb.o)
    0x08000e12   0x08000e12   0x00000030   Code   RO         1977    .text               mf_w.l(dfixul.o)
    0x08000e42   0x08000e42   0x00000002   PAD
    0x08000e44   0x08000e44   0x00000030   Code   RO         1979    .text               mf_w.l(cdrcmple.o)
    0x08000e74   0x08000e74   0x00000024   Code   RO         1984    .text               mc_w.l(init.o)
    0x08000e98   0x08000e98   0x00000018   Code   RO         1992    .text               mf_w.l(dfltul.o)
    0x08000eb0   0x08000eb0   0x00000030   Code   RO         1994    .text               mf_w.l(cdcmple.o)
    0x08000ee0   0x08000ee0   0x0000003a   Code   RO         2007    .text               mc_w.l(__dczerorl.o)
    0x08000f1a   0x08000f1a   0x00000002   PAD
    0x08000f1c   0x08000f1c   0x00000004   Code   RO          104    .text.BusFault_Handler  stm32f1xx_it.o
    0x08000f20   0x08000f20   0x00000010   Code   RO          116    .text.DMA1_Channel6_IRQHandler  stm32f1xx_it.o
    0x08000f30   0x08000f30   0x00000010   Code   RO          118    .text.DMA1_Channel7_IRQHandler  stm32f1xx_it.o
    0x08000f40   0x08000f40   0x00000052   Code   RO          472    .text.DMA_SetConfig  stm32f1xx_hal_dma.o
    0x08000f92   0x08000f92   0x00000002   PAD
    0x08000f94   0x08000f94   0x0000089a   Code   RO          991    .text.DW3000_init   dw_main.o
    0x0800182e   0x0800182e   0x00000002   PAD
    0x08001830   0x08001830   0x00000002   Code   RO          110    .text.DebugMon_Handler  stm32f1xx_it.o
    0x08001832   0x08001832   0x00000002   PAD
    0x08001834   0x08001834   0x000000ae   Code   RO         1722    .text.E2prom_Read   e2prom.o
    0x080018e2   0x080018e2   0x00000002   PAD
    0x080018e4   0x080018e4   0x000000b2   Code   RO         1720    .text.E2prom_Write  e2prom.o
    0x08001996   0x08001996   0x00000002   PAD
    0x08001998   0x08001998   0x0000000a   Code   RO          124    .text.EXTI0_IRQHandler  stm32f1xx_it.o
    0x080019a2   0x080019a2   0x00000002   PAD
    0x080019a4   0x080019a4   0x0000000a   Code   RO          120    .text.EXTI9_5_IRQHandler  stm32f1xx_it.o
    0x080019ae   0x080019ae   0x00000002   PAD
    0x080019b0   0x080019b0   0x00000024   Code   RO         1525    .text.EXTI_GetITEnStatus  port.o
    0x080019d4   0x080019d4   0x00000002   Code   RO           15    .text.Error_Handler  main.o
    0x080019d6   0x080019d6   0x00000002   PAD
    0x080019d8   0x080019d8   0x0000006c   Code   RO          476    .text.HAL_DMA_Abort  stm32f1xx_hal_dma.o
    0x08001a44   0x08001a44   0x00000112   Code   RO          478    .text.HAL_DMA_Abort_IT  stm32f1xx_hal_dma.o
    0x08001b56   0x08001b56   0x00000002   PAD
    0x08001b58   0x08001b58   0x00000282   Code   RO          482    .text.HAL_DMA_IRQHandler  stm32f1xx_hal_dma.o
    0x08001dda   0x08001dda   0x00000002   PAD
    0x08001ddc   0x08001ddc   0x00000278   Code   RO          466    .text.HAL_DMA_Init  stm32f1xx_hal_dma.o
    0x08002054   0x08002054   0x000000dc   Code   RO          474    .text.HAL_DMA_Start_IT  stm32f1xx_hal_dma.o
    0x08002130   0x08002130   0x00000044   Code   RO          345    .text.HAL_Delay     stm32f1xx_hal.o
    0x08002174   0x08002174   0x0000003a   Code   RO         1567    .text.HAL_GPIO_EXTI_Callback  port.o
    0x080021ae   0x080021ae   0x00000002   PAD
    0x080021b0   0x080021b0   0x0000003a   Code   RO          454    .text.HAL_GPIO_EXTI_IRQHandler  stm32f1xx_hal_gpio.o
    0x080021ea   0x080021ea   0x00000002   PAD
    0x080021ec   0x080021ec   0x000005c6   Code   RO          442    .text.HAL_GPIO_Init  stm32f1xx_hal_gpio.o
    0x080027b2   0x080027b2   0x00000002   PAD
    0x080027b4   0x080027b4   0x00000052   Code   RO          446    .text.HAL_GPIO_ReadPin  stm32f1xx_hal_gpio.o
    0x08002806   0x08002806   0x00000002   PAD
    0x08002808   0x08002808   0x00000052   Code   RO          450    .text.HAL_GPIO_TogglePin  stm32f1xx_hal_gpio.o
    0x0800285a   0x0800285a   0x00000002   PAD
    0x0800285c   0x0800285c   0x0000007a   Code   RO          448    .text.HAL_GPIO_WritePin  stm32f1xx_hal_gpio.o
    0x080028d6   0x080028d6   0x00000002   PAD
    0x080028d8   0x080028d8   0x0000000c   Code   RO          337    .text.HAL_GetTick   stm32f1xx_hal.o
    0x080028e4   0x080028e4   0x00000420   Code   RO          155    .text.HAL_I2C_Init  stm32f1xx_hal_i2c.o
    0x08002d04   0x08002d04   0x0000026c   Code   RO          221    .text.HAL_I2C_IsDeviceReady  stm32f1xx_hal_i2c.o
    0x08002f70   0x08002f70   0x00000202   Code   RO          163    .text.HAL_I2C_Master_Transmit  stm32f1xx_hal_i2c.o
    0x08003172   0x08003172   0x00000002   PAD
    0x08003174   0x08003174   0x000004e6   Code   RO          209    .text.HAL_I2C_Mem_Read  stm32f1xx_hal_i2c.o
    0x0800365a   0x0800365a   0x00000002   PAD
    0x0800365c   0x0800365c   0x00000236   Code   RO          205    .text.HAL_I2C_Mem_Write  stm32f1xx_hal_i2c.o
    0x08003892   0x08003892   0x00000002   PAD
    0x08003894   0x08003894   0x0000007e   Code   RO           45    .text.HAL_I2C_MspInit  i2c.o
    0x08003912   0x08003912   0x00000002   PAD
    0x08003914   0x08003914   0x00000014   Code   RO          715    .text.HAL_IWDG_Refresh  stm32f1xx_hal_iwdg.o
    0x08003928   0x08003928   0x0000001a   Code   RO          335    .text.HAL_IncTick   stm32f1xx_hal.o
    0x08003942   0x08003942   0x00000002   PAD
    0x08003944   0x08003944   0x0000002e   Code   RO          325    .text.HAL_Init      stm32f1xx_hal.o
    0x08003972   0x08003972   0x00000002   PAD
    0x08003974   0x08003974   0x0000006a   Code   RO          327    .text.HAL_InitTick  stm32f1xx_hal.o
    0x080039de   0x080039de   0x00000002   PAD
    0x080039e0   0x080039e0   0x00000064   Code   RO          133    .text.HAL_MspInit   stm32f1xx_hal_msp.o
    0x08003a44   0x08003a44   0x0000002a   Code   RO          516    .text.HAL_NVIC_DisableIRQ  stm32f1xx_hal_cortex.o
    0x08003a6e   0x08003a6e   0x00000002   PAD
    0x08003a70   0x08003a70   0x0000002a   Code   RO          512    .text.HAL_NVIC_EnableIRQ  stm32f1xx_hal_cortex.o
    0x08003a9a   0x08003a9a   0x00000002   PAD
    0x08003a9c   0x08003a9c   0x0000006c   Code   RO          504    .text.HAL_NVIC_SetPriority  stm32f1xx_hal_cortex.o
    0x08003b08   0x08003b08   0x0000004a   Code   RO          500    .text.HAL_NVIC_SetPriorityGrouping  stm32f1xx_hal_cortex.o
    0x08003b52   0x08003b52   0x00000002   PAD
    0x08003b54   0x08003b54   0x00000004   Code   RO          520    .text.HAL_NVIC_SystemReset  stm32f1xx_hal_cortex.o
    0x08003b58   0x08003b58   0x000003f6   Code   RO          392    .text.HAL_RCC_ClockConfig  stm32f1xx_hal_rcc.o
    0x08003f4e   0x08003f4e   0x00000002   PAD
    0x08003f50   0x08003f50   0x0000000c   Code   RO          402    .text.HAL_RCC_GetHCLKFreq  stm32f1xx_hal_rcc.o
    0x08003f5c   0x08003f5c   0x00000022   Code   RO          404    .text.HAL_RCC_GetPCLK1Freq  stm32f1xx_hal_rcc.o
    0x08003f7e   0x08003f7e   0x00000002   PAD
    0x08003f80   0x08003f80   0x00000022   Code   RO          406    .text.HAL_RCC_GetPCLK2Freq  stm32f1xx_hal_rcc.o
    0x08003fa2   0x08003fa2   0x00000002   PAD
    0x08003fa4   0x08003fa4   0x000000e8   Code   RO          394    .text.HAL_RCC_GetSysClockFreq  stm32f1xx_hal_rcc.o
    0x0800408c   0x0800408c   0x000008d6   Code   RO          388    .text.HAL_RCC_OscConfig  stm32f1xx_hal_rcc.o
    0x08004962   0x08004962   0x00000002   PAD
    0x08004964   0x08004964   0x0000000c   Code   RO          823    .text.HAL_SPI_GetState  stm32f1xx_hal_spi.o
    0x08004970   0x08004970   0x000003a8   Code   RO          725    .text.HAL_SPI_Init  stm32f1xx_hal_spi.o
    0x08004d18   0x08004d18   0x00000096   Code   RO           68    .text.HAL_SPI_MspInit  spi.o
    0x08004dae   0x08004dae   0x00000002   PAD
    0x08004db0   0x08004db0   0x000002aa   Code   RO          733    .text.HAL_SPI_Transmit  stm32f1xx_hal_spi.o
    0x0800505a   0x0800505a   0x00000002   PAD
    0x0800505c   0x0800505c   0x00000384   Code   RO          739    .text.HAL_SPI_TransmitReceive  stm32f1xx_hal_spi.o
    0x080053e0   0x080053e0   0x00000010   Code   RO          524    .text.HAL_SYSTICK_Config  stm32f1xx_hal_cortex.o
    0x080053f0   0x080053f0   0x0000000e   Code   RO          935    .text.HAL_UARTEx_RxEventCallback  stm32f1xx_hal_uart.o
    0x080053fe   0x080053fe   0x00000002   PAD
    0x08005400   0x08005400   0x0000009c   Code   RO          889    .text.HAL_UART_DMAStop  stm32f1xx_hal_uart.o
    0x0800549c   0x0800549c   0x00000008   Code   RO          933    .text.HAL_UART_ErrorCallback  stm32f1xx_hal_uart.o
    0x080054a4   0x080054a4   0x0000035a   Code   RO          927    .text.HAL_UART_IRQHandler  stm32f1xx_hal_uart.o
    0x080057fe   0x080057fe   0x00000002   PAD
    0x08005800   0x08005800   0x00000020   Code   RO         1001    .text.HAL_UART_IdleCpltCallback  dw_main.o
    0x08005820   0x08005820   0x00000190   Code   RO          845    .text.HAL_UART_Init  stm32f1xx_hal_uart.o
    0x080059b0   0x080059b0   0x00000140   Code   RO           84    .text.HAL_UART_MspInit  usart.o
    0x08005af0   0x08005af0   0x0000006e   Code   RO          881    .text.HAL_UART_Receive_DMA  stm32f1xx_hal_uart.o
    0x08005b5e   0x08005b5e   0x00000002   PAD
    0x08005b60   0x08005b60   0x00000008   Code   RO          945    .text.HAL_UART_RxCpltCallback  stm32f1xx_hal_uart.o
    0x08005b68   0x08005b68   0x00000008   Code   RO          947    .text.HAL_UART_RxHalfCpltCallback  stm32f1xx_hal_uart.o
    0x08005b70   0x08005b70   0x00000144   Code   RO          861    .text.HAL_UART_Transmit  stm32f1xx_hal_uart.o
    0x08005cb4   0x08005cb4   0x00000008   Code   RO          941    .text.HAL_UART_TxCpltCallback  stm32f1xx_hal_uart.o
    0x08005cbc   0x08005cbc   0x00000004   Code   RO          100    .text.HardFault_Handler  stm32f1xx_it.o
    0x08005cc0   0x08005cc0   0x00000058   Code   RO          315    .text.I2C_IsAcknowledgeFailed  stm32f1xx_hal_i2c.o
    0x08005d18   0x08005d18   0x00000110   Code   RO          167    .text.I2C_MasterRequestWrite  stm32f1xx_hal_i2c.o
    0x08005e28   0x08005e28   0x000001f2   Code   RO          211    .text.I2C_RequestMemoryRead  stm32f1xx_hal_i2c.o
    0x0800601a   0x0800601a   0x00000002   PAD
    0x0800601c   0x0800601c   0x0000014a   Code   RO          207    .text.I2C_RequestMemoryWrite  stm32f1xx_hal_i2c.o
    0x08006166   0x08006166   0x00000002   PAD
    0x08006168   0x08006168   0x0000008e   Code   RO          171    .text.I2C_WaitOnBTFFlagUntilTimeout  stm32f1xx_hal_i2c.o
    0x080061f6   0x080061f6   0x00000002   PAD
    0x080061f8   0x080061f8   0x000000b2   Code   RO          165    .text.I2C_WaitOnFlagUntilTimeout  stm32f1xx_hal_i2c.o
    0x080062aa   0x080062aa   0x00000002   PAD
    0x080062ac   0x080062ac   0x00000100   Code   RO          313    .text.I2C_WaitOnMasterAddressFlagUntilTimeout  stm32f1xx_hal_i2c.o
    0x080063ac   0x080063ac   0x000000b4   Code   RO          177    .text.I2C_WaitOnRXNEFlagUntilTimeout  stm32f1xx_hal_i2c.o
    0x08006460   0x08006460   0x0000008c   Code   RO          169    .text.I2C_WaitOnTXEFlagUntilTimeout  stm32f1xx_hal_i2c.o
    0x080064ec   0x080064ec   0x0000004c   Code   RO           35    .text.MX_DMA_Init   dma.o
    0x08006538   0x08006538   0x0000021a   Code   RO           27    .text.MX_GPIO_Init  gpio.o
    0x08006752   0x08006752   0x00000002   PAD
    0x08006754   0x08006754   0x00000044   Code   RO           43    .text.MX_I2C1_Init  i2c.o
    0x08006798   0x08006798   0x0000004a   Code   RO           66    .text.MX_SPI1_Init  spi.o
    0x080067e2   0x080067e2   0x00000002   PAD
    0x080067e4   0x080067e4   0x0000003c   Code   RO           82    .text.MX_USART2_UART_Init  usart.o
    0x08006820   0x08006820   0x00000004   Code   RO          102    .text.MemManage_Handler  stm32f1xx_it.o
    0x08006824   0x08006824   0x00000002   Code   RO           98    .text.NMI_Handler   stm32f1xx_it.o
    0x08006826   0x08006826   0x00000002   PAD
    0x08006828   0x08006828   0x0000006e   Code   RO          510    .text.NVIC_EncodePriority  stm32f1xx_hal_cortex.o
    0x08006896   0x08006896   0x00000002   PAD
    0x08006898   0x08006898   0x00000002   Code   RO          112    .text.PendSV_Handler  stm32f1xx_it.o
    0x0800689a   0x0800689a   0x00000002   PAD
    0x0800689c   0x0800689c   0x0000003a   Code   RO          390    .text.RCC_Delay     stm32f1xx_hal_rcc.o
    0x080068d6   0x080068d6   0x00000002   PAD
    0x080068d8   0x080068d8   0x0000003e   Code   RO          735    .text.SPI_EndRxTxTransaction  stm32f1xx_hal_spi.o
    0x08006916   0x08006916   0x00000002   PAD
    0x08006918   0x08006918   0x00000120   Code   RO          833    .text.SPI_WaitFlagStateUntilTimeout  stm32f1xx_hal_spi.o
    0x08006a38   0x08006a38   0x000000a4   Code   RO         1619    .text.SSD1306_DrawPixel  ssd1306.o
    0x08006adc   0x08006adc   0x0000002a   Code   RO         1611    .text.SSD1306_Fill  ssd1306.o
    0x08006b06   0x08006b06   0x00000002   PAD
    0x08006b08   0x08006b08   0x00000026   Code   RO         1621    .text.SSD1306_GotoXY  ssd1306.o
    0x08006b2e   0x08006b2e   0x00000002   PAD
    0x08006b30   0x08006b30   0x00000186   Code   RO         1607    .text.SSD1306_Init  ssd1306.o
    0x08006cb6   0x08006cb6   0x00000002   PAD
    0x08006cb8   0x08006cb8   0x00000116   Code   RO         1623    .text.SSD1306_Putc  ssd1306.o
    0x08006dce   0x08006dce   0x00000002   PAD
    0x08006dd0   0x08006dd0   0x00000050   Code   RO         1625    .text.SSD1306_Puts  ssd1306.o
    0x08006e20   0x08006e20   0x0000006c   Code   RO         1613    .text.SSD1306_UpdateScreen  ssd1306.o
    0x08006e8c   0x08006e8c   0x00000002   Code   RO          108    .text.SVC_Handler   stm32f1xx_it.o
    0x08006e8e   0x08006e8e   0x00000002   PAD
    0x08006e90   0x08006e90   0x00000010   Code   RO         1519    .text.Sleep         port.o
    0x08006ea0   0x08006ea0   0x00000052   Code   RO          526    .text.SysTick_Config  stm32f1xx_hal_cortex.o
    0x08006ef2   0x08006ef2   0x00000002   PAD
    0x08006ef4   0x08006ef4   0x00000008   Code   RO          114    .text.SysTick_Handler  stm32f1xx_it.o
    0x08006efc   0x08006efc   0x0000007a   Code   RO           13    .text.SystemClock_Config  main.o
    0x08006f76   0x08006f76   0x00000002   PAD
    0x08006f78   0x08006f78   0x00000002   Code   RO          975    .text.SystemInit    system_stm32f1xx.o
    0x08006f7a   0x08006f7a   0x00000002   PAD
    0x08006f7c   0x08006f7c   0x00000020   Code   RO          931    .text.UART_DMAAbortOnError  stm32f1xx_hal_uart.o
    0x08006f9c   0x08006f9c   0x0000007c   Code   RO          879    .text.UART_DMAError  stm32f1xx_hal_uart.o
    0x08007018   0x08007018   0x00000084   Code   RO          963    .text.UART_DMAReceiveCplt  stm32f1xx_hal_uart.o
    0x0800709c   0x0800709c   0x0000002e   Code   RO          965    .text.UART_DMARxHalfCplt  stm32f1xx_hal_uart.o
    0x080070ca   0x080070ca   0x00000002   PAD
    0x080070cc   0x080070cc   0x00000044   Code   RO          893    .text.UART_EndRxTransfer  stm32f1xx_hal_uart.o
    0x08007110   0x08007110   0x00000024   Code   RO          939    .text.UART_EndTransmit_IT  stm32f1xx_hal_uart.o
    0x08007134   0x08007134   0x0000001a   Code   RO          891    .text.UART_EndTxTransfer  stm32f1xx_hal_uart.o
    0x0800714e   0x0800714e   0x00000002   PAD
    0x08007150   0x08007150   0x00000144   Code   RO          929    .text.UART_Receive_IT  stm32f1xx_hal_uart.o
    0x08007294   0x08007294   0x00000174   Code   RO          849    .text.UART_SetConfig  stm32f1xx_hal_uart.o
    0x08007408   0x08007408   0x000000c2   Code   RO          883    .text.UART_Start_Receive_DMA  stm32f1xx_hal_uart.o
    0x080074ca   0x080074ca   0x00000002   PAD
    0x080074cc   0x080074cc   0x00000090   Code   RO          937    .text.UART_Transmit_IT  stm32f1xx_hal_uart.o
    0x0800755c   0x0800755c   0x00000090   Code   RO          863    .text.UART_WaitOnFlagUntilTimeout  stm32f1xx_hal_uart.o
    0x080075ec   0x080075ec   0x0000005a   Code   RO          122    .text.USART2_IRQHandler  stm32f1xx_it.o
    0x08007646   0x08007646   0x00000002   PAD
    0x08007648   0x08007648   0x00000004   Code   RO          106    .text.UsageFault_Handler  stm32f1xx_it.o
    0x0800764c   0x0800764c   0x00000034   Code   RO          518    .text.__NVIC_DisableIRQ  stm32f1xx_hal_cortex.o
    0x08007680   0x08007680   0x00000034   Code   RO         1561    .text.__NVIC_DisableIRQ  port.o
    0x080076b4   0x080076b4   0x0000002c   Code   RO          514    .text.__NVIC_EnableIRQ  stm32f1xx_hal_cortex.o
    0x080076e0   0x080076e0   0x0000002c   Code   RO         1563    .text.__NVIC_EnableIRQ  port.o
    0x0800770c   0x0800770c   0x00000010   Code   RO          506    .text.__NVIC_GetPriorityGrouping  stm32f1xx_hal_cortex.o
    0x0800771c   0x0800771c   0x0000003a   Code   RO          508    .text.__NVIC_SetPriority  stm32f1xx_hal_cortex.o
    0x08007756   0x08007756   0x00000002   PAD
    0x08007758   0x08007758   0x0000003c   Code   RO          502    .text.__NVIC_SetPriorityGrouping  stm32f1xx_hal_cortex.o
    0x08007794   0x08007794   0x00000026   Code   RO          522    .text.__NVIC_SystemReset  stm32f1xx_hal_cortex.o
    0x080077ba   0x080077ba   0x00000002   PAD
    0x080077bc   0x080077bc   0x0000004e   Code   RO         1226    .text._dwt_kick_dgc_on_wakeup  deca_device.o
    0x0800780a   0x0800780a   0x00000002   PAD
    0x0800780c   0x0800780c   0x00000058   Code   RO         1182    .text._dwt_otpread  deca_device.o
    0x08007864   0x08007864   0x0000003a   Code   RO         1184    .text._dwt_prog_ldo_and_bias_tune  deca_device.o
    0x0800789e   0x0800789e   0x00000002   PAD
    0x080078a0   0x080078a0   0x00000014   Code   RO         1068    .text.anc_rx_err_cb  instance_anchor.o
    0x080078b4   0x080078b4   0x00000050   Code   RO         1064    .text.anc_rx_ok_cb  instance_anchor.o
    0x08007904   0x08007904   0x00000014   Code   RO         1066    .text.anc_rx_to_cb  instance_anchor.o
    0x08007918   0x08007918   0x00000014   Code   RO         1070    .text.anc_tx_conf_cb  instance_anchor.o
    0x0800792c   0x0800792c   0x00000f30   Code   RO         1062    .text.anchor_app    instance_anchor.o
    0x0800885c   0x0800885c   0x0000000a   Code   RO           17    .text.assert_failed  main.o
    0x08008866   0x08008866   0x00000002   PAD
    0x08008868   0x08008868   0x000000c6   Code   RO         1058    .text.checkDataConsistency  instance_anchor.o
    0x0800892e   0x0800892e   0x00000002   PAD
    0x08008930   0x08008930   0x00000016   Code   RO         1740    .text.cw2015_read_battery  cw2015.o
    0x08008946   0x08008946   0x00000002   PAD
    0x08008948   0x08008948   0x00000046   Code   RO         1734    .text.cw2015_read_byte  cw2015.o
    0x0800898e   0x0800898e   0x00000002   PAD
    0x08008990   0x08008990   0x00000010   Code   RO         1488    .text.deca_usleep   deca_sleep.o
    0x080089a0   0x080089a0   0x00000018   Code   RO         1477    .text.decamutexoff  deca_mutex.o
    0x080089b8   0x080089b8   0x0000001e   Code   RO         1475    .text.decamutexon   deca_mutex.o
    0x080089d6   0x080089d6   0x00000002   PAD
    0x080089d8   0x080089d8   0x0000005a   Code   RO          993    .text.dw_main       dw_main.o
    0x08008a32   0x08008a32   0x00000002   PAD
    0x08008a34   0x08008a34   0x0000008c   Code   RO         1212    .text.dwt_calcbandwidthadj  deca_device.o
    0x08008ac0   0x08008ac0   0x0000003e   Code   RO         1180    .text.dwt_check_dev_id  deca_device.o
    0x08008afe   0x08008afe   0x00000002   PAD
    0x08008b00   0x08008b00   0x0000001c   Code   RO         1338    .text.dwt_checkidlerc  deca_device.o
    0x08008b1c   0x08008b1c   0x0000005c   Code   RO         1324    .text.dwt_configciadiag  deca_device.o
    0x08008b78   0x08008b78   0x0000012a   Code   RO         1220    .text.dwt_configmrxlut  deca_device.o
    0x08008ca2   0x08008ca2   0x00000002   PAD
    0x08008ca4   0x08008ca4   0x000004de   Code   RO         1230    .text.dwt_configure  deca_device.o
    0x08009182   0x08009182   0x00000002   PAD
    0x08009184   0x08009184   0x00000054   Code   RO         1290    .text.dwt_configureframefilter  deca_device.o
    0x080091d8   0x080091d8   0x00000066   Code   RO         1210    .text.dwt_configuretxrf  deca_device.o
    0x0800923e   0x0800923e   0x00000002   PAD
    0x08009240   0x08009240   0x00000048   Code   RO         1396    .text.dwt_disable_rf_tx  deca_device.o
    0x08009288   0x08009288   0x00000018   Code   RO         1394    .text.dwt_disable_rftx_blocks  deca_device.o
    0x080092a0   0x080092a0   0x00000096   Code   RO         1378    .text.dwt_enable_rf_tx  deca_device.o
    0x08009336   0x08009336   0x00000002   PAD
    0x08009338   0x08009338   0x00000050   Code   RO         1380    .text.dwt_enable_rftx_blocks  deca_device.o
    0x08009388   0x08009388   0x0000005e   Code   RO         1188    .text.dwt_force_clocks  deca_device.o
    0x080093e6   0x080093e6   0x00000002   PAD
    0x080093e8   0x080093e8   0x00000022   Code   RO         1350    .text.dwt_forcetrxoff  deca_device.o
    0x0800940a   0x0800940a   0x00000002   PAD
    0x0800940c   0x0800940c   0x00000050   Code   RO         1172    .text.dwt_generatecrc8  deca_device.o
    0x0800945c   0x0800945c   0x000001b4   Code   RO         1581    .text.dwt_getrangebias  deca_range_tables.o
    0x08009610   0x08009610   0x000001fe   Code   RO         1178    .text.dwt_initialise  deca_device.o
    0x0800980e   0x0800980e   0x00000002   PAD
    0x08009810   0x08009810   0x0000049e   Code   RO         1340    .text.dwt_isr       deca_device.o
    0x08009cae   0x08009cae   0x00000002   PAD
    0x08009cb0   0x08009cb0   0x00000056   Code   RO         1168    .text.dwt_modify16bitoffsetreg  deca_device.o
    0x08009d06   0x08009d06   0x00000002   PAD
    0x08009d08   0x08009d08   0x00000062   Code   RO         1166    .text.dwt_modify32bitoffsetreg  deca_device.o
    0x08009d6a   0x08009d6a   0x00000002   PAD
    0x08009d6c   0x08009d6c   0x00000046   Code   RO         1170    .text.dwt_modify8bitoffsetreg  deca_device.o
    0x08009db2   0x08009db2   0x00000002   PAD
    0x08009db4   0x08009db4   0x0000005e   Code   RO         1236    .text.dwt_pgf_cal   deca_device.o
    0x08009e12   0x08009e12   0x00000002   PAD
    0x08009e14   0x08009e14   0x00000034   Code   RO         1156    .text.dwt_read16bitoffsetreg  deca_device.o
    0x08009e48   0x08009e48   0x00000046   Code   RO         1154    .text.dwt_read32bitoffsetreg  deca_device.o
    0x08009e8e   0x08009e8e   0x00000002   PAD
    0x08009e90   0x08009e90   0x00000020   Code   RO         1158    .text.dwt_read8bitoffsetreg  deca_device.o
    0x08009eb0   0x08009eb0   0x00000012   Code   RO         1208    .text.dwt_readdevid  deca_device.o
    0x08009ec2   0x08009ec2   0x00000002   PAD
    0x08009ec4   0x08009ec4   0x00000036   Code   RO         1152    .text.dwt_readfromdevice  deca_device.o
    0x08009efa   0x08009efa   0x00000002   PAD
    0x08009efc   0x08009efc   0x0000009c   Code   RO         1250    .text.dwt_readrxdata  deca_device.o
    0x08009f98   0x08009f98   0x00000058   Code   RO         1274    .text.dwt_readrxtimestamp  deca_device.o
    0x08009ff0   0x08009ff0   0x00000054   Code   RO         1258    .text.dwt_readstsquality  deca_device.o
    0x0800a044   0x0800a044   0x00000016   Code   RO         1264    .text.dwt_readtxtimestamp  deca_device.o
    0x0800a05a   0x0800a05a   0x00000002   PAD
    0x0800a05c   0x0800a05c   0x00000108   Code   RO         1238    .text.dwt_run_pgfcal  deca_device.o
    0x0800a164   0x0800a164   0x000000e4   Code   RO         1354    .text.dwt_rxenable  deca_device.o
    0x0800a248   0x0800a248   0x0000001e   Code   RO         1294    .text.dwt_setaddress16  deca_device.o
    0x0800a266   0x0800a266   0x00000002   PAD
    0x0800a268   0x0800a268   0x00000044   Code   RO         1334    .text.dwt_setcallbacks  deca_device.o
    0x0800a2ac   0x0800a2ac   0x00000014   Code   RO         1346    .text.dwt_setdelayedtrxtime  deca_device.o
    0x0800a2c0   0x0800a2c0   0x000000a8   Code   RO         1186    .text.dwt_setdwstate  deca_device.o
    0x0800a368   0x0800a368   0x00000084   Code   RO         1360    .text.dwt_setinterrupt  deca_device.o
    0x0800a3ec   0x0800a3ec   0x000000b8   Code   RO         1342    .text.dwt_setleds   deca_device.o
    0x0800a4a4   0x0800a4a4   0x00000072   Code   RO         1196    .text.dwt_setlnapamode  deca_device.o
    0x0800a516   0x0800a516   0x00000002   PAD
    0x0800a518   0x0800a518   0x0000001e   Code   RO         1292    .text.dwt_setpanid  deca_device.o
    0x0800a536   0x0800a536   0x00000002   PAD
    0x0800a538   0x0800a538   0x0000001e   Code   RO         1234    .text.dwt_setplenfine  deca_device.o
    0x0800a556   0x0800a556   0x00000002   PAD
    0x0800a558   0x0800a558   0x00000022   Code   RO         1358    .text.dwt_setpreambledetecttimeout  deca_device.o
    0x0800a57a   0x0800a57a   0x00000002   PAD
    0x0800a57c   0x0800a57c   0x00000020   Code   RO         1240    .text.dwt_setrxantennadelay  deca_device.o
    0x0800a59c   0x0800a59c   0x00000042   Code   RO         1356    .text.dwt_setrxtimeout  deca_device.o
    0x0800a5de   0x0800a5de   0x00000002   PAD
    0x0800a5e0   0x0800a5e0   0x00000022   Code   RO         1242    .text.dwt_settxantennadelay  deca_device.o
    0x0800a602   0x0800a602   0x00000002   PAD
    0x0800a604   0x0800a604   0x00000048   Code   RO         1328    .text.dwt_signal_rx_buff_free  deca_device.o
    0x0800a64c   0x0800a64c   0x000001fa   Code   RO         1348    .text.dwt_starttx   deca_device.o
    0x0800a846   0x0800a846   0x00000002   PAD
    0x0800a848   0x0800a848   0x00000036   Code   RO         1162    .text.dwt_write16bitoffsetreg  deca_device.o
    0x0800a87e   0x0800a87e   0x00000002   PAD
    0x0800a880   0x0800a880   0x00000042   Code   RO         1160    .text.dwt_write32bitoffsetreg  deca_device.o
    0x0800a8c2   0x0800a8c2   0x00000002   PAD
    0x0800a8c4   0x0800a8c4   0x00000026   Code   RO         1164    .text.dwt_write8bitoffsetreg  deca_device.o
    0x0800a8ea   0x0800a8ea   0x00000002   PAD
    0x0800a8ec   0x0800a8ec   0x00000038   Code   RO         1146    .text.dwt_writetodevice  deca_device.o
    0x0800a924   0x0800a924   0x00000088   Code   RO         1244    .text.dwt_writetxdata  deca_device.o
    0x0800a9ac   0x0800a9ac   0x0000008a   Code   RO         1246    .text.dwt_writetxfctrl  deca_device.o
    0x0800aa36   0x0800aa36   0x00000002   PAD
    0x0800aa38   0x0800aa38   0x000001ea   Code   RO         1148    .text.dwt_xfer3000  deca_device.o
    0x0800ac22   0x0800ac22   0x00000002   PAD
    0x0800ac24   0x0800ac24   0x00000066   Code   RO         1718    .text.e2prom_Read_Bytes  e2prom.o
    0x0800ac8a   0x0800ac8a   0x00000002   PAD
    0x0800ac8c   0x0800ac8c   0x00000066   Code   RO         1716    .text.e2prom_Write_Bytes  e2prom.o
    0x0800acf2   0x0800acf2   0x00000002   PAD
    0x0800acf4   0x0800acf4   0x00000016   Code   RO         1537    .text.expr_on       port.o
    0x0800ad0a   0x0800ad0a   0x00000002   PAD
    0x0800ad0c   0x0800ad0c   0x00000042   Code   RO         1451    .text.final_msg_get_ts  shared_functions.o
    0x0800ad4e   0x0800ad4e   0x00000002   PAD
    0x0800ad50   0x0800ad50   0x0000004c   Code   RO         1453    .text.final_msg_set_ts  shared_functions.o
    0x0800ad9c   0x0800ad9c   0x00000026   Code   RO           80    .text.fputc         usart.o
    0x0800adc2   0x0800adc2   0x00000002   PAD
    0x0800adc4   0x0800adc4   0x0000005e   Code   RO         1449    .text.get_rx_timestamp_u64  shared_functions.o
    0x0800ae22   0x0800ae22   0x00000002   PAD
    0x0800ae24   0x0800ae24   0x0000006c   Code   RO         1232    .text.get_sts_mnth  deca_device.o
    0x0800ae90   0x0800ae90   0x0000005e   Code   RO         1447    .text.get_tx_timestamp_u64  shared_functions.o
    0x0800aeee   0x0800aeee   0x00000002   PAD
    0x0800aef0   0x0800aef0   0x00000122   Code   RO         1099    .text.init_data     instance_tag.o
    0x0800b012   0x0800b012   0x00000002   PAD
    0x0800b014   0x0800b014   0x0000005e   Code   RO         1645    .text.lcd_display   ssd1306.o
    0x0800b072   0x0800b072   0x00000002   PAD
    0x0800b074   0x0800b074   0x00000088   Code   RO         1543    .text.led_off       port.o
    0x0800b0fc   0x0800b0fc   0x00000088   Code   RO         1541    .text.led_on        port.o
    0x0800b184   0x0800b184   0x0000007a   Code   RO         1539    .text.led_toggle    port.o
    0x0800b1fe   0x0800b1fe   0x00000002   PAD
    0x0800b200   0x0800b200   0x0000006a   Code   RO           11    .text.main          main.o
    0x0800b26a   0x0800b26a   0x00000002   PAD
    0x0800b26c   0x0800b26c   0x00000014   Code   RO         1515    .text.portGetTickCnt  port.o
    0x0800b280   0x0800b280   0x00000012   Code   RO         1565    .text.port_CheckEXT_IRQ  port.o
    0x0800b292   0x0800b292   0x00000002   PAD
    0x0800b294   0x0800b294   0x0000000a   Code   RO         1557    .text.port_DisableEXT_IRQ  port.o
    0x0800b29e   0x0800b29e   0x00000002   PAD
    0x0800b2a0   0x0800b2a0   0x0000000a   Code   RO         1559    .text.port_EnableEXT_IRQ  port.o
    0x0800b2aa   0x0800b2aa   0x00000002   PAD
    0x0800b2ac   0x0800b2ac   0x0000000a   Code   RO         1555    .text.port_GetEXT_IRQStatus  port.o
    0x0800b2b6   0x0800b2b6   0x00000002   PAD
    0x0800b2b8   0x0800b2b8   0x00000014   Code   RO         1551    .text.port_set_dw_ic_spi_fastrate  port.o
    0x0800b2cc   0x0800b2cc   0x0000002e   Code   RO         1553    .text.port_set_dwic_isr  port.o
    0x0800b2fa   0x0800b2fa   0x00000002   PAD
    0x0800b2fc   0x0800b2fc   0x00000120   Code   RO         1060    .text.printInfoPeriodically  instance_anchor.o
    0x0800b41c   0x0800b41c   0x00000386   Code   RO          997    .text.print_config  dw_main.o
    0x0800b7a2   0x0800b7a2   0x00000002   PAD
    0x0800b7a4   0x0800b7a4   0x00000030   Code   RO         1569    .text.process_deca_irq  port.o
    0x0800b7d4   0x0800b7d4   0x00000120   Code   RO          995    .text.read_anc_coord  dw_main.o
    0x0800b8f4   0x0800b8f4   0x00000104   Code   RO         1418    .text.read_rx_power  deca_device.o
    0x0800b9f8   0x0800b9f8   0x000000be   Code   RO         1503    .text.readfromspi   deca_spi.o
    0x0800bab6   0x0800bab6   0x00000002   PAD
    0x0800bab8   0x0800bab8   0x00000052   Code   RO         1527    .text.reset_DWIC    port.o
    0x0800bb0a   0x0800bb0a   0x00000002   PAD
    0x0800bb0c   0x0800bb0c   0x000001a4   Code   RO          989    .text.set_instance  dw_main.o
    0x0800bcb0   0x0800bcb0   0x0000008c   Code   RO         1529    .text.setup_DWICRSTnIRQ  port.o
    0x0800bd3c   0x0800bd3c   0x00000052   Code   RO         1609    .text.ssd1306_I2C_Write  ssd1306.o
    0x0800bd8e   0x0800bd8e   0x00000002   PAD
    0x0800bd90   0x0800bd90   0x000000ac   Code   RO         1615    .text.ssd1306_I2C_WriteMulti  ssd1306.o
    0x0800be3c   0x0800be3c   0x0000002e   Code   RO         1535    .text.switch_is_on  port.o
    0x0800be6a   0x0800be6a   0x00000002   PAD
    0x0800be6c   0x0800be6c   0x00000f60   Code   RO         1101    .text.tag_app       instance_tag.o
    0x0800cdcc   0x0800cdcc   0x00000014   Code   RO         1107    .text.tag_rx_err_cb  instance_tag.o
    0x0800cde0   0x0800cde0   0x00000034   Code   RO         1103    .text.tag_rx_ok_cb  instance_tag.o
    0x0800ce14   0x0800ce14   0x00000014   Code   RO         1105    .text.tag_rx_to_cb  instance_tag.o
    0x0800ce28   0x0800ce28   0x00000014   Code   RO         1109    .text.tag_tx_conf_cb  instance_tag.o
    0x0800ce3c   0x0800ce3c   0x00000040   Code   RO         1517    .text.usleep        port.o
    0x0800ce7c   0x0800ce7c   0x0000007a   Code   RO         1501    .text.writetospi    deca_spi.o
    0x0800cef6   0x0800cef6   0x00000002   PAD
    0x0800cef8   0x0800cef8   0x000000ac   Code   RO         1505    .text.writetospiwithcrc  deca_spi.o
    0x0800cfa4   0x0800cfa4   0x00000020   Code   RO         1789    i.__0printf         mc_w.l(printfa.o)
    0x0800cfc4   0x0800cfc4   0x00000028   Code   RO         1791    i.__0sprintf        mc_w.l(printfa.o)
    0x0800cfec   0x0800cfec   0x000000aa   Code   RO         1981    i.__kernel_poly     m_ws.l(poly.o)
    0x0800d096   0x0800d096   0x00000002   PAD
    0x0800d098   0x0800d098   0x00000010   Code   RO         1864    i.__mathlib_dbl_divzero  m_ws.l(dunder.o)
    0x0800d0a8   0x0800d0a8   0x00000006   Code   RO         1865    i.__mathlib_dbl_infnan  m_ws.l(dunder.o)
    0x0800d0ae   0x0800d0ae   0x0000000c   Code   RO         1867    i.__mathlib_dbl_invalid  m_ws.l(dunder.o)
    0x0800d0ba   0x0800d0ba   0x00000002   PAD
    0x0800d0bc   0x0800d0bc   0x0000000c   Code   RO         1944    i.__read_errno      mc_w.l(errno.o)
    0x0800d0c8   0x0800d0c8   0x0000000e   Code   RO         2001    i.__scatterload_copy  mc_w.l(handlers.o)
    0x0800d0d6   0x0800d0d6   0x00000002   Code   RO         2002    i.__scatterload_null  mc_w.l(handlers.o)
    0x0800d0d8   0x0800d0d8   0x0000000e   Code   RO         2003    i.__scatterload_zeroinit  mc_w.l(handlers.o)
    0x0800d0e6   0x0800d0e6   0x00000002   PAD
    0x0800d0e8   0x0800d0e8   0x0000000c   Code   RO         1945    i.__set_errno       mc_w.l(errno.o)
    0x0800d0f4   0x0800d0f4   0x00000184   Code   RO         1796    i._fp_digits        mc_w.l(printfa.o)
    0x0800d278   0x0800d278   0x0000000e   Code   RO         1958    i._is_digit         mc_w.l(scanf_fp.o)
    0x0800d286   0x0800d286   0x00000002   PAD
    0x0800d288   0x0800d288   0x000006dc   Code   RO         1797    i._printf_core      mc_w.l(printfa.o)
    0x0800d964   0x0800d964   0x00000024   Code   RO         1798    i._printf_post_padding  mc_w.l(printfa.o)
    0x0800d988   0x0800d988   0x0000002e   Code   RO         1799    i._printf_pre_padding  mc_w.l(printfa.o)
    0x0800d9b6   0x0800d9b6   0x0000000a   Code   RO         1801    i._sputc            mc_w.l(printfa.o)
    0x0800d9c0   0x0800d9c0   0x0000002c   Code   RO         1752    i.atof              m_ws.l(atof.o)
    0x0800d9ec   0x0800d9ec   0x0000035c   Code   RO         1879    i.log               m_ws.l(log.o)
    0x0800dd48   0x0800dd48   0x000000e4   Code   RO         1756    i.log10             m_ws.l(log10.o)
    0x0800de2c   0x0800de2c   0x00000004   PAD
    0x0800de30   0x0800de30   0x00000038   Data   RO         1880    .constdata          m_ws.l(log.o)
    0x0800de68   0x0800de68   0x00000081   Data   RO         1916    .constdata          mc_w.l(ctype_o.o)
    0x0800dee9   0x0800dee9   0x00000003   PAD
    0x0800deec   0x0800deec   0x00000004   Data   RO         1917    .constdata          mc_w.l(ctype_o.o)
    0x0800def0   0x0800def0   0x00000008   Data   RO         1983    .constdata          m_ws.l(qnan.o)
    0x0800def8   0x0800def8   0x00000010   Data   RO          980    .rodata.AHBPrescTable  system_stm32f1xx.o
    0x0800df08   0x0800df08   0x00000008   Data   RO          981    .rodata.APBPrescTable  system_stm32f1xx.o
    0x0800df10   0x0800df10   0x0000076c   Data   RO         1597    .rodata.Font7x10    fonts.o
    0x0800e67c   0x0800e67c   0x00000008   Data   RO         1583    .rodata.chan_idxnb  deca_range_tables.o
    0x0800e684   0x0800e684   0x00000008   Data   RO         1584    .rodata.chan_idxwb  deca_range_tables.o
    0x0800e68c   0x0800e68c   0x00000094   Data   RO         1585    .rodata.range25cm16PRFnb  deca_range_tables.o
    0x0800e720   0x0800e720   0x00000088   Data   RO         1586    .rodata.range25cm16PRFwb  deca_range_tables.o
    0x0800e7a8   0x0800e7a8   0x00000068   Data   RO         1587    .rodata.range25cm64PRFnb  deca_range_tables.o
    0x0800e810   0x0800e810   0x00000076   Data   RO         1588    .rodata.range25cm64PRFwb  deca_range_tables.o
    0x0800e886   0x0800e886   0x00000038   Data   RO          317    .rodata.str1.1      stm32f1xx_hal_i2c.o
    0x0800e8be   0x0800e8be   0x00000038   Data   RO          416    .rodata.str1.1      stm32f1xx_hal_rcc.o
    0x0800e8f6   0x0800e8f6   0x00000039   Data   RO          458    .rodata.str1.1      stm32f1xx_hal_gpio.o
    0x0800e92f   0x0800e92f   0x00000038   Data   RO          492    .rodata.str1.1      stm32f1xx_hal_dma.o
    0x0800e967   0x0800e967   0x0000003b   Data   RO          558    .rodata.str1.1      stm32f1xx_hal_cortex.o
    0x0800e9a2   0x0800e9a2   0x00000038   Data   RO          835    .rodata.str1.1      stm32f1xx_hal_spi.o
    0x0800e9da   0x0800e9da   0x00000039   Data   RO          967    .rodata.str1.1      stm32f1xx_hal_uart.o
    0x0800ea13   0x0800ea13   0x000002af   Data   RO         1019    .rodata.str1.1      dw_main.o
    0x0800ecc2   0x0800ecc2   0x000000b6   Data   RO         1076    .rodata.str1.1      instance_anchor.o
    0x0800ed78   0x0800ed78   0x00000022   Data   RO         1130    .rodata.str1.1      instance_tag.o
    0x0800ed9a   0x0800ed9a   0x0000001b   Data   RO         1507    .rodata.str1.1      deca_spi.o
    0x0800edb5   0x0800edb5   0x00000001   PAD
    0x0800edb6   0x0800edb6   0x0000000e   Data   RO         1422    .rodata.sts_length_factors  deca_device.o
    0x0800edc4   0x0800edc4   0x00000020   Data   RO         2000    Region$$Table       anon$$obj.o


    Execution Region RW_IRAM1 (Exec base: 0x20000000, Load base: 0x0800ede8, Size: 0x00002210, Max: 0x00005000, ABSOLUTE, COMPRESSED[0x00000078])

    Exec Addr    Load Addr    Size         Type   Attr      Idx    E Section Name        Object

    0x20000000   COMPRESSED   0x00000004   Data   RW         1781    .data               mc_w.l(strtok.o)
    0x20000004   COMPRESSED   0x00000004   Data   RW         1897    .data               mc_w.l(stdout.o)
    0x20000008   COMPRESSED   0x00000004   Data   RW         1946    .data               mc_w.l(errno.o)
    0x2000000c   COMPRESSED   0x00000018   Data   RW         1023    .data.DW3000_init.config1  dw_main.o
    0x20000024   COMPRESSED   0x00000018   Data   RW         1024    .data.DW3000_init.config2  dw_main.o
    0x2000003c   COMPRESSED   0x0000000c   Data   RW         1025    .data.DW3000_init.txconfig_options  dw_main.o
    0x20000048   COMPRESSED   0x00000008   Data   RW         1599    .data.Font_7x10     fonts.o
    0x20000050   COMPRESSED   0x00000004   Data   RW          979    .data.SystemCoreClock  system_stm32f1xx.o
    0x20000054   COMPRESSED   0x00000002   Data   RW         1009    .data.ant_dly       dw_main.o
    0x20000056   COMPRESSED   0x00000001   Data   RW         1004    .data.instance_mode  dw_main.o
    0x20000057   COMPRESSED   0x00000001   PAD
    0x20000058   COMPRESSED   0x00000004   Data   RW         1424    .data.pdw3000local  deca_device.o
    0x2000005c   COMPRESSED   0x00000001   Data   RW         1119    .data.resp_expect   instance_tag.o
    0x2000005d   COMPRESSED   0x00000001   Data   RW         1003    .data.switch8       dw_main.o
    0x2000005e   COMPRESSED   0x00000028   Data   RW         1134    .data.tx_final_msg  instance_tag.o
    0x20000086   COMPRESSED   0x00000154   Data   RW         1132    .data.tx_final_msg_  instance_tag.o
    0x200001da   COMPRESSED   0x0000001a   Data   RW         1133    .data.tx_poll_msg   instance_tag.o
    0x200001f4   COMPRESSED   0x00000013   Data   RW         1091    .data.tx_resp_msg   instance_anchor.o
    0x20000207   COMPRESSED   0x0000000f   Data   RW         1080    .data.tx_sync_msg   instance_anchor.o
    0x20000216   COMPRESSED   0x00000002   PAD
    0x20000218   COMPRESSED   0x00000004   Data   RW          376    .data.uwTickFreq    stm32f1xx_hal.o
    0x2000021c   COMPRESSED   0x00000004   Data   RW          375    .data.uwTickPrio    stm32f1xx_hal.o
    0x20000220        -       0x00000001   Zero   RW         1112    .bss.Correction_flag  instance_tag.o
    0x20000221   COMPRESSED   0x00000003   PAD
    0x20000224        -       0x00000044   Zero   RW         1423    .bss.DW3000local    deca_device.o
    0x20000268        -       0x00000006   Zero   RW         1648    .bss.SSD1306        ssd1306.o
    0x2000026e        -       0x00000418   Zero   RW         1649    .bss.SSD1306_Buffer  ssd1306.o
    0x20000686        -       0x000000c8   Zero   RW         1041    .bss.UART_RX_BUF    dw_main.o
    0x2000074e        -       0x00000001   Zero   RW         1744    .bss.USE_CW2015     cw2015.o
    0x2000074f        -       0x00000001   Zero   RW         1724    .bss.USE_EXT_EEPROM  e2prom.o
    0x20000750        -       0x00000001   Zero   RW         1038    .bss.USE_IMU        dw_main.o
    0x20000751        -       0x00000001   Zero   RW         1647    .bss.USE_OLED       ssd1306.o
    0x20000752   COMPRESSED   0x00000002   PAD
    0x20000754        -       0x00000004   Zero   RW         1073    .bss.abnormal_data_count  instance_anchor.o
    0x20000758        -       0x00000004   Zero   RW         1075    .bss.abnormal_frame_count  instance_anchor.o
    0x2000075c        -       0x00000001   Zero   RW         1011    .bss.alarm          dw_main.o
    0x2000075d        -       0x00000001   Zero   RW         1017    .bss.anc_id         dw_main.o
    0x2000075e   COMPRESSED   0x00000002   PAD
    0x20000760        -       0x000000c0   Zero   RW         1039    .bss.anchorArray    dw_main.o
    0x20000820        -       0x00000001   Zero   RW         1014    .bss.ancrange_count  dw_main.o
    0x20000821        -       0x00000001   Zero   RW         1013    .bss.ancrange_flag  dw_main.o
    0x20000822        -       0x00000001   Zero   RW         1012    .bss.battery        dw_main.o
    0x20000823   COMPRESSED   0x00000001   PAD
    0x20000824        -       0x00000004   Zero   RW         1074    .bss.correct_frame_count  instance_anchor.o
    0x20000828        -       0x00000100   Zero   RW         1425    .bss.crcTable       deca_device.o
    0x20000928        -       0x00000001   Zero   RW         1016    .bss.dev_id         dw_main.o
    0x20000929   COMPRESSED   0x00000003   PAD
    0x2000092c        -       0x00000004   Zero   RW         1117    .bss.diff_time      instance_tag.o
    0x20000930        -       0x00000008   Zero   RW         1049    .bss.distance_now_m  dw_main.o
    0x20000938        -       0x00000004   Zero   RW         1036    .bss.distance_offset_cm  dw_main.o
    0x2000093c        -       0x00000020   Zero   RW         1043    .bss.distance_report  dw_main.o
    0x2000095c   COMPRESSED   0x00000004   PAD
    0x20000960        -       0x00000008   Zero   RW         1089    .bss.final_rx_ts    instance_anchor.o
    0x20000968        -       0x00000008   Zero   RW         1116    .bss.final_tx_ts    instance_tag.o
    0x20000970        -       0x00000001   Zero   RW         1006    .bss.frame_seq_nb   dw_main.o
    0x20000971   COMPRESSED   0x00000003   PAD
    0x20000974        -       0x00000004   Zero   RW         1090    .bss.g_bFrameCnt    instance_anchor.o
    0x20000978        -       0x00000001   Zero   RW         1020    .bss.group_id       dw_main.o
    0x20000979   COMPRESSED   0x00000003   PAD
    0x2000097c        -       0x00000020   Zero   RW         1044    .bss.group_report   dw_main.o
    0x2000099c        -       0x00000048   Zero   RW           89    .bss.hdma_usart2_rx  usart.o
    0x200009e4        -       0x00000048   Zero   RW           90    .bss.hdma_usart2_tx  usart.o
    0x20000a2c        -       0x0000005c   Zero   RW           49    .bss.hi2c1          i2c.o
    0x20000a88        -       0x0000000c   Zero   RW           59    .bss.hiwdg          iwdg.o
    0x20000a94        -       0x0000005c   Zero   RW           72    .bss.hspi1          spi.o
    0x20000af0        -       0x0000004c   Zero   RW           88    .bss.huart2         usart.o
    0x20000b3c        -       0x00000004   Zero   RW         1113    .bss.init_data.counter_send  instance_tag.o
    0x20000b40        -       0x00000001   Zero   RW         1028    .bss.inst_ch        dw_main.o
    0x20000b41        -       0x00000001   Zero   RW         1027    .bss.inst_dataRate  dw_main.o
    0x20000b42   COMPRESSED   0x00000002   PAD
    0x20000b44        -       0x00000004   Zero   RW         1033    .bss.inst_data_interval  dw_main.o
    0x20000b48        -       0x00000004   Zero   RW         1031    .bss.inst_final_rx_timeout  dw_main.o
    0x20000b4c        -       0x00000001   Zero   RW         1030    .bss.inst_one_slot_time  dw_main.o
    0x20000b4d   COMPRESSED   0x00000003   PAD
    0x20000b50        -       0x00000008   Zero   RW         1034    .bss.inst_poll2final_time  dw_main.o
    0x20000b58        -       0x00000001   Zero   RW         1029    .bss.inst_prf       dw_main.o
    0x20000b59   COMPRESSED   0x00000003   PAD
    0x20000b5c        -       0x00000004   Zero   RW         1032    .bss.inst_resp_rx_timeout  dw_main.o
    0x20000b60        -       0x00000002   Zero   RW         1026    .bss.inst_slot_number  dw_main.o
    0x20000b62        -       0x0000000a   Zero   RW         1018    .bss.lcd_data       dw_main.o
    0x20000b6c        -       0x00000001   Zero   RW         1128    .bss.led_flag       instance_tag.o
    0x20000b6d   COMPRESSED   0x00000003   PAD
    0x20000b70        -       0x00000004   Zero   RW         1127    .bss.led_time       instance_tag.o
    0x20000b74        -       0x00000004   Zero   RW         1111    .bss.next_period_time  instance_tag.o
    0x20000b78        -       0x00000008   Zero   RW         1082    .bss.poll_rx_ts     instance_anchor.o
    0x20000b80        -       0x00000008   Zero   RW         1115    .bss.poll_tx_ts     instance_tag.o
    0x20000b88        -       0x00000004   Zero   RW         1573    .bss.port_dwic_isr  port.o
    0x20000b8c        -       0x00000040   Zero   RW         1085    .bss.prev_range     instance_anchor.o
    0x20000bcc        -       0x00000004   Zero   RW         1077    .bss.printInfoPeriodically.loop_count  instance_anchor.o
    0x20000bd0        -       0x00000001   Zero   RW         1007    .bss.range_nb       dw_main.o
    0x20000bd1        -       0x00000001   Zero   RW         1008    .bss.range_status   dw_main.o
    0x20000bd2   COMPRESSED   0x00000002   PAD
    0x20000bd4        -       0x00000004   Zero   RW         1045    .bss.range_time     dw_main.o
    0x20000bd8        -       0x00000004   Zero   RW         1072    .bss.receive_count  instance_anchor.o
    0x20000bdc        -       0x00000001   Zero   RW         1047    .bss.recv_anc_id    dw_main.o
    0x20000bdd        -       0x00000001   Zero   RW         1046    .bss.recv_tag_id    dw_main.o
    0x20000bde   COMPRESSED   0x00000002   PAD
    0x20000be0        -       0x00000020   Zero   RW         1124    .bss.resp_rx_ts     instance_tag.o
    0x20000c00        -       0x00000008   Zero   RW         1088    .bss.resp_tx_ts     instance_anchor.o
    0x20000c08        -       0x00000001   Zero   RW         1087    .bss.resp_valid     instance_anchor.o
    0x20000c09        -       0x00000001   Zero   RW         1114    .bss.resp_valid     instance_tag.o
    0x20000c0a        -       0x00000001   Zero   RW         1084    .bss.rr             instance_anchor.o
    0x20000c0b        -       0x000003ff   Zero   RW         1079    .bss.rx_buffer      instance_anchor.o
    0x2000100a        -       0x0000007f   Zero   RW         1120    .bss.rx_buffer      instance_tag.o
    0x20001089   COMPRESSED   0x00000003   PAD
    0x2000108c        -       0x00000004   Zero   RW         1048    .bss.rx_power       dw_main.o
    0x20001090        -       0x00000001   Zero   RW         1078    .bss.rx_status      instance_anchor.o
    0x20001091        -       0x00000001   Zero   RW         1121    .bss.rx_status      instance_tag.o
    0x20001092   COMPRESSED   0x00000002   PAD
    0x20001094        -       0x00000004   Zero   RW         1572    .bss.signalResetDone  port.o
    0x20001098        -       0x00000001   Zero   RW         1010    .bss.sos            dw_main.o
    0x20001099        -       0x00000001   Zero   RW         1083    .bss.sr             instance_anchor.o
    0x2000109a        -       0x00000001   Zero   RW         1005    .bss.state          dw_main.o
    0x2000109b   COMPRESSED   0x00000001   PAD
    0x2000109c        -       0x00000002   Zero   RW         1086    .bss.stsqual        instance_anchor.o
    0x2000109e   COMPRESSED   0x00000002   PAD
    0x200010a0        -       0x00000004   Zero   RW         1571    .bss.sys_time_diff  port.o
    0x200010a4        -       0x00000004   Zero   RW         1125    .bss.tagSleepCorrection_ms  instance_tag.o
    0x200010a8        -       0x00000008   Zero   RW         1131    .bss.tag_app.coounter  instance_tag.o
    0x200010b0        -       0x00000001   Zero   RW         1129    .bss.tag_app.flagInitData  instance_tag.o
    0x200010b1        -       0x00000001   Zero   RW         1123    .bss.tag_app.no_resp_count  instance_tag.o
    0x200010b2   COMPRESSED   0x00000002   PAD
    0x200010b4        -       0x00000004   Zero   RW         1126    .bss.tag_app.nowtime  instance_tag.o
    0x200010b8        -       0x00000001   Zero   RW         1122    .bss.tag_app.resp_recved  instance_tag.o
    0x200010b9        -       0x00000001   Zero   RW         1021    .bss.tag_id         dw_main.o
    0x200010ba        -       0x00000001   Zero   RW         1015    .bss.target_ancid   dw_main.o
    0x200010bb        -       0x00000001   Zero   RW         1050    .bss.temp_dev_id    dw_main.o
    0x200010bc        -       0x00000004   Zero   RW         1035    .bss.tx_power       dw_main.o
    0x200010c0        -       0x00000001   Zero   RW         1081    .bss.tx_status      instance_anchor.o
    0x200010c1        -       0x00000001   Zero   RW         1118    .bss.tx_status      instance_tag.o
    0x200010c2   COMPRESSED   0x00000002   PAD
    0x200010c4        -       0x00000004   Zero   RW         1042    .bss.uart_rx_len    dw_main.o
    0x200010c8        -       0x00000140   Zero   RW         1040    .bss.user_data      dw_main.o
    0x20001208        -       0x00000004   Zero   RW          377    .bss.uwTick         stm32f1xx_hal.o
    0x2000120c   COMPRESSED   0x00000004   PAD
    0x20001210        -       0x00001000   Zero   RW            1    STACK               startup_stm32f103xb.o


==============================================================================

Image component sizes


      Code (inc. data)   RO Data    RW Data    ZI Data      Debug   Object Name

        92          0          0          0          1       1289   cw2015.o
      8784         24         14          4        324      37420   deca_device.o
        54          0          0          0          0        721   deca_mutex.o
       436          0        522          0          0       1450   deca_range_tables.o
        16          0          0          0          0        624   deca_sleep.o
       484          0         27          0          0       2302   deca_spi.o
        76          0          0          0          0       1978   dma.o
      3934          0        687         64        858      10301   dw_main.o
       556          0          0          0          1       2000   e2prom.o
         0          0       1900          8          0       1094   fonts.o
       538          0          0          0          0       2715   gpio.o
       194          0          0          0         92       4243   i2c.o
      4514         32        182         34       1142       6679   instance_anchor.o
      4338         34         34        407        215       5425   instance_tag.o
         0          0          0          0         12       1067   iwdg.o
       240          0          0          0          0       1821   main.o
      1136         12          0          0         12       6739   port.o
       330          0          0          0          0       3996   shared_functions.o
       224          0          0          0         92       4042   spi.o
      1448          0          0          0       1055       7914   ssd1306.o
        36          8        236          0       4096        796   startup_stm32f103xb.o
       258          0          0          8          4       5632   stm32f1xx_hal.o
       746          0         59          0          0       7595   stm32f1xx_hal_cortex.o
      1958          0         56          0          0       6356   stm32f1xx_hal_dma.o
      1822          0         57          0          0       4400   stm32f1xx_hal_gpio.o
      6094          0         56          0          0      37319   stm32f1xx_hal_i2c.o
        20          0          0          0          0       1549   stm32f1xx_hal_iwdg.o
       100          0          0          0          0       1185   stm32f1xx_hal_msp.o
      3646          0         56          0          0       7542   stm32f1xx_hal_rcc.o
      2880          0         56          0          0      19296   stm32f1xx_hal_spi.o
      3536          0         57          0          0      17921   stm32f1xx_hal_uart.o
       174          0          0          0          0       1817   stm32f1xx_it.o
         2          0         24          4          0       1561   system_stm32f1xx.o
       418          0          0          0        220       5436   usart.o

    ----------------------------------------------------------------------
     49324        110       4056        532       8176     222225   Object Totals
         0          0         32          0          0          0   (incl. Generated)
       240          0          1          3         52          0   (incl. Padding)

    ----------------------------------------------------------------------

      Code (inc. data)   RO Data    RW Data    ZI Data      Debug   Library Member Name

        44          0          0          0          0         84   atof.o
        34          4          0          0          0        204   dunder.o
       860         52         56          0          0        256   log.o
       228         30          0          0          0        120   log10.o
       170          0          0          0          0         96   poly.o
         0          0          8          0          0          0   qnan.o
        58          0          0          0          0          0   __dczerorl.o
        64          0          0          0          0         84   _sgetc.o
         8          4        133          0          0         68   ctype_o.o
         0          0          0          0          0          0   entry.o
         0          0          0          0          0          0   entry10a.o
         0          0          0          0          0          0   entry11a.o
         8          4          0          0          0          0   entry2.o
         4          0          0          0          0          0   entry5.o
         0          0          0          0          0          0   entry7b.o
         0          0          0          0          0          0   entry8b.o
         8          4          0          0          0          0   entry9a.o
        24         12          0          4          0        136   errno.o
        30          0          0          0          0          0   handlers.o
        36          8          0          0          0         68   init.o
        18          0          0          0          0         76   isspace_o.o
         0          0          0          0          0          0   iusefp.o
        30          0          0          0          0         68   llshl.o
        36          0          0          0          0         68   llsshr.o
        32          0          0          0          0         68   llushr.o
        36          0          0          0          0         68   memcpya.o
        36          0          0          0          0        108   memseta.o
      2308         96          0          0          0        604   printfa.o
       878         12          0          0          0        216   scanf_fp.o
         0          0          0          4          0          0   stdout.o
        18          0          0          0          0         68   strcpy.o
        14          0          0          0          0         68   strlen.o
       168         12          0          0          0        124   strtod.o
        68          6          0          4          0         80   strtok.o
        44          0          0          0          0         80   uidiv.o
        98          0          0          0          0         92   uldiv.o
        48          0          0          0          0         68   cdcmple.o
        48          0          0          0          0         68   cdrcmple.o
        56          0          0          0          0         88   d2f.o
       334          0          0          0          0        148   dadd.o
        54          0          0          0          0         80   dcmple.o
       222          0          0          0          0        100   ddiv.o
       186          0          0          0          0        176   depilogue.o
        62          0          0          0          0         80   dfixi.o
        74          0          0          0          0         80   dfixl.o
        48          0          0          0          0         68   dfixul.o
        34          0          0          0          0         76   dflti.o
        26          0          0          0          0         76   dfltui.o
        24          0          0          0          0         76   dfltul.o
       228          0          0          0          0         96   dmul.o
        46          0          0          0          0         80   dscalb.o
        38          0          0          0          0         68   f2d.o
       124          0          0          0          0         88   fdiv.o
       110          0          0          0          0        168   fepilogue.o
        50          0          0          0          0         68   ffixi.o
        18          0          0          0          0         68   fflti.o
        10          0          0          0          0         68   ffltui.o
       100          0          0          0          0         76   fmul.o

    ----------------------------------------------------------------------
      7320        248        200         12          0       4868   Library Totals
        20          4          3          0          0          0   (incl. Padding)

    ----------------------------------------------------------------------

      Code (inc. data)   RO Data    RW Data    ZI Data      Debug   Library Name

      1336         86         64          0          0        760   m_ws.l
      4024        158        133         12          0       2144   mc_w.l
      1940          0          0          0          0       1964   mf_w.l

    ----------------------------------------------------------------------
      7320        248        200         12          0       4868   Library Totals

    ----------------------------------------------------------------------

==============================================================================


      Code (inc. data)   RO Data    RW Data    ZI Data      Debug   

     56644        358       4256        544       8176     224193   Grand Totals
     56644        358       4256        120       8176     224193   ELF Image Totals (compressed)
     56644        358       4256        120          0          0   ROM Totals

==============================================================================

    Total RO  Size (Code + RO Data)                60900 (  59.47kB)
    Total RW  Size (RW Data + ZI Data)              8720 (   8.52kB)
    Total ROM Size (Code + RO Data + RW Data)      61020 (  59.59kB)

==============================================================================

