Component: ARM Compiler 6.9 Tool: armlink [5ced1b00]

==============================================================================

Section Cross References

    startup_stm32f103xb.o(RESET) refers to startup_stm32f103xb.o(STACK) for __initial_sp
    startup_stm32f103xb.o(RESET) refers to startup_stm32f103xb.o(.text) for Reset_Handler
    startup_stm32f103xb.o(RESET) refers to stm32f1xx_it.o(.text.NMI_Handler) for NMI_Handler
    startup_stm32f103xb.o(RESET) refers to stm32f1xx_it.o(.text.HardFault_Handler) for HardFault_Handler
    startup_stm32f103xb.o(RESET) refers to stm32f1xx_it.o(.text.MemManage_Handler) for MemManage_Handler
    startup_stm32f103xb.o(RESET) refers to stm32f1xx_it.o(.text.BusFault_Handler) for BusFault_Handler
    startup_stm32f103xb.o(RESET) refers to stm32f1xx_it.o(.text.UsageFault_Handler) for UsageFault_Handler
    startup_stm32f103xb.o(RESET) refers to stm32f1xx_it.o(.text.SVC_Handler) for SVC_Handler
    startup_stm32f103xb.o(RESET) refers to stm32f1xx_it.o(.text.DebugMon_Handler) for DebugMon_Handler
    startup_stm32f103xb.o(RESET) refers to stm32f1xx_it.o(.text.PendSV_Handler) for PendSV_Handler
    startup_stm32f103xb.o(RESET) refers to stm32f1xx_it.o(.text.SysTick_Handler) for SysTick_Handler
    startup_stm32f103xb.o(RESET) refers to stm32f1xx_it.o(.text.EXTI0_IRQHandler) for EXTI0_IRQHandler
    startup_stm32f103xb.o(RESET) refers to stm32f1xx_it.o(.text.DMA1_Channel6_IRQHandler) for DMA1_Channel6_IRQHandler
    startup_stm32f103xb.o(RESET) refers to stm32f1xx_it.o(.text.DMA1_Channel7_IRQHandler) for DMA1_Channel7_IRQHandler
    startup_stm32f103xb.o(RESET) refers to stm32f1xx_it.o(.text.EXTI9_5_IRQHandler) for EXTI9_5_IRQHandler
    startup_stm32f103xb.o(RESET) refers to stm32f1xx_it.o(.text.USART2_IRQHandler) for USART2_IRQHandler
    startup_stm32f103xb.o(.text) refers to system_stm32f1xx.o(.text.SystemInit) for SystemInit
    startup_stm32f103xb.o(.text) refers to entry.o(.ARM.Collect$$$$00000000) for __main
    main.o(.text.main) refers to stm32f1xx_hal.o(.text.HAL_Init) for HAL_Init
    main.o(.text.main) refers to stm32f1xx_hal_rcc.o(.text.HAL_RCC_OscConfig) for HAL_RCC_OscConfig
    main.o(.text.main) refers to stm32f1xx_hal_rcc.o(.text.HAL_RCC_ClockConfig) for HAL_RCC_ClockConfig
    main.o(.text.main) refers to gpio.o(.text.MX_GPIO_Init) for MX_GPIO_Init
    main.o(.text.main) refers to dma.o(.text.MX_DMA_Init) for MX_DMA_Init
    main.o(.text.main) refers to spi.o(.text.MX_SPI1_Init) for MX_SPI1_Init
    main.o(.text.main) refers to usart.o(.text.MX_USART2_UART_Init) for MX_USART2_UART_Init
    main.o(.text.main) refers to i2c.o(.text.MX_I2C1_Init) for MX_I2C1_Init
    main.o(.text.main) refers to iwdg.o(.text.MX_IWDG_Init) for MX_IWDG_Init
    main.o(.text.main) refers to ssd1306.o(.text.SSD1306_Init) for SSD1306_Init
    main.o(.text.main) refers to ssd1306.o(.bss.USE_OLED) for USE_OLED
    main.o(.text.main) refers to e2prom.o(.text.e2prom_Init) for e2prom_Init
    main.o(.text.main) refers to e2prom.o(.bss.USE_EXT_EEPROM) for USE_EXT_EEPROM
    main.o(.text.main) refers to usart.o(.bss.huart2) for huart2
    main.o(.text.main) refers to dw_main.o(.bss.UART_RX_BUF) for UART_RX_BUF
    main.o(.text.main) refers to stm32f1xx_hal_uart.o(.text.HAL_UART_Receive_DMA) for HAL_UART_Receive_DMA
    main.o(.text.main) refers to port.o(.text.port_DisableEXT_IRQ) for port_DisableEXT_IRQ
    main.o(.text.main) refers to port.o(.text.setup_DWICRSTnIRQ) for setup_DWICRSTnIRQ
    main.o(.text.main) refers to dw_main.o(.text.dw_main) for dw_main
    main.o(.ARM.exidx.text.main) refers to main.o(.text.main) for [Anonymous Symbol]
    main.o(.text.SystemClock_Config) refers to stm32f1xx_hal_rcc.o(.text.HAL_RCC_OscConfig) for HAL_RCC_OscConfig
    main.o(.text.SystemClock_Config) refers to stm32f1xx_hal_rcc.o(.text.HAL_RCC_ClockConfig) for HAL_RCC_ClockConfig
    main.o(.ARM.exidx.text.SystemClock_Config) refers to main.o(.text.SystemClock_Config) for [Anonymous Symbol]
    main.o(.ARM.exidx.text.Error_Handler) refers to main.o(.text.Error_Handler) for [Anonymous Symbol]
    gpio.o(.text.MX_GPIO_Init) refers to stm32f1xx_hal_gpio.o(.text.HAL_GPIO_WritePin) for HAL_GPIO_WritePin
    gpio.o(.text.MX_GPIO_Init) refers to stm32f1xx_hal_gpio.o(.text.HAL_GPIO_Init) for HAL_GPIO_Init
    gpio.o(.text.MX_GPIO_Init) refers to stm32f1xx_hal_cortex.o(.text.HAL_NVIC_SetPriority) for HAL_NVIC_SetPriority
    gpio.o(.text.MX_GPIO_Init) refers to stm32f1xx_hal_cortex.o(.text.HAL_NVIC_EnableIRQ) for HAL_NVIC_EnableIRQ
    gpio.o(.ARM.exidx.text.MX_GPIO_Init) refers to gpio.o(.text.MX_GPIO_Init) for [Anonymous Symbol]
    dma.o(.text.MX_DMA_Init) refers to stm32f1xx_hal_cortex.o(.text.HAL_NVIC_SetPriority) for HAL_NVIC_SetPriority
    dma.o(.text.MX_DMA_Init) refers to stm32f1xx_hal_cortex.o(.text.HAL_NVIC_EnableIRQ) for HAL_NVIC_EnableIRQ
    dma.o(.ARM.exidx.text.MX_DMA_Init) refers to dma.o(.text.MX_DMA_Init) for [Anonymous Symbol]
[...]
    __aeabi_dcmpge                           0x0800094f   Thumb Code    54  dcmpge.o(.text)
    __aeabi_dcmpgt                           0x08000985   Thumb Code    54  dcmpgt.o(.text)
    __aeabi_dcmpeq                           0x080009bb   Thumb Code    56  dcmpeq.o(.text)
    __aeabi_i2f                              0x080009f3   Thumb Code    18  fflti.o(.text)
    __aeabi_ui2f                             0x08000a05   Thumb Code    10  ffltui.o(.text)
    __aeabi_i2d                              0x08000a0f   Thumb Code    34  dflti.o(.text)
    __aeabi_ui2d                             0x08000a31   Thumb Code    26  dfltui.o(.text)
    __aeabi_f2iz                             0x08000a4b   Thumb Code    50  ffixi.o(.text)
    __aeabi_d2iz                             0x08000a7d   Thumb Code    62  dfixi.o(.text)
    __aeabi_d2lz                             0x08000abb   Thumb Code    74  dfixl.o(.text)
    __aeabi_f2d                              0x08000b05   Thumb Code    38  f2d.o(.text)
    __aeabi_d2f                              0x08000b2b   Thumb Code    56  d2f.o(.text)
    __aeabi_uidiv                            0x08000b63   Thumb Code     0  uidiv.o(.text)
    __aeabi_uidivmod                         0x08000b63   Thumb Code    44  uidiv.o(.text)
    __aeabi_uldivmod                         0x08000b8f   Thumb Code    98  uldiv.o(.text)
    __aeabi_llsl                             0x08000bf1   Thumb Code    30  llshl.o(.text)
    _ll_shift_l                              0x08000bf1   Thumb Code     0  llshl.o(.text)
    __aeabi_llsr                             0x08000c0f   Thumb Code    32  llushr.o(.text)
    _ll_ushift_r                             0x08000c0f   Thumb Code     0  llushr.o(.text)
    __aeabi_lasr                             0x08000c2f   Thumb Code    36  llsshr.o(.text)
    _ll_sshift_r                             0x08000c2f   Thumb Code     0  llsshr.o(.text)
    __rt_ctype_table                         0x08000c55   Thumb Code     4  ctype_o.o(.text)
    isspace                                  0x08000c5d   Thumb Code    18  isspace_o.o(.text)
    _chval                                   0x08000c6f   Thumb Code    28  _chval.o(.text)
    __vfscanf_char                           0x08000c99   Thumb Code    20  scanf_char.o(.text)
    _sgetc                                   0x08000cb5   Thumb Code    30  _sgetc.o(.text)
    _sbackspace                              0x08000cd3   Thumb Code    34  _sgetc.o(.text)
    _strtoul                                 0x08000cf5   Thumb Code   158  _strtoul.o(.text)
    __strtod_int                             0x08000dd3   Thumb Code    94  strtod.o(.text)
    __I$use$fp                               0x08000e3d   Thumb Code     0  iusefp.o(.text)
    _float_round                             0x08000e3d   Thumb Code    18  fepilogue.o(.text)
    _float_epilogue                          0x08000e4f   Thumb Code    92  fepilogue.o(.text)
    _double_round                            0x08000eab   Thumb Code    30  depilogue.o(.text)
    _double_epilogue                         0x08000ec9   Thumb Code   156  depilogue.o(.text)
    __ARM_scalbn                             0x08000f65   Thumb Code    46  dscalb.o(.text)
    scalbn                                   0x08000f65   Thumb Code     0  dscalb.o(.text)
    _dsqrt                                   0x08000f93   Thumb Code   162  dsqrt.o(.text)
    __aeabi_d2ulz                            0x08001035   Thumb Code    48  dfixul.o(.text)
    __aeabi_cdcmpeq                          0x08001065   Thumb Code     0  cdcmple.o(.text)
    __aeabi_cdcmple                          0x08001065   Thumb Code    48  cdcmple.o(.text)
    __aeabi_cdrcmple                         0x08001095   Thumb Code    48  cdrcmple.o(.text)
    __scatterload                            0x080010c5   Thumb Code    28  init.o(.text)
    __scatterload_rt2                        0x080010c5   Thumb Code     0  init.o(.text)
    __vfscanf                                0x080010e9   Thumb Code   808  _scanf.o(.text)
    _scanf_real                              0x0800153d   Thumb Code     0  scanf_fp.o(.text)
    _scanf_really_real                       0x0800153d   Thumb Code   556  scanf_fp.o(.text)
    __aeabi_ul2d                             0x08001775   Thumb Code    24  dfltul.o(.text)
    BusFault_Handler                         0x0800178d   Thumb Code     2  stm32f1xx_it.o(.text.BusFault_Handler)
    DMA1_Channel6_IRQHandler                 0x08001791   Thumb Code    12  stm32f1xx_it.o(.text.DMA1_Channel6_IRQHandler)
    DMA1_Channel7_IRQHandler                 0x0800179d   Thumb Code    12  stm32f1xx_it.o(.text.DMA1_Channel7_IRQHandler)
    DW3000_init                              0x080017a9   Thumb Code  1332  dw_main.o(.text.DW3000_init)
    DebugMon_Handler                         0x08001cdd   Thumb Code     2  stm32f1xx_it.o(.text.DebugMon_Handler)
    E2prom_Read                              0x08001ce1   Thumb Code   178  e2prom.o(.text.E2prom_Read)
    E2prom_Write                             0x08001d95   Thumb Code   178  e2prom.o(.text.E2prom_Write)
    EXTI0_IRQHandler                         0x08001e49   Thumb Code     6  stm32f1xx_it.o(.text.EXTI0_IRQHandler)
    EXTI9_5_IRQHandler                       0x08001e51   Thumb Code     6  stm32f1xx_it.o(.text.EXTI9_5_IRQHandler)
    Error_Handler                            0x08001e59   Thumb Code     2  main.o(.text.Error_Handler)
    GetLocation                              0x08001e5d   Thumb Code   890  trilateration.o(.text.GetLocation)
    HAL_DMA_Abort                            0x080021d9   Thumb Code    56  stm32f1xx_hal_dma.o(.text.HAL_DMA_Abort)
    HAL_DMA_Abort_IT                         0x08002211   Thumb Code   174  stm32f1xx_hal_dma.o(.text.HAL_DMA_Abort_IT)
    HAL_DMA_IRQHandler                       0x080022c1   Thumb Code   384  stm32f1xx_hal_dma.o(.text.HAL_DMA_IRQHandler)
    HAL_DMA_Init                             0x08002441   Thumb Code   124  stm32f1xx_hal_dma.o(.text.HAL_DMA_Init)
    HAL_DMA_Start_IT                         0x080024bd   Thumb Code   156  stm32f1xx_hal_dma.o(.text.HAL_DMA_Start_IT)
    HAL_Delay                                0x08002559   Thumb Code    40  stm32f1xx_hal.o(.text.HAL_Delay)
    HAL_GPIO_EXTI_Callback                   0x08002581   Thumb Code    78  port.o(.text.HAL_GPIO_EXTI_Callback)
    HAL_GPIO_EXTI_IRQHandler                 0x080025d1   Thumb Code    22  stm32f1xx_hal_gpio.o(.text.HAL_GPIO_EXTI_IRQHandler)
    HAL_GPIO_Init                            0x080025e9   Thumb Code   552  stm32f1xx_hal_gpio.o(.text.HAL_GPIO_Init)
    HAL_GPIO_ReadPin                         0x08002811   Thumb Code    10  stm32f1xx_hal_gpio.o(.text.HAL_GPIO_ReadPin)
    HAL_GPIO_TogglePin                       0x0800281d   Thumb Code    16  stm32f1xx_hal_gpio.o(.text.HAL_GPIO_TogglePin)
    HAL_GPIO_WritePin                        0x0800282d   Thumb Code    10  stm32f1xx_hal_gpio.o(.text.HAL_GPIO_WritePin)
    HAL_GetTick                              0x08002839   Thumb Code    12  stm32f1xx_hal.o(.text.HAL_GetTick)
    HAL_I2C_Init                             0x08002845   Thumb Code   384  stm32f1xx_hal_i2c.o(.text.HAL_I2C_Init)
    HAL_I2C_IsDeviceReady                    0x080029c5   Thumb Code   494  stm32f1xx_hal_i2c.o(.text.HAL_I2C_IsDeviceReady)
    HAL_I2C_Master_Transmit                  0x08002bb5   Thumb Code   916  stm32f1xx_hal_i2c.o(.text.HAL_I2C_Master_Transmit)
    HAL_I2C_Mem_Read                         0x08002f49   Thumb Code   856  stm32f1xx_hal_i2c.o(.text.HAL_I2C_Mem_Read)
    HAL_I2C_Mem_Write                        0x080032a1   Thumb Code   440  stm32f1xx_hal_i2c.o(.text.HAL_I2C_Mem_Write)
    HAL_I2C_MspInit                          0x08003459   Thumb Code   102  i2c.o(.text.HAL_I2C_MspInit)
    HAL_IWDG_Init                            0x080034c1   Thumb Code    88  stm32f1xx_hal_iwdg.o(.text.HAL_IWDG_Init)
    HAL_IWDG_Refresh                         0x08003519   Thumb Code    12  stm32f1xx_hal_iwdg.o(.text.HAL_IWDG_Refresh)
    HAL_IncTick                              0x08003525   Thumb Code    26  stm32f1xx_hal.o(.text.HAL_IncTick)
    HAL_Init                                 0x08003541   Thumb Code    38  stm32f1xx_hal.o(.text.HAL_Init)
    HAL_InitTick                             0x08003569   Thumb Code    76  stm32f1xx_hal.o(.text.HAL_InitTick)
    HAL_MspInit                              0x080035b5   Thumb Code    66  stm32f1xx_hal_msp.o(.text.HAL_MspInit)
    HAL_NVIC_DisableIRQ                      0x080035f9   Thumb Code    40  stm32f1xx_hal_cortex.o(.text.HAL_NVIC_DisableIRQ)
    HAL_NVIC_EnableIRQ                       0x08003621   Thumb Code    32  stm32f1xx_hal_cortex.o(.text.HAL_NVIC_EnableIRQ)
    HAL_NVIC_SetPriority                     0x08003641   Thumb Code   100  stm32f1xx_hal_cortex.o(.text.HAL_NVIC_SetPriority)
    HAL_NVIC_SetPriorityGrouping             0x080036a5   Thumb Code    32  stm32f1xx_hal_cortex.o(.text.HAL_NVIC_SetPriorityGrouping)
    HAL_NVIC_SystemReset                     0x080036c5   Thumb Code     4  stm32f1xx_hal_cortex.o(.text.HAL_NVIC_SystemReset)
    HAL_RCC_ClockConfig                      0x080036c9   Thumb Code   424  stm32f1xx_hal_rcc.o(.text.HAL_RCC_ClockConfig)
    HAL_RCC_GetPCLK1Freq                     0x08003871   Thumb Code    38  stm32f1xx_hal_rcc.o(.text.HAL_RCC_GetPCLK1Freq)
    HAL_RCC_GetPCLK2Freq                     0x08003899   Thumb Code    38  stm32f1xx_hal_rcc.o(.text.HAL_RCC_GetPCLK2Freq)
    HAL_RCC_OscConfig                        0x080038c1   Thumb Code  1028  stm32f1xx_hal_rcc.o(.text.HAL_RCC_OscConfig)
    HAL_SPI_GetState                         0x08003cc5   Thumb Code     4  stm32f1xx_hal_spi.o(.text.HAL_SPI_GetState)
    HAL_SPI_Init                             0x08003cc9   Thumb Code   176  stm32f1xx_hal_spi.o(.text.HAL_SPI_Init)
    HAL_SPI_MspInit                          0x08003d79   Thumb Code   124  spi.o(.text.HAL_SPI_MspInit)
    HAL_SPI_Transmit                         0x08003df5   Thumb Code   392  stm32f1xx_hal_spi.o(.text.HAL_SPI_Transmit)
    HAL_SPI_TransmitReceive                  0x08003f7d   Thumb Code   484  stm32f1xx_hal_spi.o(.text.HAL_SPI_TransmitReceive)
    HAL_SYSTICK_Config                       0x08004161   Thumb Code    44  stm32f1xx_hal_cortex.o(.text.HAL_SYSTICK_Config)
    HAL_UARTEx_RxEventCallback               0x0800418d   Thumb Code     2  stm32f1xx_hal_uart.o(.text.HAL_UARTEx_RxEventCallback)
    HAL_UART_DMAStop                         0x08004191   Thumb Code   124  stm32f1xx_hal_uart.o(.text.HAL_UART_DMAStop)
    HAL_UART_ErrorCallback                   0x0800420d   Thumb Code     2  stm32f1xx_hal_uart.o(.text.HAL_UART_ErrorCallback)
    HAL_UART_IRQHandler                      0x08004211   Thumb Code   578  stm32f1xx_hal_uart.o(.text.HAL_UART_IRQHandler)
    HAL_UART_IdleCpltCallback                0x08004455   Thumb Code    26  dw_main.o(.text.HAL_UART_IdleCpltCallback)
    HAL_UART_Init                            0x08004471   Thumb Code   212  stm32f1xx_hal_uart.o(.text.HAL_UART_Init)
    HAL_UART_MspInit                         0x08004545   Thumb Code   256  usart.o(.text.HAL_UART_MspInit)
    HAL_UART_Receive_DMA                     0x08004645   Thumb Code   150  stm32f1xx_hal_uart.o(.text.HAL_UART_Receive_DMA)
    HAL_UART_RxCpltCallback                  0x080046dd   Thumb Code     2  stm32f1xx_hal_uart.o(.text.HAL_UART_RxCpltCallback)
    HAL_UART_RxHalfCpltCallback              0x080046e1   Thumb Code     2  stm32f1xx_hal_uart.o(.text.HAL_UART_RxHalfCpltCallback)
    HAL_UART_Transmit                        0x080046e5   Thumb Code   318  stm32f1xx_hal_uart.o(.text.HAL_UART_Transmit)
    HAL_UART_Transmit_DMA                    0x08004825   Thumb Code   122  stm32f1xx_hal_uart.o(.text.HAL_UART_Transmit_DMA)
    HAL_UART_TxCpltCallback                  0x080048a1   Thumb Code     2  stm32f1xx_hal_uart.o(.text.HAL_UART_TxCpltCallback)
    HAL_UART_TxHalfCpltCallback              0x080048a5   Thumb Code     2  stm32f1xx_hal_uart.o(.text.HAL_UART_TxHalfCpltCallback)
    HardFault_Handler                        0x080048a9   Thumb Code     2  stm32f1xx_it.o(.text.HardFault_Handler)
    MX_DMA_Init                              0x08004cd9   Thumb Code    68  dma.o(.text.MX_DMA_Init)
    MX_GPIO_Init                             0x08004d1d   Thumb Code   428  gpio.o(.text.MX_GPIO_Init)
    MX_I2C1_Init                             0x08004ec9   Thumb Code    68  i2c.o(.text.MX_I2C1_Init)
    MX_IWDG_Init                             0x08004f0d   Thumb Code    48  iwdg.o(.text.MX_IWDG_Init)
    MX_SPI1_Init                             0x08004f3d   Thumb Code    76  spi.o(.text.MX_SPI1_Init)
    MX_USART2_UART_Init                      0x08004f89   Thumb Code    62  usart.o(.text.MX_USART2_UART_Init)
    MemManage_Handler                        0x08004fc9   Thumb Code     2  stm32f1xx_it.o(.text.MemManage_Handler)
    NMI_Handler                              0x08004fcd   Thumb Code     2  stm32f1xx_it.o(.text.NMI_Handler)
    PendSV_Handler                           0x08004fd1   Thumb Code     2  stm32f1xx_it.o(.text.PendSV_Handler)
    SSD1306_Init                             0x080050a1   Thumb Code   712  ssd1306.o(.text.SSD1306_Init)
    SSD1306_Putc                             0x08005369   Thumb Code   306  ssd1306.o(.text.SSD1306_Putc)
    SSD1306_UpdateScreen                     0x0800549d   Thumb Code   150  ssd1306.o(.text.SSD1306_UpdateScreen)
    SVC_Handler                              0x08005535   Thumb Code     2  stm32f1xx_it.o(.text.SVC_Handler)
    Sleep                                    0x08005539   Thumb Code     4  port.o(.text.Sleep)
    SysTick_Handler                          0x0800553d   Thumb Code     4  stm32f1xx_it.o(.text.SysTick_Handler)
    SystemInit                               0x08005541   Thumb Code     2  system_stm32f1xx.o(.text.SystemInit)
    USART2_IRQHandler                        0x080056fd   Thumb Code    68  stm32f1xx_it.o(.text.USART2_IRQHandler)
    UsageFault_Handler                       0x08005741   Thumb Code     2  stm32f1xx_it.o(.text.UsageFault_Handler)
    anc_rx_err_cb                            0x08005841   Thumb Code    14  instance_anchor.o(.text.anc_rx_err_cb)
    anc_rx_ok_cb                             0x08005851   Thumb Code    34  instance_anchor.o(.text.anc_rx_ok_cb)
    anc_rx_to_cb                             0x08005875   Thumb Code    14  instance_anchor.o(.text.anc_rx_to_cb)
    anc_tx_conf_cb                           0x08005885   Thumb Code    14  instance_anchor.o(.text.anc_tx_conf_cb)
    anchor_app                               0x08005895   Thumb Code  2584  instance_anchor.o(.text.anchor_app)
    cross                                    0x080062ad   Thumb Code   156  trilateration.o(.text.cross)
    cw2015_read_battery                      0x08006349   Thumb Code    46  cw2015.o(.text.cw2015_read_battery)
    deca_3dlocate                            0x08006379   Thumb Code  1400  trilateration.o(.text.deca_3dlocate)
    deca_usleep                              0x080068f1   Thumb Code     4  deca_sleep.o(.text.deca_usleep)
    decamutexoff                             0x080068f5   Thumb Code    10  deca_mutex.o(.text.decamutexoff)
    decamutexon                              0x08006901   Thumb Code    20  deca_mutex.o(.text.decamutexon)
    dw_main                                  0x08006915   Thumb Code  2556  dw_main.o(.text.dw_main)
    dwt_calcbandwidthadj                     0x08007311   Thumb Code  1168  deca_device.o(.text.dwt_calcbandwidthadj)
    dwt_checkidlerc                          0x080077a1   Thumb Code    34  deca_device.o(.text.dwt_checkidlerc)
    dwt_configciadiag                        0x080077c5   Thumb Code   270  deca_device.o(.text.dwt_configciadiag)
    dwt_configmrxlut                         0x080078d5   Thumb Code  1142  deca_device.o(.text.dwt_configmrxlut)
    dwt_configure                            0x08007d4d   Thumb Code  3360  deca_device.o(.text.dwt_configure)
    dwt_configureframefilter                 0x08008a6d   Thumb Code   340  deca_device.o(.text.dwt_configureframefilter)
    dwt_configuretxrf                        0x08008bc1   Thumb Code   274  deca_device.o(.text.dwt_configuretxrf)
    dwt_forcetrxoff                          0x08008d75   Thumb Code    84  deca_device.o(.text.dwt_forcetrxoff)
    dwt_getrangebias                         0x08008dc9   Thumb Code   444  deca_range_tables.o(.text.dwt_getrangebias)
    dwt_initialise                           0x08008f85   Thumb Code  2992  deca_device.o(.text.dwt_initialise)
    dwt_isr                                  0x08009b35   Thumb Code  1522  deca_device.o(.text.dwt_isr)
    dwt_pgf_cal                              0x0800a129   Thumb Code   250  deca_device.o(.text.dwt_pgf_cal)
    dwt_readrxdata                           0x0800a225   Thumb Code   272  deca_device.o(.text.dwt_readrxdata)
    dwt_readrxtimestamp                      0x0800a335   Thumb Code    68  deca_device.o(.text.dwt_readrxtimestamp)
    dwt_readstsquality                       0x0800a379   Thumb Code    78  deca_device.o(.text.dwt_readstsquality)
    dwt_readtxtimestamp                      0x0800a3c9   Thumb Code    24  deca_device.o(.text.dwt_readtxtimestamp)
    dwt_run_pgfcal                           0x0800a3e1   Thumb Code   622  deca_device.o(.text.dwt_run_pgfcal)
    dwt_rxenable                             0x0800a651   Thumb Code   492  deca_device.o(.text.dwt_rxenable)
    dwt_setaddress16                         0x0800a83d   Thumb Code   104  deca_device.o(.text.dwt_setaddress16)
    dwt_setcallbacks                         0x0800a8a5   Thumb Code    42  deca_device.o(.text.dwt_setcallbacks)
    dwt_setdelayedtrxtime                    0x0800a8d1   Thumb Code   146  deca_device.o(.text.dwt_setdelayedtrxtime)
    dwt_setdwstate                           0x0800a965   Thumb Code   820  deca_device.o(.text.dwt_setdwstate)
    dwt_setinterrupt                         0x0800ac99   Thumb Code   822  deca_device.o(.text.dwt_setinterrupt)
    dwt_setleds                              0x0800afd1   Thumb Code   616  deca_device.o(.text.dwt_setleds)
    dwt_setlnapamode                         0x0800b239   Thumb Code   198  deca_device.o(.text.dwt_setlnapamode)
    dwt_setpanid                             0x0800b301   Thumb Code   104  deca_device.o(.text.dwt_setpanid)
    dwt_setpreambledetecttimeout             0x0800b369   Thumb Code   104  deca_device.o(.text.dwt_setpreambledetecttimeout)
    dwt_setrxantennadelay                    0x0800b3d1   Thumb Code    96  deca_device.o(.text.dwt_setrxantennadelay)
    dwt_setrxtimeout                         0x0800b431   Thumb Code   312  deca_device.o(.text.dwt_setrxtimeout)
    dwt_settxantennadelay                    0x0800b569   Thumb Code   104  deca_device.o(.text.dwt_settxantennadelay)
    dwt_starttx                              0x0800b5d1   Thumb Code   882  deca_device.o(.text.dwt_starttx)
    dwt_write32bitoffsetreg                  0x0800b945   Thumb Code    46  deca_device.o(.text.dwt_write32bitoffsetreg)
    dwt_writetxdata                          0x0800b975   Thumb Code   456  deca_device.o(.text.dwt_writetxdata)
    dwt_writetxfctrl                         0x0800bb3d   Thumb Code   378  deca_device.o(.text.dwt_writetxfctrl)
    e2prom_Init                              0x0800c009   Thumb Code    30  e2prom.o(.text.e2prom_Init)
    expr_on                                  0x0800c029   Thumb Code    18  port.o(.text.expr_on)
    final_msg_get_ts                         0x0800c03d   Thumb Code    34  shared_functions.o(.text.final_msg_get_ts)
    final_msg_set_ts                         0x0800c061   Thumb Code    16  shared_functions.o(.text.final_msg_set_ts)
    fputc                                    0x0800c071   Thumb Code    32  usart.o(.text.fputc)
    gdoprate                                 0x0800c091   Thumb Code   820  trilateration.o(.text.gdoprate)
    get_rx_timestamp_u64                     0x0800c3c5   Thumb Code    28  shared_functions.o(.text.get_rx_timestamp_u64)
    get_tx_timestamp_u64                     0x0800c3e1   Thumb Code    28  shared_functions.o(.text.get_tx_timestamp_u64)
    kalman_filter                            0x0800c3fd   Thumb Code   166  kalman.o(.text.kalman_filter)
    lcd_display                              0x0800c4a5   Thumb Code    86  ssd1306.o(.text.lcd_display)
    led_off                                  0x0800c4fd   Thumb Code   116  port.o(.text.led_off)
    led_on                                   0x0800c571   Thumb Code   116  port.o(.text.led_on)
    led_toggle                               0x0800c5e5   Thumb Code   104  port.o(.text.led_toggle)
    main                                     0x0800c64d   Thumb Code   182  main.o(.text.main)
    parse_uart                               0x0800c705   Thumb Code  1560  dw_main.o(.text.parse_uart)
    portGetTickCnt                           0x0800cd1d   Thumb Code    20  port.o(.text.portGetTickCnt)
    port_DisableEXT_IRQ                      0x0800cd31   Thumb Code    24  port.o(.text.port_DisableEXT_IRQ)
    port_EnableEXT_IRQ                       0x0800cd49   Thumb Code    16  port.o(.text.port_EnableEXT_IRQ)
    port_GetEXT_IRQStatus                    0x0800cd59   Thumb Code    16  port.o(.text.port_GetEXT_IRQStatus)
    port_set_dw_ic_spi_fastrate              0x0800cd69   Thumb Code    16  port.o(.text.port_set_dw_ic_spi_fastrate)
    port_set_dwic_isr                        0x0800cd79   Thumb Code    48  port.o(.text.port_set_dwic_isr)
    print_config                             0x0800cda9   Thumb Code   936  dw_main.o(.text.print_config)
    read_anc_coord                           0x0800d151   Thumb Code   246  dw_main.o(.text.read_anc_coord)
    read_rx_power                            0x0800d249   Thumb Code   220  deca_device.o(.text.read_rx_power)
    readfromspi                              0x0800d325   Thumb Code   106  deca_spi.o(.text.readfromspi)
    reset_DWIC                               0x0800d391   Thumb Code    96  port.o(.text.reset_DWIC)
    set_instance                             0x0800d3f1   Thumb Code   304  dw_main.o(.text.set_instance)
    setup_DWICRSTnIRQ                        0x0800d521   Thumb Code   110  port.o(.text.setup_DWICRSTnIRQ)
    sphereline                               0x0800d591   Thumb Code   770  trilateration.o(.text.sphereline)
    switch_is_on                             0x0800d895   Thumb Code    24  port.o(.text.switch_is_on)
    tag_app                                  0x0800d8ad   Thumb Code  2462  instance_tag.o(.text.tag_app)
    tag_rx_err_cb                            0x0800e24d   Thumb Code    14  instance_tag.o(.text.tag_rx_err_cb)
    tag_rx_ok_cb                             0x0800e25d   Thumb Code    34  instance_tag.o(.text.tag_rx_ok_cb)
    tag_rx_to_cb                             0x0800e281   Thumb Code    14  instance_tag.o(.text.tag_rx_to_cb)
    tag_tx_conf_cb                           0x0800e291   Thumb Code    14  instance_tag.o(.text.tag_tx_conf_cb)
    trilateration                            0x0800e2a1   Thumb Code  5070  trilateration.o(.text.trilateration)
    usleep                                   0x0800f671   Thumb Code    90  port.o(.text.usleep)
    writetospi                               0x0800f6cd   Thumb Code   102  deca_spi.o(.text.writetospi)
    writetospiwithcrc                        0x0800f735   Thumb Code   134  deca_spi.o(.text.writetospiwithcrc)
    __0printf                                0x0800f7bd   Thumb Code    22  printfa.o(i.__0printf)
    __1printf                                0x0800f7bd   Thumb Code     0  printfa.o(i.__0printf)
    __2printf                                0x0800f7bd   Thumb Code     0  printfa.o(i.__0printf)
    __c89printf                              0x0800f7bd   Thumb Code     0  printfa.o(i.__0printf)
    printf                                   0x0800f7bd   Thumb Code     0  printfa.o(i.__0printf)
    __0sprintf                               0x0800f7dd   Thumb Code    34  printfa.o(i.__0sprintf)
    __1sprintf                               0x0800f7dd   Thumb Code     0  printfa.o(i.__0sprintf)
    __2sprintf                               0x0800f7dd   Thumb Code     0  printfa.o(i.__0sprintf)
    __c89sprintf                             0x0800f7dd   Thumb Code     0  printfa.o(i.__0sprintf)
    sprintf                                  0x0800f7dd   Thumb Code     0  printfa.o(i.__0sprintf)
    __aeabi_errno_addr                       0x0800f805   Thumb Code     4  errno.o(i.__aeabi_errno_addr)
    __rt_errno_addr                          0x0800f805   Thumb Code     0  errno.o(i.__aeabi_errno_addr)
    __kernel_poly                            0x0800f80d   Thumb Code   170  poly.o(i.__kernel_poly)
    __mathlib_dbl_divzero                    0x0800f8b9   Thumb Code    12  dunder.o(i.__mathlib_dbl_divzero)
    __mathlib_dbl_infnan                     0x0800f8c9   Thumb Code     6  dunder.o(i.__mathlib_dbl_infnan)
    __mathlib_dbl_invalid                    0x0800f8cf   Thumb Code    12  dunder.o(i.__mathlib_dbl_invalid)
    __read_errno                             0x0800f8dd   Thumb Code     6  errno.o(i.__read_errno)
    __scatterload_copy                       0x0800f8e9   Thumb Code    14  handlers.o(i.__scatterload_copy)
    __scatterload_null                       0x0800f8f7   Thumb Code     2  handlers.o(i.__scatterload_null)
    __scatterload_zeroinit                   0x0800f8f9   Thumb Code    14  handlers.o(i.__scatterload_zeroinit)
    __set_errno                              0x0800f909   Thumb Code     6  errno.o(i.__set_errno)
    _is_digit                                0x0800fa99   Thumb Code    14  scanf_fp.o(i._is_digit)
    atof                                     0x080101e1   Thumb Code    44  atof.o(i.atof)
    log                                      0x0801020d   Thumb Code   808  log.o(i.log)
    log10                                    0x08010569   Thumb Code   198  log10.o(i.log10)
    puts                                     0x0801064d   Thumb Code    30  puts.o(i.puts)
    sqrt                                     0x08010671   Thumb Code    76  sqrt.o(i.sqrt)
    __ctype_table                            0x080106f8   Data         129  ctype_o.o(.constdata)
    __mathlib_zero                           0x08010780   Data           8  qnan.o(.constdata)
    AHBPrescTable                            0x08010788   Data          16  system_stm32f1xx.o(.rodata.AHBPrescTable)
    APBPrescTable                            0x08010798   Data           8  system_stm32f1xx.o(.rodata.APBPrescTable)
    Font7x10                                 0x080107a0   Data        1900  fonts.o(.rodata.Font7x10)
    chan_idxnb                               0x08010f0e   Data           8  deca_range_tables.o(.rodata.chan_idxnb)
    chan_idxwb                               0x08010f16   Data           8  deca_range_tables.o(.rodata.chan_idxwb)
    range25cm16PRFnb                         0x08010f2e   Data         148  deca_range_tables.o(.rodata.range25cm16PRFnb)
    range25cm16PRFwb                         0x08010fc2   Data         136  deca_range_tables.o(.rodata.range25cm16PRFwb)
    range25cm64PRFnb                         0x0801104a   Data         104  deca_range_tables.o(.rodata.range25cm64PRFnb)
    range25cm64PRFwb                         0x080110b2   Data         118  deca_range_tables.o(.rodata.range25cm64PRFwb)
    sts_length_factors                       0x080113de   Data          14  deca_device.o(.rodata.sts_length_factors)
    Region$$Table$$Base                      0x080113ec   Number         0  anon$$obj.o(Region$$Table)
    Region$$Table$$Limit                     0x0801140c   Number         0  anon$$obj.o(Region$$Table)
    __stdout                                 0x20000004   Data           4  stdout.o(.data)
    Font_7x10                                0x20000048   Data           8  fonts.o(.data.Font_7x10)
    SystemCoreClock                          0x20000050   Data           4  system_stm32f1xx.o(.data.SystemCoreClock)
    ant_dly                                  0x20000054   Data           2  dw_main.o(.data.ant_dly)
    instance_mode                            0x20000056   Data           1  dw_main.o(.data.instance_mode)
    switch8                                  0x2000005d   Data           1  dw_main.o(.data.switch8)
    uwTickFreq                               0x200000c4   Data           4  stm32f1xx_hal.o(.data.uwTickFreq)
    uwTickPrio                               0x200000c8   Data           4  stm32f1xx_hal.o(.data.uwTickPrio)
    Correction_flag                          0x200000d0   Data           1  instance_tag.o(.bss.Correction_flag)
    UART_RX_BUF                              0x20000538   Data         200  dw_main.o(.bss.UART_RX_BUF)
    USE_CW2015                               0x20000600   Data           1  cw2015.o(.bss.USE_CW2015)
    USE_EXT_EEPROM                           0x20000601   Data           1  e2prom.o(.bss.USE_EXT_EEPROM)
    USE_IMU                                  0x20000602   Data           1  dw_main.o(.bss.USE_IMU)
    USE_OLED                                 0x20000603   Data           1  ssd1306.o(.bss.USE_OLED)
    alarm                                    0x20000604   Data           1  dw_main.o(.bss.alarm)
    anc_id                                   0x20000605   Data           1  dw_main.o(.bss.anc_id)
    anchorArray                              0x20000608   Data         192  dw_main.o(.bss.anchorArray)
    ancrange_count                           0x200006cc   Data           1  dw_main.o(.bss.ancrange_count)
    ancrange_flag                            0x200006cd   Data           1  dw_main.o(.bss.ancrange_flag)
    battery                                  0x200006ce   Data           1  dw_main.o(.bss.battery)
    dev_id                                   0x200007cf   Data           1  dw_main.o(.bss.dev_id)
    diff_time                                0x200007d0   Data           4  instance_tag.o(.bss.diff_time)
    distance_now_m                           0x200007d8   Data           8  dw_main.o(.bss.distance_now_m)
    distance_offset_cm                       0x200007e0   Data           4  dw_main.o(.bss.distance_offset_cm)
    distance_report                          0x200007e4   Data          32  dw_main.o(.bss.distance_report)
    frame_seq_nb                             0x20000828   Data           1  dw_main.o(.bss.frame_seq_nb)
    group_id                                 0x20000829   Data           1  dw_main.o(.bss.group_id)
    group_report                             0x2000082c   Data          32  dw_main.o(.bss.group_report)
    hdma_usart2_rx                           0x2000084c   Data          72  usart.o(.bss.hdma_usart2_rx)
    hdma_usart2_tx                           0x20000894   Data          72  usart.o(.bss.hdma_usart2_tx)
    hi2c1                                    0x200008dc   Data          92  i2c.o(.bss.hi2c1)
    hiwdg                                    0x20000938   Data          12  iwdg.o(.bss.hiwdg)
    hspi1                                    0x20000944   Data          92  spi.o(.bss.hspi1)
    huart2                                   0x200009a0   Data          76  usart.o(.bss.huart2)
    inst_ch                                  0x200009ec   Data           1  dw_main.o(.bss.inst_ch)
    inst_dataRate                            0x200009ed   Data           1  dw_main.o(.bss.inst_dataRate)
    inst_data_interval                       0x200009f0   Data           4  dw_main.o(.bss.inst_data_interval)
    inst_final_rx_timeout                    0x200009f4   Data           4  dw_main.o(.bss.inst_final_rx_timeout)
    inst_one_slot_time                       0x200009f8   Data           1  dw_main.o(.bss.inst_one_slot_time)
    inst_poll2final_time                     0x20000a00   Data           8  dw_main.o(.bss.inst_poll2final_time)
    inst_prf                                 0x20000a08   Data           1  dw_main.o(.bss.inst_prf)
    inst_resp_rx_timeout                     0x20000a0c   Data           4  dw_main.o(.bss.inst_resp_rx_timeout)
    inst_slot_number                         0x20000a10   Data           2  dw_main.o(.bss.inst_slot_number)
    next_period_time                         0x20000b24   Data           4  instance_tag.o(.bss.next_period_time)
    range_nb                                 0x20000b7c   Data           1  dw_main.o(.bss.range_nb)
    range_status                             0x20000b7d   Data           1  dw_main.o(.bss.range_status)
    range_time                               0x20000b80   Data           4  dw_main.o(.bss.range_time)
    recv_anc_id                              0x20000b84   Data           1  dw_main.o(.bss.recv_anc_id)
    recv_tag_id                              0x20000b85   Data           1  dw_main.o(.bss.recv_tag_id)
    rx_power                                 0x20000cb4   Data           4  dw_main.o(.bss.rx_power)
    sos                                      0x20000cc0   Data           1  dw_main.o(.bss.sos)
    state                                    0x20000cc2   Data           1  dw_main.o(.bss.state)
    sys_time_diff                            0x20000cc8   Data           4  port.o(.bss.sys_time_diff)
    tag_id                                   0x20000cd9   Data           1  dw_main.o(.bss.tag_id)
    target_ancid                             0x20000cda   Data           1  dw_main.o(.bss.target_ancid)
    temp_dev_id                              0x20000cdb   Data           1  dw_main.o(.bss.temp_dev_id)
    tx_power                                 0x20000cdc   Data           4  dw_main.o(.bss.tx_power)
    uart_rx_len                              0x20000ce4   Data           4  dw_main.o(.bss.uart_rx_len)
    user_data                                0x20000ce8   Data          40  dw_main.o(.bss.user_data)
    uwTick                                   0x20000d10   Data           4  stm32f1xx_hal.o(.bss.uwTick)
    valid_anc_num                            0x20000d14   Data          40  trilateration.o(.bss.valid_anc_num)
    __initial_sp                             0x20001d40   Data           0  startup_stm32f103xb.o(STACK)



==============================================================================

Memory Map of the image

  Image Entry point : 0x080000ed

  Load Region LR_IROM1 (Base: 0x08000000, Size: 0x000114e0, Max: 0x00020000, ABSOLUTE)

    Execution Region ER_IROM1 (Exec base: 0x08000000, Load base: 0x08000000, Size: 0x0001140c, Max: 0x00020000, ABSOLUTE)

    Exec Addr    Load Addr    Size         Type   Attr      Idx    E Section Name        Object

    0x08000000   0x08000000   0x000000ec   Data   RO            3    RESET               startup_stm32f103xb.o
    0x080000ec   0x080000ec   0x00000000   Code   RO         1761  * .ARM.Collect$$$$00000000  mc_w.l(entry.o)
    0x080000ec   0x080000ec   0x00000004   Code   RO         2125    .ARM.Collect$$$$00000001  mc_w.l(entry2.o)
    0x080000f0   0x080000f0   0x00000004   Code   RO         2128    .ARM.Collect$$$$00000004  mc_w.l(entry5.o)
    0x080000f4   0x080000f4   0x00000000   Code   RO         2130    .ARM.Collect$$$$00000008  mc_w.l(entry7b.o)
    0x080000f4   0x080000f4   0x00000000   Code   RO         2132    .ARM.Collect$$$$0000000A  mc_w.l(entry8b.o)
    0x080000f4   0x080000f4   0x00000008   Code   RO         2133    .ARM.Collect$$$$0000000B  mc_w.l(entry9a.o)
    0x080000fc   0x080000fc   0x00000000   Code   RO         2135    .ARM.Collect$$$$0000000D  mc_w.l(entry10a.o)
    0x080000fc   0x080000fc   0x00000000   Code   RO         2137    .ARM.Collect$$$$0000000F  mc_w.l(entry11a.o)
    0x080000fc   0x080000fc   0x00000004   Code   RO         2126    .ARM.Collect$$$$00002712  mc_w.l(entry2.o)
    0x08000100   0x08000100   0x00000024   Code   RO            4    .text               startup_stm32f103xb.o
    0x08000124   0x08000124   0x00000024   Code   RO         1768    .text               mc_w.l(memcpya.o)
    0x08000148   0x08000148   0x00000024   Code   RO         1770    .text               mc_w.l(memseta.o)
    0x0800016c   0x0800016c   0x00000018   Code   RO         1772    .text               mc_w.l(strcat.o)
    0x08000184   0x08000184   0x00000014   Code   RO         1774    .text               mc_w.l(strchr.o)
    0x08000198   0x08000198   0x0000000e   Code   RO         1776    .text               mc_w.l(strlen.o)
    0x080001a6   0x080001a6   0x0000001c   Code   RO         1778    .text               mc_w.l(strcmp.o)
    0x080001c2   0x080001c2   0x00000012   Code   RO         1780    .text               mc_w.l(strcpy.o)
    0x080001d4   0x080001d4   0x00000044   Code   RO         1782    .text               mc_w.l(strtok.o)
    0x08000218   0x08000218   0x00000038   Code   RO         2051    .text               mc_w.l(__0sscanf.o)
    0x08000250   0x08000250   0x0000014c   Code   RO         2053    .text               mc_w.l(_scanf_int.o)
    0x0800039c   0x0800039c   0x00000070   Code   RO         2055    .text               mc_w.l(strtol.o)
    0x0800040c   0x0800040c   0x0000001a   Code   RO         2057    .text               mc_w.l(atoi.o)
    0x08000426   0x08000426   0x000000b0   Code   RO         2059    .text               mf_w.l(fadd.o)
    0x080004d6   0x080004d6   0x00000064   Code   RO         2061    .text               mf_w.l(fmul.o)
    0x0800053a   0x0800053a   0x0000007c   Code   RO         2063    .text               mf_w.l(fdiv.o)
    0x080005b6   0x080005b6   0x0000014e   Code   RO         2065    .text               mf_w.l(dadd.o)
    0x08000704   0x08000704   0x000000e4   Code   RO         2067    .text               mf_w.l(dmul.o)
    0x080007e8   0x080007e8   0x000000de   Code   RO         2069    .text               mf_w.l(ddiv.o)
    0x080008c6   0x080008c6   0x0000001c   Code   RO         2071    .text               mf_w.l(fcmpeq.o)
    0x080008e2   0x080008e2   0x00000036   Code   RO         2073    .text               mf_w.l(dcmple.o)
    0x08000918   0x08000918   0x00000036   Code   RO         2075    .text               mf_w.l(dcmplt.o)
    0x0800094e   0x0800094e   0x00000036   Code   RO         2077    .text               mf_w.l(dcmpge.o)
    0x08000984   0x08000984   0x00000036   Code   RO         2079    .text               mf_w.l(dcmpgt.o)
    0x080009ba   0x080009ba   0x00000038   Code   RO         2081    .text               mf_w.l(dcmpeq.o)
    0x080009f2   0x080009f2   0x00000012   Code   RO         2083    .text               mf_w.l(fflti.o)
    0x08000a04   0x08000a04   0x0000000a   Code   RO         2085    .text               mf_w.l(ffltui.o)
    0x08000a0e   0x08000a0e   0x00000022   Code   RO         2087    .text               mf_w.l(dflti.o)
    0x08000a30   0x08000a30   0x0000001a   Code   RO         2089    .text               mf_w.l(dfltui.o)
    0x08000a4a   0x08000a4a   0x00000032   Code   RO         2091    .text               mf_w.l(ffixi.o)
    0x08000a7c   0x08000a7c   0x0000003e   Code   RO         2093    .text               mf_w.l(dfixi.o)
    0x08000aba   0x08000aba   0x0000004a   Code   RO         2095    .text               mf_w.l(dfixl.o)
    0x08000b04   0x08000b04   0x00000026   Code   RO         2097    .text               mf_w.l(f2d.o)
    0x08000b2a   0x08000b2a   0x00000038   Code   RO         2099    .text               mf_w.l(d2f.o)
    0x08000b62   0x08000b62   0x0000002c   Code   RO         2140    .text               mc_w.l(uidiv.o)
    0x08000b8e   0x08000b8e   0x00000062   Code   RO         2142    .text               mc_w.l(uldiv.o)
    0x08000bf0   0x08000bf0   0x0000001e   Code   RO         2144    .text               mc_w.l(llshl.o)
    0x08000c0e   0x08000c0e   0x00000020   Code   RO         2146    .text               mc_w.l(llushr.o)
    0x08000c2e   0x08000c2e   0x00000024   Code   RO         2148    .text               mc_w.l(llsshr.o)
    0x08000c52   0x08000c52   0x00000002   PAD
    0x08000c54   0x08000c54   0x00000008   Code   RO         2150    .text               mc_w.l(ctype_o.o)
    0x08000c5c   0x08000c5c   0x00000012   Code   RO         2172    .text               mc_w.l(isspace_o.o)
    0x08000c6e   0x08000c6e   0x0000001c   Code   RO         2185    .text               mc_w.l(_chval.o)
    0x08000c8a   0x08000c8a   0x00000002   PAD
    0x08000c8c   0x08000c8c   0x00000028   Code   RO         2187    .text               mc_w.l(scanf_char.o)
    0x08000cb4   0x08000cb4   0x00000040   Code   RO         2189    .text               mc_w.l(_sgetc.o)
    0x08000cf4   0x08000cf4   0x0000009e   Code   RO         2191    .text               mc_w.l(_strtoul.o)
    0x08000d92   0x08000d92   0x00000002   PAD
    0x08000d94   0x08000d94   0x000000a8   Code   RO         2193    .text               mc_w.l(strtod.o)
    0x08000e3c   0x08000e3c   0x00000000   Code   RO         2195    .text               mc_w.l(iusefp.o)
    0x08000e3c   0x08000e3c   0x0000006e   Code   RO         2196    .text               mf_w.l(fepilogue.o)
    0x08000eaa   0x08000eaa   0x000000ba   Code   RO         2198    .text               mf_w.l(depilogue.o)
    0x08000f64   0x08000f64   0x0000002e   Code   RO         2200    .text               mf_w.l(dscalb.o)
    0x08000f92   0x08000f92   0x000000a2   Code   RO         2202    .text               mf_w.l(dsqrt.o)
    0x08001034   0x08001034   0x00000030   Code   RO         2204    .text               mf_w.l(dfixul.o)
    0x08001064   0x08001064   0x00000030   Code   RO         2206    .text               mf_w.l(cdcmple.o)
    0x08001094   0x08001094   0x00000030   Code   RO         2208    .text               mf_w.l(cdrcmple.o)
    0x080010c4   0x080010c4   0x00000024   Code   RO         2213    .text               mc_w.l(init.o)
    0x080010e8   0x080010e8   0x0000032c   Code   RO         2217    .text               mc_w.l(_scanf.o)
    0x08001414   0x08001414   0x00000360   Code   RO         2219    .text               mc_w.l(scanf_fp.o)
    0x08001774   0x08001774   0x00000018   Code   RO         2226    .text               mf_w.l(dfltul.o)
    0x0800178c   0x0800178c   0x00000002   Code   RO          132    .text.BusFault_Handler  stm32f1xx_it.o
    0x0800178e   0x0800178e   0x00000002   PAD
    0x08001790   0x08001790   0x0000000c   Code   RO          144    .text.DMA1_Channel6_IRQHandler  stm32f1xx_it.o
    0x0800179c   0x0800179c   0x0000000c   Code   RO          146    .text.DMA1_Channel7_IRQHandler  stm32f1xx_it.o
    0x080017a8   0x080017a8   0x00000534   Code   RO          957    .text.DW3000_init   dw_main.o
    0x08001cdc   0x08001cdc   0x00000002   Code   RO          138    .text.DebugMon_Handler  stm32f1xx_it.o
    0x08001cde   0x08001cde   0x00000002   PAD
    0x08001ce0   0x08001ce0   0x000000b2   Code   RO         1704    .text.E2prom_Read   e2prom.o
    0x08001d92   0x08001d92   0x00000002   PAD
    0x08001d94   0x08001d94   0x000000b2   Code   RO         1702    .text.E2prom_Write  e2prom.o
    0x08001e46   0x08001e46   0x00000002   PAD
    0x08001e48   0x08001e48   0x00000006   Code   RO          152    .text.EXTI0_IRQHandler  stm32f1xx_it.o
    0x08001e4e   0x08001e4e   0x00000002   PAD
    0x08001e50   0x08001e50   0x00000006   Code   RO          148    .text.EXTI9_5_IRQHandler  stm32f1xx_it.o
    0x08001e56   0x08001e56   0x00000002   PAD
    0x08001e58   0x08001e58   0x00000002   Code   RO           15    .text.Error_Handler  main.o
    0x08001e5a   0x08001e5a   0x00000002   PAD
    0x08001e5c   0x08001e5c   0x0000037a   Code   RO         1682    .text.GetLocation   trilateration.o
    0x080021d6   0x080021d6   0x00000002   PAD
    0x080021d8   0x080021d8   0x00000038   Code   RO          475    .text.HAL_DMA_Abort  stm32f1xx_hal_dma.o
    0x08002210   0x08002210   0x000000ae   Code   RO          477    .text.HAL_DMA_Abort_IT  stm32f1xx_hal_dma.o
    0x080022be   0x080022be   0x00000002   PAD
    0x080022c0   0x080022c0   0x00000180   Code   RO          481    .text.HAL_DMA_IRQHandler  stm32f1xx_hal_dma.o
    0x08002440   0x08002440   0x0000007c   Code   RO          467    .text.HAL_DMA_Init  stm32f1xx_hal_dma.o
    0x080024bc   0x080024bc   0x0000009c   Code   RO          473    .text.HAL_DMA_Start_IT  stm32f1xx_hal_dma.o
    0x08002558   0x08002558   0x00000028   Code   RO          338    .text.HAL_Delay     stm32f1xx_hal.o
    0x08002580   0x08002580   0x0000004e   Code   RO         1523    .text.HAL_GPIO_EXTI_Callback  port.o
    0x080025ce   0x080025ce   0x00000002   PAD
    0x080025d0   0x080025d0   0x00000016   Code   RO          452    .text.HAL_GPIO_EXTI_IRQHandler  stm32f1xx_hal_gpio.o
    0x080025e6   0x080025e6   0x00000002   PAD
    0x080025e8   0x080025e8   0x00000228   Code   RO          440    .text.HAL_GPIO_Init  stm32f1xx_hal_gpio.o
    0x08002810   0x08002810   0x0000000a   Code   RO          444    .text.HAL_GPIO_ReadPin  stm32f1xx_hal_gpio.o
    0x0800281a   0x0800281a   0x00000002   PAD
    0x0800281c   0x0800281c   0x00000010   Code   RO          448    .text.HAL_GPIO_TogglePin  stm32f1xx_hal_gpio.o
    0x0800282c   0x0800282c   0x0000000a   Code   RO          446    .text.HAL_GPIO_WritePin  stm32f1xx_hal_gpio.o
    0x08002836   0x08002836   0x00000002   PAD
    0x08002838   0x08002838   0x0000000c   Code   RO          330    .text.HAL_GetTick   stm32f1xx_hal.o
    0x08002844   0x08002844   0x00000180   Code   RO          195    .text.HAL_I2C_Init  stm32f1xx_hal_i2c.o
    0x080029c4   0x080029c4   0x000001ee   Code   RO          247    .text.HAL_I2C_IsDeviceReady  stm32f1xx_hal_i2c.o
    0x08002bb2   0x08002bb2   0x00000002   PAD
    0x08002bb4   0x08002bb4   0x00000394   Code   RO          203    .text.HAL_I2C_Master_Transmit  stm32f1xx_hal_i2c.o
    0x08002f48   0x08002f48   0x00000358   Code   RO          235    .text.HAL_I2C_Mem_Read  stm32f1xx_hal_i2c.o
    0x080032a0   0x080032a0   0x000001b8   Code   RO          231    .text.HAL_I2C_Mem_Write  stm32f1xx_hal_i2c.o
    0x08003458   0x08003458   0x00000066   Code   RO           57    .text.HAL_I2C_MspInit  i2c.o
    0x080034be   0x080034be   0x00000002   PAD
    0x080034c0   0x080034c0   0x00000058   Code   RO          682    .text.HAL_IWDG_Init  stm32f1xx_hal_iwdg.o
    0x08003518   0x08003518   0x0000000c   Code   RO          684    .text.HAL_IWDG_Refresh  stm32f1xx_hal_iwdg.o
    0x08003524   0x08003524   0x0000001a   Code   RO          328    .text.HAL_IncTick   stm32f1xx_hal.o
    0x0800353e   0x0800353e   0x00000002   PAD
    0x08003540   0x08003540   0x00000026   Code   RO          318    .text.HAL_Init      stm32f1xx_hal.o
    0x08003566   0x08003566   0x00000002   PAD
    0x08003568   0x08003568   0x0000004c   Code   RO          320    .text.HAL_InitTick  stm32f1xx_hal.o
    0x080035b4   0x080035b4   0x00000042   Code   RO          165    .text.HAL_MspInit   stm32f1xx_hal_msp.o
    0x080035f6   0x080035f6   0x00000002   PAD
    0x080035f8   0x080035f8   0x00000028   Code   RO          508    .text.HAL_NVIC_DisableIRQ  stm32f1xx_hal_cortex.o
    0x08003620   0x08003620   0x00000020   Code   RO          506    .text.HAL_NVIC_EnableIRQ  stm32f1xx_hal_cortex.o
    0x08003640   0x08003640   0x00000064   Code   RO          504    .text.HAL_NVIC_SetPriority  stm32f1xx_hal_cortex.o
    0x080036a4   0x080036a4   0x00000020   Code   RO          502    .text.HAL_NVIC_SetPriorityGrouping  stm32f1xx_hal_cortex.o
    0x080036c4   0x080036c4   0x00000004   Code   RO          510    .text.HAL_NVIC_SystemReset  stm32f1xx_hal_cortex.o
    0x080036c8   0x080036c8   0x000001a8   Code   RO          386    .text.HAL_RCC_ClockConfig  stm32f1xx_hal_rcc.o
    0x08003870   0x08003870   0x00000026   Code   RO          398    .text.HAL_RCC_GetPCLK1Freq  stm32f1xx_hal_rcc.o
    0x08003896   0x08003896   0x00000002   PAD
    0x08003898   0x08003898   0x00000026   Code   RO          400    .text.HAL_RCC_GetPCLK2Freq  stm32f1xx_hal_rcc.o
    0x080038be   0x080038be   0x00000002   PAD
    0x080038c0   0x080038c0   0x00000404   Code   RO          384    .text.HAL_RCC_OscConfig  stm32f1xx_hal_rcc.o
    0x08003cc4   0x08003cc4   0x00000004   Code   RO          791    .text.HAL_SPI_GetState  stm32f1xx_hal_spi.o
    0x08003cc8   0x08003cc8   0x000000b0   Code   RO          697    .text.HAL_SPI_Init  stm32f1xx_hal_spi.o
    0x08003d78   0x08003d78   0x0000007c   Code   RO           88    .text.HAL_SPI_MspInit  spi.o
    0x08003df4   0x08003df4   0x00000188   Code   RO          705    .text.HAL_SPI_Transmit  stm32f1xx_hal_spi.o
    0x08003f7c   0x08003f7c   0x000001e4   Code   RO          709    .text.HAL_SPI_TransmitReceive  stm32f1xx_hal_spi.o
    0x08004160   0x08004160   0x0000002c   Code   RO          514    .text.HAL_SYSTICK_Config  stm32f1xx_hal_cortex.o
    0x0800418c   0x0800418c   0x00000002   Code   RO          898    .text.HAL_UARTEx_RxEventCallback  stm32f1xx_hal_uart.o
    0x0800418e   0x0800418e   0x00000002   PAD
    0x08004190   0x08004190   0x0000007c   Code   RO          856    .text.HAL_UART_DMAStop  stm32f1xx_hal_uart.o
    0x0800420c   0x0800420c   0x00000002   Code   RO          896    .text.HAL_UART_ErrorCallback  stm32f1xx_hal_uart.o
    0x0800420e   0x0800420e   0x00000002   PAD
    0x08004210   0x08004210   0x00000242   Code   RO          890    .text.HAL_UART_IRQHandler  stm32f1xx_hal_uart.o
    0x08004452   0x08004452   0x00000002   PAD
    0x08004454   0x08004454   0x0000001a   Code   RO          967    .text.HAL_UART_IdleCpltCallback  dw_main.o
    0x0800446e   0x0800446e   0x00000002   PAD
    0x08004470   0x08004470   0x000000d4   Code   RO          816    .text.HAL_UART_Init  stm32f1xx_hal_uart.o
    0x08004544   0x08004544   0x00000100   Code   RO          108    .text.HAL_UART_MspInit  usart.o
    0x08004644   0x08004644   0x00000096   Code   RO          848    .text.HAL_UART_Receive_DMA  stm32f1xx_hal_uart.o
    0x080046da   0x080046da   0x00000002   PAD
    0x080046dc   0x080046dc   0x00000002   Code   RO          904    .text.HAL_UART_RxCpltCallback  stm32f1xx_hal_uart.o
    0x080046de   0x080046de   0x00000002   PAD
    0x080046e0   0x080046e0   0x00000002   Code   RO          906    .text.HAL_UART_RxHalfCpltCallback  stm32f1xx_hal_uart.o
    0x080046e2   0x080046e2   0x00000002   PAD
    0x080046e4   0x080046e4   0x0000013e   Code   RO          830    .text.HAL_UART_Transmit  stm32f1xx_hal_uart.o
    0x08004822   0x08004822   0x00000002   PAD
    0x08004824   0x08004824   0x0000007a   Code   RO          840    .text.HAL_UART_Transmit_DMA  stm32f1xx_hal_uart.o
    0x0800489e   0x0800489e   0x00000002   PAD
    0x080048a0   0x080048a0   0x00000002   Code   RO          900    .text.HAL_UART_TxCpltCallback  stm32f1xx_hal_uart.o
    0x080048a2   0x080048a2   0x00000002   PAD
    0x080048a4   0x080048a4   0x00000002   Code   RO          902    .text.HAL_UART_TxHalfCpltCallback  stm32f1xx_hal_uart.o
    0x080048a6   0x080048a6   0x00000002   PAD
    0x080048a8   0x080048a8   0x00000002   Code   RO          128    .text.HardFault_Handler  stm32f1xx_it.o
    0x080048aa   0x080048aa   0x00000002   PAD
    0x080048ac   0x080048ac   0x0000027c   Code   RO          237    .text.I2C_RequestMemoryRead  stm32f1xx_hal_i2c.o
    0x08004b28   0x08004b28   0x000001b0   Code   RO          233    .text.I2C_RequestMemoryWrite  stm32f1xx_hal_i2c.o
    0x08004cd8   0x08004cd8   0x00000044   Code   RO           42    .text.MX_DMA_Init   dma.o
    0x08004d1c   0x08004d1c   0x000001ac   Code   RO           29    .text.MX_GPIO_Init  gpio.o
    0x08004ec8   0x08004ec8   0x00000044   Code   RO           55    .text.MX_I2C1_Init  i2c.o
    0x08004f0c   0x08004f0c   0x00000030   Code   RO           73    .text.MX_IWDG_Init  iwdg.o
    0x08004f3c   0x08004f3c   0x0000004c   Code   RO           86    .text.MX_SPI1_Init  spi.o
    0x08004f88   0x08004f88   0x0000003e   Code   RO          106    .text.MX_USART2_UART_Init  usart.o
    0x08004fc6   0x08004fc6   0x00000002   PAD
    0x08004fc8   0x08004fc8   0x00000002   Code   RO          130    .text.MemManage_Handler  stm32f1xx_it.o
    0x08004fca   0x08004fca   0x00000002   PAD
    0x08004fcc   0x08004fcc   0x00000002   Code   RO          126    .text.NMI_Handler   stm32f1xx_it.o
    0x08004fce   0x08004fce   0x00000002   PAD
    0x08004fd0   0x08004fd0   0x00000002   Code   RO          140    .text.PendSV_Handler  stm32f1xx_it.o
    0x08004fd2   0x08004fd2   0x00000002   PAD
    0x08004fd4   0x08004fd4   0x000000ca   Code   RO          801    .text.SPI_WaitFlagStateUntilTimeout  stm32f1xx_hal_spi.o
    0x0800509e   0x0800509e   0x00000002   PAD
    0x080050a0   0x080050a0   0x000002c8   Code   RO         1577    .text.SSD1306_Init  ssd1306.o
    0x08005368   0x08005368   0x00000132   Code   RO         1593    .text.SSD1306_Putc  ssd1306.o
    0x0800549a   0x0800549a   0x00000002   PAD
    0x0800549c   0x0800549c   0x00000096   Code   RO         1583    .text.SSD1306_UpdateScreen  ssd1306.o
    0x08005532   0x08005532   0x00000002   PAD
    0x08005534   0x08005534   0x00000002   Code   RO          136    .text.SVC_Handler   stm32f1xx_it.o
    0x08005536   0x08005536   0x00000002   PAD
    0x08005538   0x08005538   0x00000004   Code   RO         1479    .text.Sleep         port.o
    0x0800553c   0x0800553c   0x00000004   Code   RO          142    .text.SysTick_Handler  stm32f1xx_it.o
    0x08005540   0x08005540   0x00000002   Code   RO          937    .text.SystemInit    system_stm32f1xx.o
    0x08005542   0x08005542   0x00000002   PAD
    0x08005544   0x08005544   0x0000000c   Code   RO          894    .text.UART_DMAAbortOnError  stm32f1xx_hal_uart.o
    0x08005550   0x08005550   0x00000064   Code   RO          846    .text.UART_DMAError  stm32f1xx_hal_uart.o
    0x080055b4   0x080055b4   0x00000056   Code   RO          922    .text.UART_DMAReceiveCplt  stm32f1xx_hal_uart.o
    0x0800560a   0x0800560a   0x00000002   PAD
    0x0800560c   0x0800560c   0x00000014   Code   RO          924    .text.UART_DMARxHalfCplt  stm32f1xx_hal_uart.o
    0x08005620   0x08005620   0x00000028   Code   RO          842    .text.UART_DMATransmitCplt  stm32f1xx_hal_uart.o
    0x08005648   0x08005648   0x00000006   Code   RO          844    .text.UART_DMATxHalfCplt  stm32f1xx_hal_uart.o
    0x0800564e   0x0800564e   0x00000002   PAD
    0x08005650   0x08005650   0x000000aa   Code   RO          892    .text.UART_Receive_IT  stm32f1xx_hal_uart.o
    0x080056fa   0x080056fa   0x00000002   PAD
    0x080056fc   0x080056fc   0x00000044   Code   RO          150    .text.USART2_IRQHandler  stm32f1xx_it.o
    0x08005740   0x08005740   0x00000002   Code   RO          134    .text.UsageFault_Handler  stm32f1xx_it.o
    0x08005742   0x08005742   0x00000002   PAD
    0x08005744   0x08005744   0x00000024   Code   RO          512    .text.__NVIC_SystemReset  stm32f1xx_hal_cortex.o
    0x08005768   0x08005768   0x000000d8   Code   RO         1143    .text._dwt_prog_ldo_and_bias_tune  deca_device.o
    0x08005840   0x08005840   0x0000000e   Code   RO         1036    .text.anc_rx_err_cb  instance_anchor.o
    0x0800584e   0x0800584e   0x00000002   PAD
    0x08005850   0x08005850   0x00000022   Code   RO         1032    .text.anc_rx_ok_cb  instance_anchor.o
    0x08005872   0x08005872   0x00000002   PAD
    0x08005874   0x08005874   0x0000000e   Code   RO         1034    .text.anc_rx_to_cb  instance_anchor.o
    0x08005882   0x08005882   0x00000002   PAD
    0x08005884   0x08005884   0x0000000e   Code   RO         1038    .text.anc_tx_conf_cb  instance_anchor.o
    0x08005892   0x08005892   0x00000002   PAD
    0x08005894   0x08005894   0x00000a18   Code   RO         1030    .text.anchor_app    instance_anchor.o
    0x080062ac   0x080062ac   0x0000009c   Code   RO         1672    .text.cross         trilateration.o
    0x08006348   0x08006348   0x0000002e   Code   RO         1726    .text.cw2015_read_battery  cw2015.o
    0x08006376   0x08006376   0x00000002   PAD
    0x08006378   0x08006378   0x00000578   Code   RO         1680    .text.deca_3dlocate  trilateration.o
    0x080068f0   0x080068f0   0x00000004   Code   RO         1442    .text.deca_usleep   deca_sleep.o
    0x080068f4   0x080068f4   0x0000000a   Code   RO         1427    .text.decamutexoff  deca_mutex.o
    0x080068fe   0x080068fe   0x00000002   PAD
    0x08006900   0x08006900   0x00000014   Code   RO         1425    .text.decamutexon   deca_mutex.o
    0x08006914   0x08006914   0x000009fc   Code   RO          959    .text.dw_main       dw_main.o
    0x08007310   0x08007310   0x00000490   Code   RO         1169    .text.dwt_calcbandwidthadj  deca_device.o
    0x080077a0   0x080077a0   0x00000022   Code   RO         1287    .text.dwt_checkidlerc  deca_device.o
    0x080077c2   0x080077c2   0x00000002   PAD
    0x080077c4   0x080077c4   0x0000010e   Code   RO         1273    .text.dwt_configciadiag  deca_device.o
    0x080078d2   0x080078d2   0x00000002   PAD
    0x080078d4   0x080078d4   0x00000476   Code   RO         1177    .text.dwt_configmrxlut  deca_device.o
    0x08007d4a   0x08007d4a   0x00000002   PAD
    0x08007d4c   0x08007d4c   0x00000d20   Code   RO         1183    .text.dwt_configure  deca_device.o
    0x08008a6c   0x08008a6c   0x00000154   Code   RO         1241    .text.dwt_configureframefilter  deca_device.o
    0x08008bc0   0x08008bc0   0x00000112   Code   RO         1167    .text.dwt_configuretxrf  deca_device.o
    0x08008cd2   0x08008cd2   0x00000002   PAD
    0x08008cd4   0x08008cd4   0x0000009e   Code   RO         1339    .text.dwt_disable_rf_tx  deca_device.o
    0x08008d72   0x08008d72   0x00000002   PAD
    0x08008d74   0x08008d74   0x00000054   Code   RO         1299    .text.dwt_forcetrxoff  deca_device.o
    0x08008dc8   0x08008dc8   0x000001bc   Code   RO         1541    .text.dwt_getrangebias  deca_range_tables.o
    0x08008f84   0x08008f84   0x00000bb0   Code   RO         1139    .text.dwt_initialise  deca_device.o
    0x08009b34   0x08009b34   0x000005f2   Code   RO         1289    .text.dwt_isr       deca_device.o
    0x0800a126   0x0800a126   0x00000002   PAD
    0x0800a128   0x0800a128   0x000000fa   Code   RO         1187    .text.dwt_pgf_cal   deca_device.o
    0x0800a222   0x0800a222   0x00000002   PAD
    0x0800a224   0x0800a224   0x00000110   Code   RO         1201    .text.dwt_readrxdata  deca_device.o
    0x0800a334   0x0800a334   0x00000044   Code   RO         1225    .text.dwt_readrxtimestamp  deca_device.o
    0x0800a378   0x0800a378   0x0000004e   Code   RO         1209    .text.dwt_readstsquality  deca_device.o
    0x0800a3c6   0x0800a3c6   0x00000002   PAD
    0x0800a3c8   0x0800a3c8   0x00000018   Code   RO         1215    .text.dwt_readtxtimestamp  deca_device.o
    0x0800a3e0   0x0800a3e0   0x0000026e   Code   RO         1189    .text.dwt_run_pgfcal  deca_device.o
    0x0800a64e   0x0800a64e   0x00000002   PAD
    0x0800a650   0x0800a650   0x000001ec   Code   RO         1303    .text.dwt_rxenable  deca_device.o
    0x0800a83c   0x0800a83c   0x00000068   Code   RO         1245    .text.dwt_setaddress16  deca_device.o
    0x0800a8a4   0x0800a8a4   0x0000002a   Code   RO         1283    .text.dwt_setcallbacks  deca_device.o
    0x0800a8ce   0x0800a8ce   0x00000002   PAD
    0x0800a8d0   0x0800a8d0   0x00000092   Code   RO         1295    .text.dwt_setdelayedtrxtime  deca_device.o
    0x0800a962   0x0800a962   0x00000002   PAD
    0x0800a964   0x0800a964   0x00000334   Code   RO         1145    .text.dwt_setdwstate  deca_device.o
    0x0800ac98   0x0800ac98   0x00000336   Code   RO         1309    .text.dwt_setinterrupt  deca_device.o
    0x0800afce   0x0800afce   0x00000002   PAD
    0x0800afd0   0x0800afd0   0x00000268   Code   RO         1291    .text.dwt_setleds   deca_device.o
    0x0800b238   0x0800b238   0x000000c6   Code   RO         1153    .text.dwt_setlnapamode  deca_device.o
    0x0800b2fe   0x0800b2fe   0x00000002   PAD
    0x0800b300   0x0800b300   0x00000068   Code   RO         1243    .text.dwt_setpanid  deca_device.o
    0x0800b368   0x0800b368   0x00000068   Code   RO         1307    .text.dwt_setpreambledetecttimeout  deca_device.o
    0x0800b3d0   0x0800b3d0   0x00000060   Code   RO         1191    .text.dwt_setrxantennadelay  deca_device.o
    0x0800b430   0x0800b430   0x00000138   Code   RO         1305    .text.dwt_setrxtimeout  deca_device.o
    0x0800b568   0x0800b568   0x00000068   Code   RO         1193    .text.dwt_settxantennadelay  deca_device.o
    0x0800b5d0   0x0800b5d0   0x00000372   Code   RO         1297    .text.dwt_starttx   deca_device.o
    0x0800b942   0x0800b942   0x00000002   PAD
    0x0800b944   0x0800b944   0x0000002e   Code   RO         1123    .text.dwt_write32bitoffsetreg  deca_device.o
    0x0800b972   0x0800b972   0x00000002   PAD
    0x0800b974   0x0800b974   0x000001c8   Code   RO         1195    .text.dwt_writetxdata  deca_device.o
    0x0800bb3c   0x0800bb3c   0x0000017a   Code   RO         1197    .text.dwt_writetxfctrl  deca_device.o
    0x0800bcb6   0x0800bcb6   0x00000002   PAD
    0x0800bcb8   0x0800bcb8   0x00000350   Code   RO         1111    .text.dwt_xfer3000  deca_device.o
    0x0800c008   0x0800c008   0x0000001e   Code   RO         1696    .text.e2prom_Init   e2prom.o
    0x0800c026   0x0800c026   0x00000002   PAD
    0x0800c028   0x0800c028   0x00000012   Code   RO         1497    .text.expr_on       port.o
    0x0800c03a   0x0800c03a   0x00000002   PAD
    0x0800c03c   0x0800c03c   0x00000022   Code   RO         1392    .text.final_msg_get_ts  shared_functions.o
    0x0800c05e   0x0800c05e   0x00000002   PAD
    0x0800c060   0x0800c060   0x00000010   Code   RO         1394    .text.final_msg_set_ts  shared_functions.o
    0x0800c070   0x0800c070   0x00000020   Code   RO          104    .text.fputc         usart.o
    0x0800c090   0x0800c090   0x00000334   Code   RO         1674    .text.gdoprate      trilateration.o
    0x0800c3c4   0x0800c3c4   0x0000001c   Code   RO         1390    .text.get_rx_timestamp_u64  shared_functions.o
    0x0800c3e0   0x0800c3e0   0x0000001c   Code   RO         1388    .text.get_tx_timestamp_u64  shared_functions.o
    0x0800c3fc   0x0800c3fc   0x000000a6   Code   RO         1639    .text.kalman_filter  kalman.o
    0x0800c4a2   0x0800c4a2   0x00000002   PAD
    0x0800c4a4   0x0800c4a4   0x00000056   Code   RO         1615    .text.lcd_display   ssd1306.o
    0x0800c4fa   0x0800c4fa   0x00000002   PAD
    0x0800c4fc   0x0800c4fc   0x00000074   Code   RO         1503    .text.led_off       port.o
    0x0800c570   0x0800c570   0x00000074   Code   RO         1501    .text.led_on        port.o
    0x0800c5e4   0x0800c5e4   0x00000068   Code   RO         1499    .text.led_toggle    port.o
    0x0800c64c   0x0800c64c   0x000000b6   Code   RO           11    .text.main          main.o
    0x0800c702   0x0800c702   0x00000002   PAD
    0x0800c704   0x0800c704   0x00000618   Code   RO          965    .text.parse_uart    dw_main.o
    0x0800cd1c   0x0800cd1c   0x00000014   Code   RO         1475    .text.portGetTickCnt  port.o
    0x0800cd30   0x0800cd30   0x00000018   Code   RO         1517    .text.port_DisableEXT_IRQ  port.o
    0x0800cd48   0x0800cd48   0x00000010   Code   RO         1519    .text.port_EnableEXT_IRQ  port.o
    0x0800cd58   0x0800cd58   0x00000010   Code   RO         1515    .text.port_GetEXT_IRQStatus  port.o
    0x0800cd68   0x0800cd68   0x00000010   Code   RO         1511    .text.port_set_dw_ic_spi_fastrate  port.o
    0x0800cd78   0x0800cd78   0x00000030   Code   RO         1513    .text.port_set_dwic_isr  port.o
    0x0800cda8   0x0800cda8   0x000003a8   Code   RO          963    .text.print_config  dw_main.o
    0x0800d150   0x0800d150   0x000000f6   Code   RO          961    .text.read_anc_coord  dw_main.o
    0x0800d246   0x0800d246   0x00000002   PAD
    0x0800d248   0x0800d248   0x000000dc   Code   RO         1355    .text.read_rx_power  deca_device.o
    0x0800d324   0x0800d324   0x0000006a   Code   RO         1460    .text.readfromspi   deca_spi.o
    0x0800d38e   0x0800d38e   0x00000002   PAD
    0x0800d390   0x0800d390   0x00000060   Code   RO         1487    .text.reset_DWIC    port.o
    0x0800d3f0   0x0800d3f0   0x00000130   Code   RO          955    .text.set_instance  dw_main.o
    0x0800d520   0x0800d520   0x0000006e   Code   RO         1489    .text.setup_DWICRSTnIRQ  port.o
    0x0800d58e   0x0800d58e   0x00000002   PAD
    0x0800d590   0x0800d590   0x00000302   Code   RO         1676    .text.sphereline    trilateration.o
    0x0800d892   0x0800d892   0x00000002   PAD
    0x0800d894   0x0800d894   0x00000018   Code   RO         1495    .text.switch_is_on  port.o
    0x0800d8ac   0x0800d8ac   0x0000099e   Code   RO         1065    .text.tag_app       instance_tag.o
    0x0800e24a   0x0800e24a   0x00000002   PAD
    0x0800e24c   0x0800e24c   0x0000000e   Code   RO         1071    .text.tag_rx_err_cb  instance_tag.o
    0x0800e25a   0x0800e25a   0x00000002   PAD
    0x0800e25c   0x0800e25c   0x00000022   Code   RO         1067    .text.tag_rx_ok_cb  instance_tag.o
    0x0800e27e   0x0800e27e   0x00000002   PAD
    0x0800e280   0x0800e280   0x0000000e   Code   RO         1069    .text.tag_rx_to_cb  instance_tag.o
    0x0800e28e   0x0800e28e   0x00000002   PAD
    0x0800e290   0x0800e290   0x0000000e   Code   RO         1073    .text.tag_tx_conf_cb  instance_tag.o
    0x0800e29e   0x0800e29e   0x00000002   PAD
    0x0800e2a0   0x0800e2a0   0x000013ce   Code   RO         1678    .text.trilateration  trilateration.o
    0x0800f66e   0x0800f66e   0x00000002   PAD
    0x0800f670   0x0800f670   0x0000005a   Code   RO         1477    .text.usleep        port.o
    0x0800f6ca   0x0800f6ca   0x00000002   PAD
    0x0800f6cc   0x0800f6cc   0x00000066   Code   RO         1458    .text.writetospi    deca_spi.o
    0x0800f732   0x0800f732   0x00000002   PAD
    0x0800f734   0x0800f734   0x00000086   Code   RO         1462    .text.writetospiwithcrc  deca_spi.o
    0x0800f7ba   0x0800f7ba   0x00000002   PAD
    0x0800f7bc   0x0800f7bc   0x00000020   Code   RO         2023    i.__0printf         mc_w.l(printfa.o)
    0x0800f7dc   0x0800f7dc   0x00000028   Code   RO         2025    i.__0sprintf        mc_w.l(printfa.o)
    0x0800f804   0x0800f804   0x00000008   Code   RO         2178    i.__aeabi_errno_addr  mc_w.l(errno.o)
    0x0800f80c   0x0800f80c   0x000000aa   Code   RO         2210    i.__kernel_poly     m_ws.l(poly.o)
    0x0800f8b6   0x0800f8b6   0x00000002   PAD
    0x0800f8b8   0x0800f8b8   0x00000010   Code   RO         2101    i.__mathlib_dbl_divzero  m_ws.l(dunder.o)
    0x0800f8c8   0x0800f8c8   0x00000006   Code   RO         2102    i.__mathlib_dbl_infnan  m_ws.l(dunder.o)
    0x0800f8ce   0x0800f8ce   0x0000000c   Code   RO         2104    i.__mathlib_dbl_invalid  m_ws.l(dunder.o)
    0x0800f8da   0x0800f8da   0x00000002   PAD
    0x0800f8dc   0x0800f8dc   0x0000000c   Code   RO         2179    i.__read_errno      mc_w.l(errno.o)
    0x0800f8e8   0x0800f8e8   0x0000000e   Code   RO         2230    i.__scatterload_copy  mc_w.l(handlers.o)
    0x0800f8f6   0x0800f8f6   0x00000002   Code   RO         2231    i.__scatterload_null  mc_w.l(handlers.o)
    0x0800f8f8   0x0800f8f8   0x0000000e   Code   RO         2232    i.__scatterload_zeroinit  mc_w.l(handlers.o)
    0x0800f906   0x0800f906   0x00000002   PAD
    0x0800f908   0x0800f908   0x0000000c   Code   RO         2180    i.__set_errno       mc_w.l(errno.o)
    0x0800f914   0x0800f914   0x00000184   Code   RO         2030    i._fp_digits        mc_w.l(printfa.o)
    0x0800fa98   0x0800fa98   0x0000000e   Code   RO         2221    i._is_digit         mc_w.l(scanf_fp.o)
    0x0800faa6   0x0800faa6   0x00000002   PAD
    0x0800faa8   0x0800faa8   0x000006dc   Code   RO         2031    i._printf_core      mc_w.l(printfa.o)
    0x08010184   0x08010184   0x00000024   Code   RO         2032    i._printf_post_padding  mc_w.l(printfa.o)
    0x080101a8   0x080101a8   0x0000002e   Code   RO         2033    i._printf_pre_padding  mc_w.l(printfa.o)
    0x080101d6   0x080101d6   0x0000000a   Code   RO         2035    i._sputc            mc_w.l(printfa.o)
    0x080101e0   0x080101e0   0x0000002c   Code   RO         1742    i.atof              m_ws.l(atof.o)
    0x0801020c   0x0801020c   0x0000035c   Code   RO         2116    i.log               m_ws.l(log.o)
    0x08010568   0x08010568   0x000000e4   Code   RO         1746    i.log10             m_ws.l(log10.o)
    0x0801064c   0x0801064c   0x00000024   Code   RO         1764    i.puts              mc_w.l(puts.o)
    0x08010670   0x08010670   0x0000004c   Code   RO         1754    i.sqrt              m_ws.l(sqrt.o)
    0x080106bc   0x080106bc   0x00000004   PAD
    0x080106c0   0x080106c0   0x00000038   Data   RO         2117    .constdata          m_ws.l(log.o)
    0x080106f8   0x080106f8   0x00000081   Data   RO         2151    .constdata          mc_w.l(ctype_o.o)
    0x08010779   0x08010779   0x00000003   PAD
    0x0801077c   0x0801077c   0x00000004   Data   RO         2152    .constdata          mc_w.l(ctype_o.o)
    0x08010780   0x08010780   0x00000008   Data   RO         2212    .constdata          m_ws.l(qnan.o)
    0x08010788   0x08010788   0x00000010   Data   RO          942    .rodata.AHBPrescTable  system_stm32f1xx.o
    0x08010798   0x08010798   0x00000008   Data   RO          943    .rodata.APBPrescTable  system_stm32f1xx.o
    0x080107a0   0x080107a0   0x0000076c   Data   RO         1562    .rodata.Font7x10    fonts.o
    0x08010f0c   0x08010f0c   0x00000002   Data   RO          411    .rodata.HAL_RCC_GetSysClockFreq.aPredivFactorTable  stm32f1xx_hal_rcc.o
    0x08010f0e   0x08010f0e   0x00000008   Data   RO         1543    .rodata.chan_idxnb  deca_range_tables.o
    0x08010f16   0x08010f16   0x00000008   Data   RO         1544    .rodata.chan_idxwb  deca_range_tables.o
    0x08010f1e   0x08010f1e   0x00000010   Data   RO          410    .rodata.cst16       stm32f1xx_hal_rcc.o
    0x08010f2e   0x08010f2e   0x00000094   Data   RO         1545    .rodata.range25cm16PRFnb  deca_range_tables.o
    0x08010fc2   0x08010fc2   0x00000088   Data   RO         1546    .rodata.range25cm16PRFwb  deca_range_tables.o
    0x0801104a   0x0801104a   0x00000068   Data   RO         1547    .rodata.range25cm64PRFnb  deca_range_tables.o
    0x080110b2   0x080110b2   0x00000076   Data   RO         1548    .rodata.range25cm64PRFwb  deca_range_tables.o
    0x08011128   0x08011128   0x000001d1   Data   RO         1001    .rodata.str1.1      dw_main.o
    0x080112f9   0x080112f9   0x00000003   PAD
    0x080112fc   0x080112fc   0x000000e1   Data   RO         1008    .rodata.str1.4      dw_main.o
    0x080113dd   0x080113dd   0x00000001   PAD
    0x080113de   0x080113de   0x0000000e   Data   RO         1359    .rodata.sts_length_factors  deca_device.o
    0x080113ec   0x080113ec   0x00000020   Data   RO         2228    Region$$Table       anon$$obj.o


    Execution Region RW_IRAM1 (Exec base: 0x20000000, Load base: 0x08011410, Size: 0x00001d40, Max: 0x00005000, ABSOLUTE)

    Exec Addr    Load Addr    Size         Type   Attr      Idx    E Section Name        Object

    0x20000000   0x08011410   0x00000004   Data   RW         1783    .data               mc_w.l(strtok.o)
    0x20000004   0x08011414   0x00000004   Data   RW         2139    .data               mc_w.l(stdout.o)
    0x20000008   0x08011418   0x00000004   Data   RW         2181    .data               mc_w.l(errno.o)
    0x2000000c   0x0801141c   0x00000018   Data   RW          987    .data.DW3000_init.config1  dw_main.o
    0x20000024   0x08011434   0x00000018   Data   RW          988    .data.DW3000_init.config2  dw_main.o
    0x2000003c   0x0801144c   0x0000000c   Data   RW          989    .data.DW3000_init.txconfig_options  dw_main.o
    0x20000048   0x08011458   0x00000008   Data   RW         1564    .data.Font_7x10     fonts.o
    0x20000050   0x08011460   0x00000004   Data   RW          941    .data.SystemCoreClock  system_stm32f1xx.o
    0x20000054   0x08011464   0x00000002   Data   RW          975    .data.ant_dly       dw_main.o
    0x20000056   0x08011466   0x00000001   Data   RW          970    .data.instance_mode  dw_main.o
    0x20000057   0x08011467   0x00000001   PAD
    0x20000058   0x08011468   0x00000004   Data   RW         1361    .data.pdw3000local  deca_device.o
    0x2000005c   0x0801146c   0x00000001   Data   RW         1081    .data.resp_expect   instance_tag.o
    0x2000005d   0x0801146d   0x00000001   Data   RW          969    .data.switch8       dw_main.o
    0x2000005e   0x0801146e   0x00000028   Data   RW         1090    .data.tx_final_msg  instance_tag.o
    0x20000086   0x08011496   0x0000001a   Data   RW         1078    .data.tx_poll_msg   instance_tag.o
    0x200000a0   0x080114b0   0x00000013   Data   RW         1049    .data.tx_resp_msg   instance_anchor.o
    0x200000b3   0x080114c3   0x0000000f   Data   RW         1043    .data.tx_sync_msg   instance_anchor.o
    0x200000c2   0x080114d2   0x00000002   PAD
    0x200000c4   0x080114d4   0x00000004   Data   RW          369    .data.uwTickFreq    stm32f1xx_hal.o
    0x200000c8   0x080114d8   0x00000004   Data   RW          368    .data.uwTickPrio    stm32f1xx_hal.o
    0x200000cc   0x080114dc   0x00000004   PAD
    0x200000d0        -       0x00000001   Zero   RW         1076    .bss.Correction_flag  instance_tag.o
    0x200000d1   0x080114dc   0x00000003   PAD
    0x200000d4        -       0x00000044   Zero   RW         1360    .bss.DW3000local    deca_device.o
    0x20000118        -       0x00000002   Zero   RW         1619    .bss.SSD1306.0      ssd1306.o
    0x2000011a        -       0x00000002   Zero   RW         1620    .bss.SSD1306.1      ssd1306.o
    0x2000011c        -       0x00000001   Zero   RW         1621    .bss.SSD1306.2      ssd1306.o
    0x2000011d   0x080114dc   0x00000003   PAD
    0x20000120        -       0x00000418   Zero   RW         1618    .bss.SSD1306_Buffer  ssd1306.o
    0x20000538        -       0x000000c8   Zero   RW         1014    .bss.UART_RX_BUF    dw_main.o
    0x20000600        -       0x00000001   Zero   RW         1730    .bss.USE_CW2015     cw2015.o
    0x20000601        -       0x00000001   Zero   RW         1706    .bss.USE_EXT_EEPROM  e2prom.o
    0x20000602        -       0x00000001   Zero   RW         1015    .bss.USE_IMU        dw_main.o
    0x20000603        -       0x00000001   Zero   RW         1617    .bss.USE_OLED       ssd1306.o
    0x20000604        -       0x00000001   Zero   RW          977    .bss.alarm          dw_main.o
    0x20000605        -       0x00000001   Zero   RW          983    .bss.anc_id         dw_main.o
    0x20000606   0x080114dc   0x00000002   PAD
    0x20000608        -       0x000000c0   Zero   RW         1007    .bss.anchorArray    dw_main.o
    0x200006c8        -       0x00000004   Zero   RW         1042    .bss.anchor_app.next_sync_time  instance_anchor.o
    0x200006cc        -       0x00000001   Zero   RW          980    .bss.ancrange_count  dw_main.o
    0x200006cd        -       0x00000001   Zero   RW          979    .bss.ancrange_flag  dw_main.o
    0x200006ce        -       0x00000001   Zero   RW          978    .bss.battery        dw_main.o
    0x200006cf        -       0x00000100   Zero   RW         1362    .bss.crcTable       deca_device.o
    0x200007cf        -       0x00000001   Zero   RW          982    .bss.dev_id         dw_main.o
    0x200007d0        -       0x00000004   Zero   RW         1077    .bss.diff_time      instance_tag.o
    0x200007d4   0x080114dc   0x00000004   PAD
    0x200007d8        -       0x00000008   Zero   RW         1017    .bss.distance_now_m  dw_main.o
    0x200007e0        -       0x00000004   Zero   RW         1000    .bss.distance_offset_cm  dw_main.o
    0x200007e4        -       0x00000020   Zero   RW         1003    .bss.distance_report  dw_main.o
    0x20000804        -       0x00000002   Zero   RW         1002    .bss.dw_main.fn     dw_main.o
    0x20000806   0x080114dc   0x00000002   PAD
    0x20000808        -       0x00000008   Zero   RW         1009    .bss.dw_main.printLCDTWRReports  dw_main.o
    0x20000810        -       0x00000004   Zero   RW         1010    .bss.dw_main.toggle  dw_main.o
    0x20000814   0x080114dc   0x00000004   PAD
    0x20000818        -       0x00000008   Zero   RW         1053    .bss.final_rx_ts    instance_anchor.o
    0x20000820        -       0x00000008   Zero   RW         1089    .bss.final_tx_ts    instance_tag.o
    0x20000828        -       0x00000001   Zero   RW          972    .bss.frame_seq_nb   dw_main.o
    0x20000829        -       0x00000001   Zero   RW          985    .bss.group_id       dw_main.o
    0x2000082a   0x080114dc   0x00000002   PAD
    0x2000082c        -       0x00000020   Zero   RW         1011    .bss.group_report   dw_main.o
    0x2000084c        -       0x00000048   Zero   RW          113    .bss.hdma_usart2_rx  usart.o
    0x20000894        -       0x00000048   Zero   RW          114    .bss.hdma_usart2_tx  usart.o
    0x200008dc        -       0x0000005c   Zero   RW           61    .bss.hi2c1          i2c.o
    0x20000938        -       0x0000000c   Zero   RW           75    .bss.hiwdg          iwdg.o
    0x20000944        -       0x0000005c   Zero   RW           92    .bss.hspi1          spi.o
    0x200009a0        -       0x0000004c   Zero   RW          112    .bss.huart2         usart.o
    0x200009ec        -       0x00000001   Zero   RW          992    .bss.inst_ch        dw_main.o
    0x200009ed        -       0x00000001   Zero   RW          991    .bss.inst_dataRate  dw_main.o
    0x200009ee   0x080114dc   0x00000002   PAD
    0x200009f0        -       0x00000004   Zero   RW          997    .bss.inst_data_interval  dw_main.o
    0x200009f4        -       0x00000004   Zero   RW          995    .bss.inst_final_rx_timeout  dw_main.o
    0x200009f8        -       0x00000001   Zero   RW          994    .bss.inst_one_slot_time  dw_main.o
    0x200009f9   0x080114dc   0x00000007   PAD
    0x20000a00        -       0x00000008   Zero   RW          998    .bss.inst_poll2final_time  dw_main.o
    0x20000a08        -       0x00000001   Zero   RW          993    .bss.inst_prf       dw_main.o
    0x20000a09   0x080114dc   0x00000003   PAD
    0x20000a0c        -       0x00000004   Zero   RW          996    .bss.inst_resp_rx_timeout  dw_main.o
    0x20000a10        -       0x00000002   Zero   RW          990    .bss.inst_slot_number  dw_main.o
    0x20000a12   0x080114dc   0x00000002   PAD
    0x20000a14        -       0x00000100   Zero   RW         1646    .bss.kalman_filter.kalman  kalman.o
    0x20000b14        -       0x0000000a   Zero   RW          984    .bss.lcd_data       dw_main.o
    0x20000b1e        -       0x00000001   Zero   RW         1093    .bss.led_flag       instance_tag.o
    0x20000b1f   0x080114dc   0x00000001   PAD
    0x20000b20        -       0x00000004   Zero   RW         1092    .bss.led_time       instance_tag.o
    0x20000b24        -       0x00000004   Zero   RW         1075    .bss.next_period_time  instance_tag.o
    0x20000b28        -       0x00000008   Zero   RW         1046    .bss.poll_rx_ts     instance_anchor.o
    0x20000b30        -       0x00000008   Zero   RW         1080    .bss.poll_tx_ts     instance_tag.o
    0x20000b38        -       0x00000004   Zero   RW         1529    .bss.port_dwic_isr  port.o
    0x20000b3c        -       0x00000040   Zero   RW         1050    .bss.prev_range     instance_anchor.o
    0x20000b7c        -       0x00000001   Zero   RW          973    .bss.range_nb       dw_main.o
    0x20000b7d        -       0x00000001   Zero   RW          974    .bss.range_status   dw_main.o
    0x20000b7e   0x080114dc   0x00000002   PAD
    0x20000b80        -       0x00000004   Zero   RW         1005    .bss.range_time     dw_main.o
    0x20000b84        -       0x00000001   Zero   RW         1016    .bss.recv_anc_id    dw_main.o
    0x20000b85        -       0x00000001   Zero   RW         1004    .bss.recv_tag_id    dw_main.o
    0x20000b86   0x080114dc   0x00000002   PAD
    0x20000b88        -       0x00000020   Zero   RW         1087    .bss.resp_rx_ts     instance_tag.o
    0x20000ba8        -       0x00000008   Zero   RW         1052    .bss.resp_tx_ts     instance_anchor.o
    0x20000bb0        -       0x00000001   Zero   RW         1051    .bss.resp_valid     instance_anchor.o
    0x20000bb1        -       0x00000001   Zero   RW         1082    .bss.resp_valid     instance_tag.o
    0x20000bb2        -       0x00000001   Zero   RW         1048    .bss.rr             instance_anchor.o
    0x20000bb3        -       0x0000007f   Zero   RW         1045    .bss.rx_buffer      instance_anchor.o
    0x20000c32   0x080114dc   0x00000002   PAD
    0x20000c34        -       0x0000007f   Zero   RW         1083    .bss.rx_buffer      instance_tag.o
    0x20000cb3   0x080114dc   0x00000001   PAD
    0x20000cb4        -       0x00000004   Zero   RW         1006    .bss.rx_power       dw_main.o
    0x20000cb8        -       0x00000001   Zero   RW         1040    .bss.rx_status      instance_anchor.o
    0x20000cb9        -       0x00000001   Zero   RW         1084    .bss.rx_status      instance_tag.o
    0x20000cba   0x080114dc   0x00000002   PAD
    0x20000cbc        -       0x00000004   Zero   RW         1528    .bss.signalResetDone  port.o
    0x20000cc0        -       0x00000001   Zero   RW          976    .bss.sos            dw_main.o
    0x20000cc1        -       0x00000001   Zero   RW         1047    .bss.sr             instance_anchor.o
    0x20000cc2        -       0x00000001   Zero   RW          971    .bss.state          dw_main.o
    0x20000cc3   0x080114dc   0x00000001   PAD
    0x20000cc4        -       0x00000002   Zero   RW         1041    .bss.stsqual        instance_anchor.o
    0x20000cc6   0x080114dc   0x00000002   PAD
    0x20000cc8        -       0x00000004   Zero   RW         1527    .bss.sys_time_diff  port.o
    0x20000ccc        -       0x00000004   Zero   RW         1088    .bss.tagSleepCorrection_ms  instance_tag.o
    0x20000cd0        -       0x00000001   Zero   RW         1086    .bss.tag_app.no_resp_count  instance_tag.o
    0x20000cd1   0x080114dc   0x00000003   PAD
    0x20000cd4        -       0x00000004   Zero   RW         1091    .bss.tag_app.nowtime  instance_tag.o
    0x20000cd8        -       0x00000001   Zero   RW         1085    .bss.tag_app.resp_recved  instance_tag.o
    0x20000cd9        -       0x00000001   Zero   RW          986    .bss.tag_id         dw_main.o
    0x20000cda        -       0x00000001   Zero   RW          981    .bss.target_ancid   dw_main.o
    0x20000cdb        -       0x00000001   Zero   RW         1018    .bss.temp_dev_id    dw_main.o
    0x20000cdc        -       0x00000004   Zero   RW          999    .bss.tx_power       dw_main.o
    0x20000ce0        -       0x00000001   Zero   RW         1044    .bss.tx_status      instance_anchor.o
    0x20000ce1        -       0x00000001   Zero   RW         1079    .bss.tx_status      instance_tag.o
    0x20000ce2   0x080114dc   0x00000002   PAD
    0x20000ce4        -       0x00000004   Zero   RW         1013    .bss.uart_rx_len    dw_main.o
    0x20000ce8        -       0x00000028   Zero   RW         1012    .bss.user_data      dw_main.o
    0x20000d10        -       0x00000004   Zero   RW          370    .bss.uwTick         stm32f1xx_hal.o
    0x20000d14        -       0x00000028   Zero   RW         1684    .bss.valid_anc_num  trilateration.o
    0x20000d3c   0x080114dc   0x00000004   PAD
    0x20000d40        -       0x00001000   Zero   RW            1    STACK               startup_stm32f103xb.o


==============================================================================

Image component sizes


      Code (inc. data)   RO Data    RW Data    ZI Data      Debug   Object Name

        46          0          0          0          1       2139   cw2015.o
     19664         44         14          4        324     217923   deca_device.o
        30          0          0          0          0        777   deca_mutex.o
       444          0        522          0          0       2236   deca_range_tables.o
         4          0          0          0          0        665   deca_sleep.o
       342          0          0          0          0       2874   deca_spi.o
        68          0          0          0          0       2069   dma.o
      6960        576        690         64        592      13012   dw_main.o
       386          0          0          0          1       2869   e2prom.o
         0          0       1900          8          0       1342   fonts.o
       428          0          0          0          0       3071   gpio.o
       170          0          0          0         92       4819   i2c.o
      2660         28          0         34        226       6571   instance_anchor.o
      2538          6          0         67        202       5745   instance_tag.o
        48          0          0          0         12       1234   iwdg.o
       166          0          0          0        256       2199   kalman.o
       184          0          0          0          0       2049   main.o
       896         12          0          0         12       9301   port.o
       106          0          0          0          0       4875   shared_functions.o
       200          0          0          0         92       4628   spi.o
      1254          0          0          0       1054      16414   ssd1306.o
        36          8        236          0       4096        768   startup_stm32f103xb.o
       192          0          0          8          4       6397   stm32f1xx_hal.o
       288          0          0          0          0       8743   stm32f1xx_hal_cortex.o
       894          0          0          0          0       7252   stm32f1xx_hal_dma.o
       610         20          0          0          0       4713   stm32f1xx_hal_gpio.o
      4158          0          0          0          0      47497   stm32f1xx_hal_i2c.o
       100          0          0          0          0       1674   stm32f1xx_hal_iwdg.o
        66          0          0          0          0       1327   stm32f1xx_hal_msp.o
      1528          0         18          0          0       8227   stm32f1xx_hal_rcc.o
      1258          0          0          0          0      22290   stm32f1xx_hal_spi.o
      1950          0          0          0          0      21944   stm32f1xx_hal_uart.o
       124          0          0          0          0       2170   stm32f1xx_it.o
         2          0         24          4          0       1700   system_stm32f1xx.o
      9106          0          0          0         40      24761   trilateration.o
       350          0          0          0        220       6180   usart.o

    ----------------------------------------------------------------------
     57428        694       3440        192       7284     472455   Object Totals
         0          0         32          0          0          0   (incl. Generated)
       172          0          4          3         60          0   (incl. Padding)

    ----------------------------------------------------------------------

      Code (inc. data)   RO Data    RW Data    ZI Data      Debug   Library Member Name

        44          0          0          0          0         84   atof.o
        34          4          0          0          0        204   dunder.o
       860         52         56          0          0        256   log.o
       228         30          0          0          0        120   log10.o
       170          0          0          0          0         96   poly.o
         0          0          8          0          0          0   qnan.o
        76          0          0          0          0         84   sqrt.o
        56          8          0          0          0         84   __0sscanf.o
        28          0          0          0          0         68   _chval.o
       812          4          0          0          0        112   _scanf.o
       332          0          0          0          0         96   _scanf_int.o
        64          0          0          0          0         84   _sgetc.o
       158          0          0          0          0         92   _strtoul.o
        26          0          0          0          0         80   atoi.o
         8          4        133          0          0         68   ctype_o.o
         0          0          0          0          0          0   entry.o
         0          0          0          0          0          0   entry10a.o
         0          0          0          0          0          0   entry11a.o
         8          4          0          0          0          0   entry2.o
         4          0          0          0          0          0   entry5.o
         0          0          0          0          0          0   entry7b.o
         0          0          0          0          0          0   entry8b.o
         8          4          0          0          0          0   entry9a.o
        32         16          0          4          0        204   errno.o
        30          0          0          0          0          0   handlers.o
        36          8          0          0          0         68   init.o
        18          0          0          0          0         76   isspace_o.o
         0          0          0          0          0          0   iusefp.o
        30          0          0          0          0         68   llshl.o
        36          0          0          0          0         68   llsshr.o
        32          0          0          0          0         68   llushr.o
        36          0          0          0          0         68   memcpya.o
        36          0          0          0          0        108   memseta.o
      2308         96          0          0          0        604   printfa.o
        36          6          0          0          0         80   puts.o
        40          8          0          0          0         84   scanf_char.o
       878         12          0          0          0        216   scanf_fp.o
         0          0          0          4          0          0   stdout.o
        24          0          0          0          0         68   strcat.o
        20          0          0          0          0         68   strchr.o
        28          0          0          0          0         76   strcmp.o
        18          0          0          0          0         68   strcpy.o
        14          0          0          0          0         68   strlen.o
       168         12          0          0          0        124   strtod.o
        68          6          0          4          0         80   strtok.o
       112          0          0          0          0         88   strtol.o
        44          0          0          0          0         80   uidiv.o
        98          0          0          0          0         92   uldiv.o
        48          0          0          0          0         68   cdcmple.o
        48          0          0          0          0         68   cdrcmple.o
        56          0          0          0          0         88   d2f.o
       334          0          0          0          0        148   dadd.o
        56          0          0          0          0         80   dcmpeq.o
        54          0          0          0          0         80   dcmpge.o
        54          0          0          0          0         80   dcmpgt.o
        54          0          0          0          0         80   dcmple.o
        54          0          0          0          0         80   dcmplt.o
       222          0          0          0          0        100   ddiv.o
       186          0          0          0          0        176   depilogue.o
        62          0          0          0          0         80   dfixi.o
        74          0          0          0          0         80   dfixl.o
        48          0          0          0          0         68   dfixul.o
        34          0          0          0          0         76   dflti.o
        26          0          0          0          0         76   dfltui.o
        24          0          0          0          0         76   dfltul.o
       228          0          0          0          0         96   dmul.o
        46          0          0          0          0         80   dscalb.o
       162          0          0          0          0        100   dsqrt.o
        38          0          0          0          0         68   f2d.o
       176          0          0          0          0        140   fadd.o
        28          0          0          0          0         68   fcmpeq.o
       124          0          0          0          0         88   fdiv.o
       110          0          0          0          0        168   fepilogue.o
        50          0          0          0          0         68   ffixi.o
        18          0          0          0          0         68   fflti.o
        10          0          0          0          0         68   ffltui.o
       100          0          0          0          0         76   fmul.o

    ----------------------------------------------------------------------
      9600        274        200         12          0       6644   Library Totals
        18          0          3          0          0          0   (incl. Padding)

    ----------------------------------------------------------------------

      Code (inc. data)   RO Data    RW Data    ZI Data      Debug   Library Name

      1412         86         64          0          0        844   m_ws.l
      5646        188        133         12          0       3208   mc_w.l
      2524          0          0          0          0       2592   mf_w.l

    ----------------------------------------------------------------------
      9600        274        200         12          0       6644   Library Totals

    ----------------------------------------------------------------------

==============================================================================


      Code (inc. data)   RO Data    RW Data    ZI Data      Debug   

     67028        968       3640        204       7284     474979   Grand Totals
     67028        968       3640        204       7284     474979   ELF Image Totals
     67028        968       3640        204          0          0   ROM Totals

==============================================================================

    Total RO  Size (Code + RO Data)                70668 (  69.01kB)
    Total RW  Size (RW Data + ZI Data)              7488 (   7.31kB)
    Total ROM Size (Code + RO Data + RW Data)      70872 (  69.21kB)

==============================================================================

